Component: Arm Compiler for Embedded 6.24 Tool: armlink [5f371500]

==============================================================================

Section Cross References

    divider.o(.text.hw_divider_divmod_s32) refers to divider.o(.text.hw_divider_divmod_return) for hw_divider_divmod_return
    divider.o(.text.hw_divider_divmod_u32) refers to divider.o(.text.hw_divider_divmod_return) for hw_divider_divmod_return
    irq_handler_chain.o(.data) refers to lto-llvm-4e186d.o(.text.irq_add_tail_to_free_list) for irq_add_tail_to_free_list
    acosf.o(i.__softfp_acosf) refers (Special) to iusefp.o(.text) for __I$use$fp
    acosf.o(i.__softfp_acosf) refers to acosf.o(i.acosf) for acosf
    acosf.o(i.acosf) refers (Special) to iusefp.o(.text) for __I$use$fp
    acosf.o(i.acosf) refers to fadd.o(.text) for __aeabi_frsub
    acosf.o(i.acosf) refers to fscalb.o(.text) for __ARM_scalbnf
    acosf.o(i.acosf) refers to sqrtf.o(i.sqrtf) for sqrtf
    acosf.o(i.acosf) refers to fmul.o(.text) for __aeabi_fmul
    acosf.o(i.acosf) refers to funder.o(i.__mathlib_flt_infnan) for __mathlib_flt_infnan
    acosf.o(i.acosf) refers to errno.o(i.__set_errno) for __set_errno
    acosf.o(i.acosf) refers to funder.o(i.__mathlib_flt_invalid) for __mathlib_flt_invalid
    asinf.o(i.__softfp_asinf) refers (Special) to iusefp.o(.text) for __I$use$fp
    asinf.o(i.__softfp_asinf) refers to asinf.o(i.asinf) for asinf
    asinf.o(i.asinf) refers (Special) to iusefp.o(.text) for __I$use$fp
    asinf.o(i.asinf) refers to fadd.o(.text) for __aeabi_frsub
    asinf.o(i.asinf) refers to fscalb.o(.text) for __ARM_scalbnf
    asinf.o(i.asinf) refers to sqrtf.o(i.sqrtf) for sqrtf
    asinf.o(i.asinf) refers to fmul.o(.text) for __aeabi_fmul
    asinf.o(i.asinf) refers to fpclassifyf.o(i.__ARM_fpclassifyf) for __ARM_fpclassifyf
    asinf.o(i.asinf) refers to funder.o(i.__mathlib_flt_underflow) for __mathlib_flt_underflow
    asinf.o(i.asinf) refers to funder.o(i.__mathlib_flt_infnan) for __mathlib_flt_infnan
    asinf.o(i.asinf) refers to errno.o(i.__set_errno) for __set_errno
    asinf.o(i.asinf) refers to funder.o(i.__mathlib_flt_invalid) for __mathlib_flt_invalid
    atan2f.o(i.__softfp_atan2f) refers (Special) to iusefp.o(.text) for __I$use$fp
    atan2f.o(i.__softfp_atan2f) refers to atan2f.o(i.atan2f) for atan2f
    atan2f.o(i.atan2f) refers (Special) to iusefp.o(.text) for __I$use$fp
    atan2f.o(i.atan2f) refers to fdiv.o(.text) for __aeabi_fdiv
    atan2f.o(i.atan2f) refers to fpclassifyf.o(i.__ARM_fpclassifyf) for __ARM_fpclassifyf
    atan2f.o(i.atan2f) refers to funder.o(i.__mathlib_flt_underflow) for __mathlib_flt_underflow
    atan2f.o(i.atan2f) refers to errno.o(i.__set_errno) for __set_errno
    atan2f.o(i.atan2f) refers to fadd.o(.text) for __aeabi_fsub
    atan2f.o(i.atan2f) refers to fmul.o(.text) for __aeabi_fmul
    atan2f.o(i.atan2f) refers to funder.o(i.__mathlib_flt_infnan2) for __mathlib_flt_infnan2
    cosf.o(i.__softfp_cosf) refers (Special) to iusefp.o(.text) for __I$use$fp
    cosf.o(i.__softfp_cosf) refers to cosf.o(i.cosf) for cosf
    cosf.o(i.cosf) refers (Special) to iusefp.o(.text) for __I$use$fp
    cosf.o(i.cosf) refers to fmul.o(.text) for __aeabi_fmul
    cosf.o(i.cosf) refers to frnd.o(.text) for _frnd
    cosf.o(i.cosf) refers to ffixi.o(.text) for __aeabi_f2iz
    cosf.o(i.cosf) refers to fadd.o(.text) for __aeabi_frsub
    cosf.o(i.cosf) refers to rredf.o(i.__mathlib_rredf2) for __mathlib_rredf2
    cosf.o(i.cosf) refers to errno.o(i.__set_errno) for __set_errno
    cosf.o(i.cosf) refers to funder.o(i.__mathlib_flt_invalid) for __mathlib_flt_invalid
    cosf.o(i.cosf) refers to funder.o(i.__mathlib_flt_infnan) for __mathlib_flt_infnan
    sinf.o(i.__softfp_sinf) refers (Special) to iusefp.o(.text) for __I$use$fp
    sinf.o(i.__softfp_sinf) refers to sinf.o(i.sinf) for sinf
    sinf.o(i.sinf) refers (Special) to iusefp.o(.text) for __I$use$fp
    sinf.o(i.sinf) refers to fmul.o(.text) for __aeabi_fmul
    sinf.o(i.sinf) refers to frnd.o(.text) for _frnd
    sinf.o(i.sinf) refers to ffixi.o(.text) for __aeabi_f2iz
    sinf.o(i.sinf) refers to fadd.o(.text) for __aeabi_frsub
    sinf.o(i.sinf) refers to rredf.o(i.__mathlib_rredf2) for __mathlib_rredf2
    sinf.o(i.sinf) refers to fpclassifyf.o(i.__ARM_fpclassifyf) for __ARM_fpclassifyf
    sinf.o(i.sinf) refers to funder.o(i.__mathlib_flt_underflow) for __mathlib_flt_underflow
    sinf.o(i.sinf) refers to errno.o(i.__set_errno) for __set_errno
    sinf.o(i.sinf) refers to funder.o(i.__mathlib_flt_invalid) for __mathlib_flt_invalid
    sinf.o(i.sinf) refers to funder.o(i.__mathlib_flt_infnan) for __mathlib_flt_infnan
    sqrtf.o(i.__softfp_sqrtf) refers (Special) to iusefp.o(.text) for __I$use$fp
    sqrtf.o(i.__softfp_sqrtf) refers to fsqrt.o(.text) for _fsqrt
    sqrtf.o(i.__softfp_sqrtf) refers to errno.o(i.__set_errno) for __set_errno
    sqrtf.o(i.sqrtf) refers (Special) to iusefp.o(.text) for __I$use$fp
[...]
    [Anonymous Symbol]                       0x20001eac   Section        0  lto-llvm-4e186d.o(.bss.rf0.2)
    sleep_notifier                           0x20001eb0   Data           4  lto-llvm-4e186d.o(.bss.sleep_notifier)
    [Anonymous Symbol]                       0x20001eb0   Section        0  lto-llvm-4e186d.o(.bss.sleep_notifier)
    stdout_putchar.buffer.261                0x20001eb4   Data           8  lto-llvm-4e186d.o(.bss.stdout_putchar.buffer.261)
    [Anonymous Symbol]                       0x20001eb4   Section        0  lto-llvm-4e186d.o(.bss.stdout_putchar.buffer.261)
    stdout_putchar.index.258                 0x20001ebc   Data           4  lto-llvm-4e186d.o(.bss.stdout_putchar.index.258)
    [Anonymous Symbol]                       0x20001ebc   Section        0  lto-llvm-4e186d.o(.bss.stdout_putchar.index.258)
    sysTickMs                                0x20001ec0   Data           4  lto-llvm-4e186d.o(.bss.sysTickMs)
    [Anonymous Symbol]                       0x20001ec0   Section        0  lto-llvm-4e186d.o(.bss.sysTickMs)
    target_hi                                0x20001ec4   Data          16  lto-llvm-4e186d.o(.bss.target_hi)
    [Anonymous Symbol]                       0x20001ec4   Section        0  lto-llvm-4e186d.o(.bss.target_hi)
    thigh                                    0x20001ed4   Data           8  lto-llvm-4e186d.o(.bss.thigh)
    [Anonymous Symbol]                       0x20001ed4   Section        0  lto-llvm-4e186d.o(.bss.thigh)
    timer_1ms                                0x20001ee0   Data          24  lto-llvm-4e186d.o(.bss.timer_1ms)
    [Anonymous Symbol]                       0x20001ee0   Section        0  lto-llvm-4e186d.o(.bss.timer_1ms)
    timer_20ms                               0x20001ef8   Data          24  lto-llvm-4e186d.o(.bss.timer_20ms)
    [Anonymous Symbol]                       0x20001ef8   Section        0  lto-llvm-4e186d.o(.bss.timer_20ms)
    timer_callbacks_pending                  0x20001f10   Data           1  lto-llvm-4e186d.o(.bss.timer_callbacks_pending)
    [Anonymous Symbol]                       0x20001f10   Section        0  lto-llvm-4e186d.o(.bss.timer_callbacks_pending)
    EventBuffer                              0x20001f40   Data        1024  lto-llvm-4e186d.o(.bss.noinit)
    [Anonymous Symbol]                       0x20001f40   Section        0  lto-llvm-4e186d.o(.bss.noinit)
    EventFilter                              0x20002340   Data         128  lto-llvm-4e186d.o(.bss.noinit)
    EventStatus                              0x200023c0   Data          36  lto-llvm-4e186d.o(.bss.noinit)

    Global Symbols

    Symbol Name                              Value     Ov Type        Size  Object(Section)

    BuildAttributes$$THM_ISAv3M$S$PE$A:L22$X:L11$S22$IEEE1$IW$USESV6$~STKCKD$USESV7$~SHL$OTIME$ROPI$IEEEX$EBA8$MICROLIB$REQ8$EABIv2 0x00000000   Number         0  anon$$obj.o ABSOLUTE
    __use_no_errno                           0x00000000   Number         0  useno.o ABSOLUTE
    __use_no_exception_handling              0x00000000   Number         0  useno.o ABSOLUTE
    __use_no_fp                              0x00000000   Number         0  useno.o ABSOLUTE
    __use_no_heap                            0x00000000   Number         0  useno.o ABSOLUTE
    __use_no_heap_region                     0x00000000   Number         0  useno.o ABSOLUTE
    __use_no_semihosting                     0x00000000   Number         0  useno.o ABSOLUTE
    __use_no_semihosting_swi                 0x00000000   Number         0  useno.o ABSOLUTE
    __use_no_signal_handling                 0x00000000   Number         0  useno.o ABSOLUTE
    __cxa_finalize                            - Undefined Weak Reference
    _clock_init                               - Undefined Weak Reference
    _microlib_exit                            - Undefined Weak Reference
    _stage2_boot                             0x10000001   Thumb Code     0  compile_time_choice.o(.text)
    read_flash_sreg                          0x100000bd   Thumb Code     0  compile_time_choice.o(.text)
    literals                                 0x100000cc   Number         0  compile_time_choice.o(.text)
    __Vectors                                0x10000100   Data         192  lto-llvm-4e186d.o(RESET)
    __main                                   0x100001c1   Thumb Code     0  entry.o(.ARM.Collect$$$$00000000)
    _main_stk                                0x100001c1   Thumb Code     0  entry4.o(.ARM.Collect$$$$00000003)
    _main_scatterload                        0x100001c5   Thumb Code     0  entry5.o(.ARM.Collect$$$$00000004)
    __main_after_scatterload                 0x100001c9   Thumb Code     0  entry5.o(.ARM.Collect$$$$00000004)
    _main_clock                              0x100001c9   Thumb Code     0  entry7b.o(.ARM.Collect$$$$00000008)
    _main_cpp_init$empty                     0x100001c9   Thumb Code     0  entry8a.o(.ARM.Collect$$$$00000009)
    _main_cpp_init                           0x100001cd   Thumb Code     0  entry8b.o(.ARM.Collect$$$$0000000A)
    _main_init                               0x100001cd   Thumb Code     0  entry9a.o(.ARM.Collect$$$$0000000B)
    __rt_final_cpp                           0x100001d5   Thumb Code     0  entry10a.o(.ARM.Collect$$$$0000000D)
    __rt_final_exit                          0x100001d5   Thumb Code     0  entry11a.o(.ARM.Collect$$$$0000000F)
    sscanf                                   0x100001d9   Thumb Code    50  sscanf.o(.text)
    __aeabi_uldivmod                         0x10000215   Thumb Code    96  uldiv.o(.text)
    __aeabi_memcpy                           0x10000275   Thumb Code    36  memcpya.o(.text)
    __aeabi_memcpy4                          0x10000275   Thumb Code     0  memcpya.o(.text)
    __aeabi_memcpy8                          0x10000275   Thumb Code     0  memcpya.o(.text)
    _scanf_longlong                          0x10000299   Thumb Code   330  _scanf_longlong.o(.text)
    _scanf_int                               0x100003e3   Thumb Code   330  _scanf_int.o(.text)
    _scanf_string                            0x1000052d   Thumb Code   232  _scanf_str.o(.text)
    _scanf_real                              0x10000733   Thumb Code     0  scanf_fp.o(.text)
    _scanf_really_real                       0x10000733   Thumb Code   584  scanf_fp.o(.text)
    __vfscanf_char                           0x10000995   Thumb Code    24  scanf_char.o(.text)
    _sgetc                                   0x100009b5   Thumb Code    32  _sgetc.o(.text)
    _sbackspace                              0x100009d5   Thumb Code    36  _sgetc.o(.text)
    __I$use$fp                               0x100009f9   Thumb Code     0  iusefp.o(.text)
    __aeabi_fadd                             0x100009f9   Thumb Code   162  fadd.o(.text)
    __aeabi_fsub                             0x10000a9b   Thumb Code     8  fadd.o(.text)
    __aeabi_frsub                            0x10000aa3   Thumb Code     8  fadd.o(.text)
    __aeabi_fmul                             0x10000aab   Thumb Code   122  fmul.o(.text)
    __aeabi_fdiv                             0x10000b25   Thumb Code   124  fdiv.o(.text)
    __ARM_scalbnf                            0x10000ba1   Thumb Code    24  fscalb.o(.text)
    scalbnf                                  0x10000ba1   Thumb Code     0  fscalb.o(.text)
    _fsqrt                                   0x10000bb9   Thumb Code    88  fsqrt.o(.text)
    _frnd                                    0x10000c11   Thumb Code    62  frnd.o(.text)
    __aeabi_dadd                             0x10000c51   Thumb Code   328  dadd.o(.text)
    __aeabi_dsub                             0x10000d99   Thumb Code    12  dadd.o(.text)
    __aeabi_drsub                            0x10000da5   Thumb Code    12  dadd.o(.text)
    __aeabi_dmul                             0x10000db5   Thumb Code   202  dmul.o(.text)
    __aeabi_ddiv                             0x10000e85   Thumb Code   234  ddiv.o(.text)
    __aeabi_f2iz                             0x10000f75   Thumb Code    50  ffixi.o(.text)
    __aeabi_d2ulz                            0x10000fa9   Thumb Code    54  dfixul.o(.text)
    __aeabi_cdrcmple                         0x10000fe9   Thumb Code    38  cdrcmple.o(.text)
    __scatterload                            0x10001011   Thumb Code    38  init.o(.text)
    __scatterload_rt2                        0x10001011   Thumb Code     0  init.o(.text)
    __aeabi_uidiv                            0x10001041   Thumb Code     0  uidiv_div0.o(.text)
    __aeabi_uidivmod                         0x10001041   Thumb Code    62  uidiv_div0.o(.text)
    __aeabi_idiv                             0x10001081   Thumb Code     0  idiv_div0.o(.text)
    __aeabi_idivmod                          0x10001081   Thumb Code    74  idiv_div0.o(.text)
    __aeabi_lmul                             0x100010d1   Thumb Code    48  llmul.o(.text)
    _ll_mul                                  0x100010d1   Thumb Code     0  llmul.o(.text)
    __aeabi_llsl                             0x10001101   Thumb Code    32  llshl.o(.text)
    _ll_shift_l                              0x10001101   Thumb Code     0  llshl.o(.text)
    __aeabi_llsr                             0x10001121   Thumb Code    34  llushr.o(.text)
    _ll_ushift_r                             0x10001121   Thumb Code     0  llushr.o(.text)
    __aeabi_lasr                             0x10001143   Thumb Code    38  llsshr.o(.text)
    _ll_sshift_r                             0x10001143   Thumb Code     0  llsshr.o(.text)
    isspace                                  0x10001169   Thumb Code    14  isspace_c.o(.text)
    _chval                                   0x10001177   Thumb Code    30  _chval.o(.text)
    __vfscanf                                0x10001195   Thumb Code   812  _scanf.o(.text)
    _float_round                             0x100014cd   Thumb Code    16  fepilogue.o(.text)
    _float_epilogue                          0x100014dd   Thumb Code   114  fepilogue.o(.text)
    _double_round                            0x1000154f   Thumb Code    26  depilogue.o(.text)
    _double_epilogue                         0x10001569   Thumb Code   164  depilogue.o(.text)
    __aeabi_i2f                              0x1000160d   Thumb Code    22  fflti.o(.text)
    __aeabi_ui2f                             0x10001623   Thumb Code    14  ffltui.o(.text)
    __aeabi_ul2d                             0x10001631   Thumb Code    22  dfltul.o(.text)
    __aeabi_d2f                              0x1000164d   Thumb Code    56  d2f.o(.text)
    __ctype_lookup                           0x10001685   Thumb Code    32  ctype_c.o(.text)
    __aeabi_memset                           0x100016a9   Thumb Code    14  memseta.o(.text)
    __aeabi_memset4                          0x100016a9   Thumb Code     0  memseta.o(.text)
    __aeabi_memset8                          0x100016a9   Thumb Code     0  memseta.o(.text)
    __aeabi_memclr                           0x100016b7   Thumb Code     4  memseta.o(.text)
    __aeabi_memclr4                          0x100016b7   Thumb Code     0  memseta.o(.text)
    __aeabi_memclr8                          0x100016b7   Thumb Code     0  memseta.o(.text)
    _memset$wrapper                          0x100016bb   Thumb Code    18  memseta.o(.text)
    __cpp_initialize__aeabi_                 0x100016cd   Thumb Code    32  cpp_init.o(.text)
    __aeabi_fcmple                           0x100016f5   Thumb Code    28  fcmple.o(.text)
    __aeabi_fcmplt                           0x10001711   Thumb Code    28  fcmplt.o(.text)
    __aeabi_fcmpge                           0x1000172d   Thumb Code    28  fcmpge.o(.text)
    __aeabi_fcmpgt                           0x10001749   Thumb Code    28  fcmpgt.o(.text)
    __aeabi_fcmpeq                           0x10001765   Thumb Code    28  fcmpeq.o(.text)
    __aeabi_f2d                              0x10001781   Thumb Code    40  f2d.o(.text)
    __decompress                             0x100017a9   Thumb Code     0  __dczerorl.o(.text)
    __decompress0                            0x100017a9   Thumb Code    58  __dczerorl.o(.text)
    printf                                   0x100017e3   Thumb Code    42  lto-llvm-4e186d.o(.text.$Sub$$printf)
    vprintf                                  0x1000180d   Thumb Code    62  lto-llvm-4e186d.o(.text.$Sub$$vprintf)
    __keep_stage2_boot                       0x10005459   Thumb Code    12  lto-llvm-4e186d.o(.text.__keep_stage2_boot)
    __pico_entry                             0x10005465   Thumb Code     8  lto-llvm-4e186d.o(.text.__pico_entry)
    fputc                                    0x100066ad   Thumb Code    18  lto-llvm-4e186d.o(.text.fputc)
    irq_add_tail_to_free_list                0x10007a99   Thumb Code   336  lto-llvm-4e186d.o(.text.irq_add_tail_to_free_list)
    main                                     0x10009a35   Thumb Code   292  lto-llvm-4e186d.o(.text.main)
    __0sprintf                               0x1000baf1   Thumb Code    36  printfa.o(i.__0sprintf)
    __1sprintf                               0x1000baf1   Thumb Code     0  printfa.o(i.__0sprintf)
    __2sprintf                               0x1000baf1   Thumb Code     0  printfa.o(i.__0sprintf)
    __c89sprintf                             0x1000baf1   Thumb Code     0  printfa.o(i.__0sprintf)
    sprintf                                  0x1000baf1   Thumb Code     0  printfa.o(i.__0sprintf)
    $Super$$vprintf                          0x1000bb19   Thumb Code     0  printfa.o(i.__0vprintf)
    __0vprintf                               0x1000bb19   Thumb Code    12  printfa.o(i.__0vprintf)
    __1vprintf                               0x1000bb19   Thumb Code     0  printfa.o(i.__0vprintf)
    __2vprintf                               0x1000bb19   Thumb Code     0  printfa.o(i.__0vprintf)
    __c89vprintf                             0x1000bb19   Thumb Code     0  printfa.o(i.__0vprintf)
    __ARM_clz                                0x1000bb2d   Thumb Code    46  depilogue.o(i.__ARM_clz)
    __ARM_common_ll_muluu                    0x1000bb5b   Thumb Code    50  rredf.o(i.__ARM_common_ll_muluu)
    __ARM_fpclassifyf                        0x1000bb8d   Thumb Code    34  fpclassifyf.o(i.__ARM_fpclassifyf)
    __mathlib_flt_infnan                     0x1000bbaf   Thumb Code    10  funder.o(i.__mathlib_flt_infnan)
    __mathlib_flt_infnan2                    0x1000bbb9   Thumb Code     8  funder.o(i.__mathlib_flt_infnan2)
    __mathlib_flt_invalid                    0x1000bbc1   Thumb Code    12  funder.o(i.__mathlib_flt_invalid)
    __mathlib_flt_underflow                  0x1000bbcd   Thumb Code    14  funder.o(i.__mathlib_flt_underflow)
    __mathlib_rredf2                         0x1000bbdd   Thumb Code   366  rredf.o(i.__mathlib_rredf2)
    __scatterload_copy                       0x1000bd5d   Thumb Code    14  handlers.o(i.__scatterload_copy)
    __scatterload_null                       0x1000bd6b   Thumb Code     2  handlers.o(i.__scatterload_null)
    __scatterload_zeroinit                   0x1000bd6d   Thumb Code    14  handlers.o(i.__scatterload_zeroinit)
    __set_errno                              0x1000bd7d   Thumb Code     6  errno.o(i.__set_errno)
    _is_digit                                0x1000befd   Thumb Code    14  scanf_fp.o(i._is_digit)
    acosf                                    0x1000c651   Thumb Code   228  acosf.o(i.acosf)
    asinf                                    0x1000c75d   Thumb Code   242  asinf.o(i.asinf)
    atan2f                                   0x1000c875   Thumb Code   592  atan2f.o(i.atan2f)
    cosf                                     0x1000cb11   Thumb Code   318  cosf.o(i.cosf)
    fputs                                    0x1000cc89   Thumb Code    24  fputs.o(i.fputs)
    puts                                     0x1000cca1   Thumb Code    28  puts.o(i.puts)
    roundf                                   0x1000ccc1   Thumb Code   116  roundf.o(i.roundf)
    sinf                                     0x1000cd35   Thumb Code   330  sinf.o(i.sinf)
    sqrtf                                    0x1000ceb9   Thumb Code    44  sqrtf.o(i.sqrtf)
    __ctype_categories                       0x1000cf04   Data          64  ctype_c.o(.constdata)
    EventRecorderInfo                        0x1000cfd4   Data          24  lto-llvm-4e186d.o(.rodata.EventRecorderInfo)
    Region$$Table$$Base                      0x1000dbd8   Number         0  anon$$obj.o(Region$$Table)
    Region$$Table$$Limit                     0x1000dc28   Number         0  anon$$obj.o(Region$$Table)
    SHT$$INIT_ARRAY$$Base                    0x1000dc28   Number         0  lto-llvm-4e186d.o(.init_array.101)
    SHT$$INIT_ARRAY$$Limit                   0x1000dc30   Number         0  cpp_init.o(.init_array)
    Image$$ARM_LIB_STACK_ONE$$ZI$$Base       0x200000c0   Number         0  anon$$obj.o ABSOLUTE
    Image$$ARM_LIB_STACK$$ZI$$Limit          0x200012c0   Number         0  anon$$obj.o ABSOLUTE
    Image$$ER_MUTEX_ARRAY$$ZI$$Base          0x200012c8   Number         0  anon$$obj.o ABSOLUTE
    Image$$ER_MUTEX_ARRAY$$ZI$$Limit         0x200012c8   Number         0  anon$$obj.o ABSOLUTE
    irq_handler_chain_slots                  0x2000174c   Number         0  irq_handler_chain.o(.data)
    irq_handler_chain_first_slot             0x2000177c   Number         0  irq_handler_chain.o(.data)
    irq_handler_chain_remove_tail            0x20001786   Number         0  irq_handler_chain.o(.data)
    __stdout                                 0x20001794   Data           4  stdout.o(.data)
    __stderr                                 0x20001798   Data           4  stderr.o(.data)
    Image$$ARM_LIB_HEAP$$ZI$$Base            0x200023e8   Number         0  anon$$obj.o ABSOLUTE
    Image$$ARM_LIB_HEAP$$ZI$$Limit           0x200033e8   Number         0  anon$$obj.o ABSOLUTE



==============================================================================

Memory Map of the image

  Image Entry point : 0x100001c1

  Load Region LR_STAGE2_BOOT (Base: 0x10000000, Size: 0x00000100, Max: 0x00000100, ABSOLUTE)

    Execution Region ER_STAGE2_BOOT (Exec base: 0x10000000, Load base: 0x10000000, Size: 0x000000f0, Max: 0x00000100, ABSOLUTE)

    Exec Addr    Load Addr    Size         Type   Attr      Idx    E Section Name        Object

    0x10000000   0x10000000   0x000000f0   Code   RO           33    .text               compile_time_choice.o


    Execution Region ER_FILL (Exec base: 0x100000f0, Load base: 0x100000f0, Size: 0x00000010, Max: 0x00000010, ABSOLUTE)

    Exec Addr    Load Addr    Size         Type   Attr      Idx    E Section Name        Object

    0x100000f0        -       0x00000010   Zero   RW            1    ER_FILL.bss         anon$$obj.o



  Load Region LR_ROM (Base: 0x10000100, Size: 0x0000e1b8, Max: 0x001fff00, ABSOLUTE, COMPRESSED[0x0000e10c])

    Execution Region ER_ROM (Exec base: 0x10000100, Load base: 0x10000100, Size: 0x0000db30, Max: 0x00200000, ABSOLUTE)

    Exec Addr    Load Addr    Size         Type   Attr      Idx    E Section Name        Object

    0x10000100   0x10000100   0x000000c0   Data   RO         1136    RESET               lto-llvm-4e186d.o
    0x100001c0   0x100001c0   0x00000000   Code   RO          102  * .ARM.Collect$$$$00000000  mc_p.l(entry.o)
    0x100001c0   0x100001c0   0x00000004   Code   RO          201    .ARM.Collect$$$$00000003  mc_p.l(entry4.o)
    0x100001c4   0x100001c4   0x00000004   Code   RO          204    .ARM.Collect$$$$00000004  mc_p.l(entry5.o)
    0x100001c8   0x100001c8   0x00000000   Code   RO          206    .ARM.Collect$$$$00000008  mc_p.l(entry7b.o)
    0x100001c8   0x100001c8   0x00000004   Code   RO          207    .ARM.Collect$$$$00000009  mc_p.l(entry8a.o)
    0x100001cc   0x100001cc   0x00000000   Code   RO          208    .ARM.Collect$$$$0000000A  mc_p.l(entry8b.o)
    0x100001cc   0x100001cc   0x00000008   Code   RO          209    .ARM.Collect$$$$0000000B  mc_p.l(entry9a.o)
    0x100001d4   0x100001d4   0x00000000   Code   RO          211    .ARM.Collect$$$$0000000D  mc_p.l(entry10a.o)
    0x100001d4   0x100001d4   0x00000000   Code   RO          213    .ARM.Collect$$$$0000000F  mc_p.l(entry11a.o)
    0x100001d4   0x100001d4   0x00000004   Code   RO          202    .ARM.Collect$$$$00002714  mc_p.l(entry4.o)
    0x100001d8   0x100001d8   0x0000003c   Code   RO          177    .text               mc_p.l(sscanf.o)
    0x10000214   0x10000214   0x00000060   Code   RO          219    .text               mc_p.l(uldiv.o)
    0x10000274   0x10000274   0x00000024   Code   RO          221    .text               mc_p.l(memcpya.o)
    0x10000298   0x10000298   0x0000014a   Code   RO          234    .text               mc_p.l(_scanf_longlong.o)
    0x100003e2   0x100003e2   0x0000014a   Code   RO          236    .text               mc_p.l(_scanf_int.o)
    0x1000052c   0x1000052c   0x000000e8   Code   RO          238    .text               mc_p.l(_scanf_str.o)
    0x10000614   0x10000614   0x00000374   Code   RO          240    .text               mc_p.l(scanf_fp.o)
    0x10000988   0x10000988   0x0000002c   Code   RO          244    .text               mc_p.l(scanf_char.o)
    0x100009b4   0x100009b4   0x00000044   Code   RO          246    .text               mc_p.l(_sgetc.o)
    0x100009f8   0x100009f8   0x00000000   Code   RO          248    .text               mc_p.l(iusefp.o)
    0x100009f8   0x100009f8   0x000000b2   Code   RO          249    .text               mf_p.l(fadd.o)
    0x10000aaa   0x10000aaa   0x0000007a   Code   RO          251    .text               mf_p.l(fmul.o)
    0x10000b24   0x10000b24   0x0000007c   Code   RO          253    .text               mf_p.l(fdiv.o)
    0x10000ba0   0x10000ba0   0x00000018   Code   RO          255    .text               mf_p.l(fscalb.o)
    0x10000bb8   0x10000bb8   0x00000058   Code   RO          257    .text               mf_p.l(fsqrt.o)
    0x10000c10   0x10000c10   0x0000003e   Code   RO          259    .text               mf_p.l(frnd.o)
    0x10000c4e   0x10000c4e   0x00000002   PAD
    0x10000c50   0x10000c50   0x00000164   Code   RO          261    .text               mf_p.l(dadd.o)
    0x10000db4   0x10000db4   0x000000d0   Code   RO          263    .text               mf_p.l(dmul.o)
    0x10000e84   0x10000e84   0x000000f0   Code   RO          265    .text               mf_p.l(ddiv.o)
    0x10000f74   0x10000f74   0x00000032   Code   RO          267    .text               mf_p.l(ffixi.o)
    0x10000fa6   0x10000fa6   0x00000002   PAD
    0x10000fa8   0x10000fa8   0x00000040   Code   RO          269    .text               mf_p.l(dfixul.o)
    0x10000fe8   0x10000fe8   0x00000028   Code   RO          271    .text               mf_p.l(cdrcmple.o)
    0x10001010   0x10001010   0x00000030   Code   RO          273    .text               mc_p.l(init.o)
    0x10001040   0x10001040   0x0000003e   Code   RO          277    .text               mc_p.l(uidiv_div0.o)
    0x1000107e   0x1000107e   0x00000002   PAD
    0x10001080   0x10001080   0x00000050   Code   RO          279    .text               mc_p.l(idiv_div0.o)
    0x100010d0   0x100010d0   0x00000030   Code   RO          283    .text               mc_p.l(llmul.o)
    0x10001100   0x10001100   0x00000020   Code   RO          285    .text               mc_p.l(llshl.o)
    0x10001120   0x10001120   0x00000022   Code   RO          287    .text               mc_p.l(llushr.o)
    0x10001142   0x10001142   0x00000026   Code   RO          289    .text               mc_p.l(llsshr.o)
    0x10001168   0x10001168   0x0000000e   Code   RO          291    .text               mc_p.l(isspace_c.o)
    0x10001176   0x10001176   0x0000001e   Code   RO          293    .text               mc_p.l(_chval.o)
    0x10001194   0x10001194   0x00000338   Code   RO          295    .text               mc_p.l(_scanf.o)
    0x100014cc   0x100014cc   0x00000082   Code   RO          297    .text               mf_p.l(fepilogue.o)
    0x1000154e   0x1000154e   0x000000be   Code   RO          299    .text               mf_p.l(depilogue.o)
    0x1000160c   0x1000160c   0x00000016   Code   RO          303    .text               mf_p.l(fflti.o)
    0x10001622   0x10001622   0x0000000e   Code   RO          305    .text               mf_p.l(ffltui.o)
    0x10001630   0x10001630   0x0000001c   Code   RO          307    .text               mf_p.l(dfltul.o)
    0x1000164c   0x1000164c   0x00000038   Code   RO          309    .text               mf_p.l(d2f.o)
    0x10001684   0x10001684   0x00000024   Code   RO          311    .text               mc_p.l(ctype_c.o)
    0x100016a8   0x100016a8   0x00000024   Code   RO         1148    .text               mc_p.l(memseta.o)
    0x100016cc   0x100016cc   0x00000028   Code   RO         1153    .text               mc_p.l(cpp_init.o)
    0x100016f4   0x100016f4   0x0000001c   Code   RO         1155    .text               mf_p.l(fcmple.o)
    0x10001710   0x10001710   0x0000001c   Code   RO         1157    .text               mf_p.l(fcmplt.o)
    0x1000172c   0x1000172c   0x0000001c   Code   RO         1159    .text               mf_p.l(fcmpge.o)
    0x10001748   0x10001748   0x0000001c   Code   RO         1161    .text               mf_p.l(fcmpgt.o)
    0x10001764   0x10001764   0x0000001c   Code   RO         1163    .text               mf_p.l(fcmpeq.o)
    0x10001780   0x10001780   0x00000028   Code   RO         1165    .text               mf_p.l(f2d.o)
    0x100017a8   0x100017a8   0x0000003a   Code   RO         1179    .text               mc_p.l(__dczerorl.o)
    0x100017e2   0x100017e2   0x0000002a   Code   RO          677    .text.$Sub$$printf  lto-llvm-4e186d.o
    0x1000180c   0x1000180c   0x0000003e   Code   RO          675    .text.$Sub$$vprintf  lto-llvm-4e186d.o
    0x1000184a   0x1000184a   0x00000002   PAD
    0x1000184c   0x1000184c   0x0000000c   Code   RO          589    .text.BSP_GetTick   lto-llvm-4e186d.o
    0x10001858   0x10001858   0x0000002c   Code   RO          581    .text.BSP_I2C1_DeInit  lto-llvm-4e186d.o
    0x10001884   0x10001884   0x0000002e   Code   RO          575    .text.BSP_I2C1_Init  lto-llvm-4e186d.o
    0x100018b2   0x100018b2   0x00000090   Code   RO          587    .text.BSP_I2C1_ReadReg  lto-llvm-4e186d.o
    0x10001942   0x10001942   0x000000be   Code   RO          585    .text.BSP_I2C1_WriteReg  lto-llvm-4e186d.o
    0x10001a00   0x10001a00   0x000005f0   Code   RO          413    .text.Cal_trot      lto-llvm-4e186d.o
    0x10001ff0   0x10001ff0   0x00000004   Code   RO         1009    .text.Default_Handler  lto-llvm-4e186d.o
    0x10001ff4   0x10001ff4   0x00000010   Code   RO          367    .text.Delay_MS      lto-llvm-4e186d.o
    0x10002004   0x10002004   0x00000138   Code   RO          407    .text.DogCtrl_Clamp  lto-llvm-4e186d.o
    0x1000213c   0x1000213c   0x00000070   Code   RO          393    .text.Dog_Control   lto-llvm-4e186d.o
    0x100021ac   0x100021ac   0x00000034   Code   RO          641    .text.EventCheckFilter  lto-llvm-4e186d.o
    0x100021e0   0x100021e0   0x00000054   Code   RO          611    .text.EventGetTS    lto-llvm-4e186d.o
    0x10002234   0x10002234   0x000001e0   Code   RO          639    .text.EventRecordData  lto-llvm-4e186d.o
    0x10002414   0x10002414   0x000000f0   Code   RO          613    .text.EventRecordItem  lto-llvm-4e186d.o
    0x10002504   0x10002504   0x00000090   Code   RO          609    .text.EventRecorderEnable  lto-llvm-4e186d.o
    0x10002594   0x10002594   0x00000198   Code   RO          605    .text.EventRecorderInitialize  lto-llvm-4e186d.o
    0x1000272c   0x1000272c   0x00000038   Code   RO          615    .text.EventRecorderStart  lto-llvm-4e186d.o
    0x10002764   0x10002764   0x00000008   Code   RO          601    .text.EventRecorderTimerGetCount  lto-llvm-4e186d.o
    0x1000276c   0x1000276c   0x00000008   Code   RO          597    .text.EventRecorderTimerGetFreq  lto-llvm-4e186d.o
    0x10002774   0x10002774   0x00000008   Code   RO          593    .text.EventRecorderTimerSetup  lto-llvm-4e186d.o
    0x1000277c   0x1000277c   0x00000008   Code   RO          643    .text.GetContext    lto-llvm-4e186d.o
    0x10002784   0x10002784   0x0000000c   Code   RO          617    .text.GetRecordIndex  lto-llvm-4e186d.o
    0x10002790   0x10002790   0x00000004   Code   RO         1007    .text.HardFault_Handler  lto-llvm-4e186d.o
    0x10002794   0x10002794   0x0000000c   Code   RO          625    .text.IncrementRecordsDumped  lto-llvm-4e186d.o
    0x100027a0   0x100027a0   0x00000010   Code   RO          623    .text.IncrementRecordsWritten  lto-llvm-4e186d.o
    0x100027b0   0x100027b0   0x00000060   Code   RO          421    .text.Interp_Update  lto-llvm-4e186d.o
    0x10002810   0x10002810   0x00000198   Code   RO          401    .text.Knee_ServoAngle  lto-llvm-4e186d.o
    0x100029a8   0x100029a8   0x0000004c   Code   RO          457    .text.LSM6DSO_ACC_Enable  lto-llvm-4e186d.o
    0x100029f4   0x100029f4   0x00000080   Code   RO          459    .text.LSM6DSO_ACC_GetSensitivity  lto-llvm-4e186d.o
    0x10002a74   0x10002a74   0x0000005c   Code   RO          463    .text.LSM6DSO_ACC_SetFullScale  lto-llvm-4e186d.o
    0x10002ad0   0x10002ad0   0x0000001c   Code   RO          461    .text.LSM6DSO_ACC_SetOutputDataRate  lto-llvm-4e186d.o
    0x10002aec   0x10002aec   0x000000d8   Code   RO          469    .text.LSM6DSO_ACC_SetOutputDataRate_When_Disabled  lto-llvm-4e186d.o
    0x10002bc4   0x10002bc4   0x00000120   Code   RO          467    .text.LSM6DSO_ACC_SetOutputDataRate_When_Enabled  lto-llvm-4e186d.o
    0x10002ce4   0x10002ce4   0x0000031c   Code   RO          465    .text.LSM6DSO_ACC_SetOutputDataRate_With_Mode  lto-llvm-4e186d.o
    0x10003000   0x10003000   0x00000080   Code   RO          507    .text.LSM6DSO_ACC_Set_Power_Mode  lto-llvm-4e186d.o
    0x10003080   0x10003080   0x00000074   Code   RO          511    .text.LSM6DSO_DRDY_Set_Mode  lto-llvm-4e186d.o
    0x100030f4   0x100030f4   0x00000104   Code   RO          503    .text.LSM6DSO_FIFO_ACC_Set_BDR  lto-llvm-4e186d.o
    0x100031f8   0x100031f8   0x000000ec   Code   RO          439    .text.LSM6DSO_FIFO_Buf_Get  lto-llvm-4e186d.o
    0x100032e4   0x100032e4   0x00000120   Code   RO          505    .text.LSM6DSO_FIFO_GYRO_Set_BDR  lto-llvm-4e186d.o
    0x10003404   0x10003404   0x00000034   Code   RO          501    .text.LSM6DSO_FIFO_Get_Data  lto-llvm-4e186d.o
    0x10003438   0x10003438   0x0000002c   Code   RO          493    .text.LSM6DSO_FIFO_Get_Num_Samples  lto-llvm-4e186d.o
    0x10003464   0x10003464   0x00000038   Code   RO          499    .text.LSM6DSO_FIFO_Get_Tag  lto-llvm-4e186d.o
    0x1000349c   0x1000349c   0x0000009c   Code   RO          497    .text.LSM6DSO_FIFO_Set_Mode  lto-llvm-4e186d.o
    0x10003538   0x10003538   0x00000034   Code   RO          495    .text.LSM6DSO_FIFO_Set_Watermark_Level  lto-llvm-4e186d.o
    0x1000356c   0x1000356c   0x0000005c   Code   RO          453    .text.LSM6DSO_GYRO_Disable  lto-llvm-4e186d.o
    0x100035c8   0x100035c8   0x0000004c   Code   RO          471    .text.LSM6DSO_GYRO_Enable  lto-llvm-4e186d.o
    0x10003614   0x10003614   0x00000094   Code   RO          473    .text.LSM6DSO_GYRO_GetSensitivity  lto-llvm-4e186d.o
    0x100036a8   0x100036a8   0x00000078   Code   RO          477    .text.LSM6DSO_GYRO_SetFullScale  lto-llvm-4e186d.o
    0x10003720   0x10003720   0x00000020   Code   RO          475    .text.LSM6DSO_GYRO_SetOutputDataRate  lto-llvm-4e186d.o
    0x10003740   0x10003740   0x000000c4   Code   RO          483    .text.LSM6DSO_GYRO_SetOutputDataRate_When_Disabled  lto-llvm-4e186d.o
    0x10003804   0x10003804   0x00000104   Code   RO          481    .text.LSM6DSO_GYRO_SetOutputDataRate_When_Enabled  lto-llvm-4e186d.o
    0x10003908   0x10003908   0x00000124   Code   RO          479    .text.LSM6DSO_GYRO_SetOutputDataRate_With_Mode  lto-llvm-4e186d.o
    0x10003a2c   0x10003a2c   0x00000078   Code   RO          509    .text.LSM6DSO_GYRO_Set_Power_Mode  lto-llvm-4e186d.o
    0x10003aa4   0x10003aa4   0x00000108   Code   RO          449    .text.LSM6DSO_Init  lto-llvm-4e186d.o
    0x10003bac   0x10003bac   0x00000074   Code   RO          435    .text.LSM6DSO_Initialization  lto-llvm-4e186d.o
    0x10003c20   0x10003c20   0x00000030   Code   RO          451    .text.LSM6DSO_ReadID  lto-llvm-4e186d.o
    0x10003c50   0x10003c50   0x000000e4   Code   RO          485    .text.LSM6DSO_RegisterBusIO  lto-llvm-4e186d.o
    0x10003d34   0x10003d34   0x00000142   Code   RO          437    .text.LSM6DSO_Set_FIFO_Mode  lto-llvm-4e186d.o
    0x10003e76   0x10003e76   0x0000004a   Code   RO          455    .text.LSM6DSO_Set_Mem_Bank  lto-llvm-4e186d.o
    0x10003ec0   0x10003ec0   0x00000034   Code   RO          491    .text.LSM6DSO_Write_Reg  lto-llvm-4e186d.o
    0x10003ef4   0x10003ef4   0x00000052   Code   RO          619    .text.LockRecord    lto-llvm-4e186d.o
    0x10003f46   0x10003f46   0x0000000a   Code   RO          629    .text.LockTS_Overflow  lto-llvm-4e186d.o
    0x10003f50   0x10003f50   0x0000055c   Code   RO          369    .text.MadgwickAHRSupdateIMU  lto-llvm-4e186d.o
    0x100044ac   0x100044ac   0x00000150   Code   RO          373    .text.Madgwick_GetYawPitchRoll  lto-llvm-4e186d.o
    0x100045fc   0x100045fc   0x000001f4   Code   RO          321    .text.Madgwick_Process_FIFO  lto-llvm-4e186d.o
    0x100047f0   0x100047f0   0x00000034   Code   RO          429    .text.Mode_Control  lto-llvm-4e186d.o
    0x10004824   0x10004824   0x0000008c   Code   RO          427    .text.PID_Control   lto-llvm-4e186d.o
    0x100048b0   0x100048b0   0x00000080   Code   RO          381    .text.REG_6Byte_Send  lto-llvm-4e186d.o
    0x10004930   0x10004930   0x00000084   Code   RO          329    .text.RP_GPIO_Init  lto-llvm-4e186d.o
    0x100049b4   0x100049b4   0x0000002c   Code   RO          363    .text.RP_Timers_Init  lto-llvm-4e186d.o
    0x100049e0   0x100049e0   0x00000048   Code   RO          345    .text.RP_UARTS_Init  lto-llvm-4e186d.o
    0x10004a28   0x10004a28   0x00000026   Code   RO          487    .text.ReadRegWrap   lto-llvm-4e186d.o
    0x10004a4e   0x10004a4e   0x00000002   PAD
    0x10004a50   0x10004a50   0x00000038   Code   RO          431    .text.Read_Battery_Volt  lto-llvm-4e186d.o
    0x10004a88   0x10004a88   0x0000009c   Code   RO          433    .text.Read_Temp     lto-llvm-4e186d.o
    0x10004b24   0x10004b24   0x00000026   Code   RO          441    .text.Reset_ESP32_C3_To_Run  lto-llvm-4e186d.o
    0x10004b4a   0x10004b4a   0x00000002   PAD
    0x10004b4c   0x10004b4c   0x00000018   Code   RO         1005    .text.Reset_Handler  lto-llvm-4e186d.o
    0x10004b64   0x10004b64   0x000000d8   Code   RO          399    .text.Send_32Servo_HEX  lto-llvm-4e186d.o
    0x10004c3c   0x10004c3c   0x00000008   Code   RO          377    .text.Send_BLE      lto-llvm-4e186d.o
    0x10004c44   0x10004c44   0x00000010   Code   RO         1017    .text.Send_BLE.specialized.2  lto-llvm-4e186d.o
    0x10004c54   0x10004c54   0x00000030   Code   RO          391    .text.Send_Frame_UART2  lto-llvm-4e186d.o
    0x10004c84   0x10004c84   0x00000200   Code   RO          397    .text.Servo_Angle_Conversion  lto-llvm-4e186d.o
    0x10004e84   0x10004e84   0x00000088   Code   RO          423    .text.Stand_Up_Smoothly  lto-llvm-4e186d.o
    0x10004f0c   0x10004f0c   0x0000021c   Code   RO          379    .text.String_parsing  lto-llvm-4e186d.o
    0x10005128   0x10005128   0x00000030   Code   RO          603    .text.SysTickGetCount  lto-llvm-4e186d.o
    0x10005158   0x10005158   0x00000028   Code   RO          595    .text.SysTickSetup  lto-llvm-4e186d.o
    0x10005180   0x10005180   0x0000001c   Code   RO          591    .text.SysTick_Handler  lto-llvm-4e186d.o
    0x1000519c   0x1000519c   0x00000010   Code   RO         1013    .text.SystemInit    lto-llvm-4e186d.o
    0x100051ac   0x100051ac   0x00000048   Code   RO          621    .text.UnlockRecord  lto-llvm-4e186d.o
    0x100051f4   0x100051f4   0x0000000a   Code   RO          631    .text.UnlockTS_Overflow  lto-llvm-4e186d.o
    0x100051fe   0x100051fe   0x00000010   Code   RO          633    .text.UpdateTS      lto-llvm-4e186d.o
    0x1000520e   0x1000520e   0x00000026   Code   RO          489    .text.WriteRegWrap  lto-llvm-4e186d.o
    0x10005234   0x10005234   0x00000190   Code   RO          411    .text.Yaw_Correct   lto-llvm-4e186d.o
    0x100053c4   0x100053c4   0x00000094   Code   RO          649    .text.__aeabi_assert  lto-llvm-4e186d.o
    0x10005458   0x10005458   0x0000000c   Code   RO         1011    .text.__keep_stage2_boot  lto-llvm-4e186d.o
    0x10005464   0x10005464   0x00000008   Code   RO          653    .text.__pico_entry  lto-llvm-4e186d.o
    0x1000546c   0x1000546c   0x0000000e   Code   RO          999    .text._exit         lto-llvm-4e186d.o
    0x1000547a   0x1000547a   0x00000068   Code   RO          829    .text._gpio_set_irq_enabled  lto-llvm-4e186d.o
    0x100054e2   0x100054e2   0x00000008   Code   RO         1003    .text._retrieve_unique_id_on_boot  lto-llvm-4e186d.o
    0x100054ea   0x100054ea   0x00000004   Code   RO          651    .text.abort         lto-llvm-4e186d.o
    0x100054ee   0x100054ee   0x0000002a   Code   RO          713    .text.absolute_time_diff_us  lto-llvm-4e186d.o
    0x10005518   0x10005518   0x0000003c   Code   RO          755    .text.add_alarm_at  lto-llvm-4e186d.o
    0x10005554   0x10005554   0x000000f4   Code   RO          721    .text.add_alarm_under_lock  lto-llvm-4e186d.o
    0x10005648   0x10005648   0x00000030   Code   RO          365    .text.add_repeating_timer_ms  lto-llvm-4e186d.o
    0x10005678   0x10005678   0x0000000e   Code   RO          905    .text.add_thumb_bit  lto-llvm-4e186d.o
    0x10005686   0x10005686   0x00000174   Code   RO          741    .text.alarm_pool_add_alarm_at  lto-llvm-4e186d.o
    0x100057fa   0x100057fa   0x00000002   PAD
    0x100057fc   0x100057fc   0x0000008c   Code   RO          745    .text.alarm_pool_add_repeating_timer_us  lto-llvm-4e186d.o
    0x10005888   0x10005888   0x000002d8   Code   RO          707    .text.alarm_pool_alarm_callback  lto-llvm-4e186d.o
    0x10005b60   0x10005b60   0x00000118   Code   RO          743    .text.alarm_pool_cancel_alarm  lto-llvm-4e186d.o
    0x10005c78   0x10005c78   0x00000024   Code   RO          739    .text.alarm_pool_get_default  lto-llvm-4e186d.o
    0x10005c9c   0x10005c9c   0x0000002c   Code   RO          701    .text.alarm_pool_init_default  lto-llvm-4e186d.o
    0x10005cc8   0x10005cc8   0x00000054   Code   RO          705    .text.alarm_pool_post_alloc_init  lto-llvm-4e186d.o
    0x10005d1c   0x10005d1c   0x00000030   Code   RO          627    .text.atomic_inc32  lto-llvm-4e186d.o
    0x10005d4c   0x10005d4c   0x00000038   Code   RO          645    .text.atomic_inc8   lto-llvm-4e186d.o
    0x10005d84   0x10005d84   0x00000038   Code   RO          635    .text.atomic_wr32   lto-llvm-4e186d.o
    0x10005dbc   0x10005dbc   0x0000003c   Code   RO          637    .text.atomic_wr8    lto-llvm-4e186d.o
    0x10005df8   0x10005df8   0x00000062   Code   RO          763    .text.best_effort_wfe_or_timeout  lto-llvm-4e186d.o
    0x10005e5a   0x10005e5a   0x00000010   Code   RO          805    .text.busy_wait_at_least_cycles  lto-llvm-4e186d.o
    0x10005e6a   0x10005e6a   0x00000002   PAD
    0x10005e6c   0x10005e6c   0x00000070   Code   RO          943    .text.busy_wait_until  lto-llvm-4e186d.o
    0x10005edc   0x10005edc   0x00000050   Code   RO          939    .text.busy_wait_us  lto-llvm-4e186d.o
    0x10005f2c   0x10005f2c   0x00000274   Code   RO          403    .text.calc_leg_pose  lto-llvm-4e186d.o
    0x100061a0   0x100061a0   0x00000014   Code   RO          765    .text.cancel_alarm  lto-llvm-4e186d.o
    0x100061b4   0x100061b4   0x00000008   Code   RO          821    .text.check_gpio_param  lto-llvm-4e186d.o
    0x100061bc   0x100061bc   0x00000008   Code   RO          935    .text.check_hardware_alarm_num_param  lto-llvm-4e186d.o
    0x100061c4   0x100061c4   0x00000008   Code   RO          885    .text.check_irq_param  lto-llvm-4e186d.o
    0x100061cc   0x100061cc   0x00000024   Code   RO          789    .text.check_sys_clock_khz  lto-llvm-4e186d.o
    0x100061f0   0x100061f0   0x00000038   Code   RO          409    .text.clamp         lto-llvm-4e186d.o
    0x10006228   0x10006228   0x000001ac   Code   RO          801    .text.clock_configure  lto-llvm-4e186d.o
    0x100063d4   0x100063d4   0x00000014   Code   RO          809    .text.clock_get_hz  lto-llvm-4e186d.o
    0x100063e8   0x100063e8   0x00000134   Code   RO          807    .text.clocks_init   lto-llvm-4e186d.o
    0x1000651c   0x1000651c   0x00000088   Code   RO          607    .text.crc16_ccitt   lto-llvm-4e186d.o
    0x100065a4   0x100065a4   0x00000010   Code   RO          703    .text.default_alarm_pool_initialized  lto-llvm-4e186d.o
    0x100065b4   0x100065b4   0x00000054   Code   RO          667    .text.delayed_by_ms  lto-llvm-4e186d.o
    0x10006608   0x10006608   0x00000054   Code   RO          719    .text.delayed_by_us.305  lto-llvm-4e186d.o
    0x1000665c   0x1000665c   0x00000050   Code   RO          819    .text.flash_get_unique_id  lto-llvm-4e186d.o
    0x100066ac   0x100066ac   0x00000012   Code   RO          655    .text.fputc         lto-llvm-4e186d.o
    0x100066be   0x100066be   0x00000014   Code   RO          665    .text.get_absolute_time  lto-llvm-4e186d.o
    0x100066d2   0x100066d2   0x00000014   Code   RO          709    .text.get_absolute_time.304  lto-llvm-4e186d.o
    0x100066e6   0x100066e6   0x00000002   PAD
    0x100066e8   0x100066e8   0x00000058   Code   RO          697    .text.get_entry     lto-llvm-4e186d.o
    0x10006740   0x10006740   0x00000060   Code   RO          715    .text.get_entry_id_high  lto-llvm-4e186d.o
    0x100067a0   0x100067a0   0x00000010   Code   RO          911    .text.get_slot_index  lto-llvm-4e186d.o
    0x100067b0   0x100067b0   0x0000000c   Code   RO          895    .text.get_vtable    lto-llvm-4e186d.o
    0x100067bc   0x100067bc   0x00000028   Code   RO          831    .text.gpio_acknowledge_irq  lto-llvm-4e186d.o
    0x100067e4   0x100067e4   0x00000010   Code   RO          339    .text.gpio_clr_mask  lto-llvm-4e186d.o
    0x100067f4   0x100067f4   0x00000010   Code   RO          847    .text.gpio_clr_mask.425  lto-llvm-4e186d.o
    0x10006804   0x10006804   0x00000014   Code   RO          447    .text.gpio_clr_mask.48  lto-llvm-4e186d.o
    0x10006818   0x10006818   0x000000bc   Code   RO          837    .text.gpio_default_irq_handler  lto-llvm-4e186d.o
    0x100068d4   0x100068d4   0x00000012   Code   RO          335    .text.gpio_disable_pulls  lto-llvm-4e186d.o
    0x100068e6   0x100068e6   0x00000012   Code   RO          583    .text.gpio_disable_pulls.241  lto-llvm-4e186d.o
    0x100068f8   0x100068f8   0x0000001e   Code   RO          839    .text.gpio_init     lto-llvm-4e186d.o
    0x10006916   0x10006916   0x00000012   Code   RO          579    .text.gpio_pull_up  lto-llvm-4e186d.o
    0x10006928   0x10006928   0x00000032   Code   RO          333    .text.gpio_put      lto-llvm-4e186d.o
    0x1000695a   0x1000695a   0x00000032   Code   RO          843    .text.gpio_put.423  lto-llvm-4e186d.o
    0x1000698c   0x1000698c   0x00000030   Code   RO          443    .text.gpio_put.46   lto-llvm-4e186d.o
    0x100069bc   0x100069bc   0x00000030   Code   RO          331    .text.gpio_set_dir  lto-llvm-4e186d.o
    0x100069ec   0x100069ec   0x00000032   Code   RO          841    .text.gpio_set_dir.422  lto-llvm-4e186d.o
    0x10006a1e   0x10006a1e   0x00000002   PAD
    0x10006a20   0x10006a20   0x00000010   Code   RO          343    .text.gpio_set_dir_in_masked  lto-llvm-4e186d.o
    0x10006a30   0x10006a30   0x00000014   Code   RO          851    .text.gpio_set_dir_in_masked.427  lto-llvm-4e186d.o
    0x10006a44   0x10006a44   0x00000010   Code   RO          341    .text.gpio_set_dir_out_masked  lto-llvm-4e186d.o
    0x10006a54   0x10006a54   0x00000014   Code   RO          849    .text.gpio_set_dir_out_masked.426  lto-llvm-4e186d.o
    0x10006a68   0x10006a68   0x00000050   Code   RO          823    .text.gpio_set_function  lto-llvm-4e186d.o
    0x10006ab8   0x10006ab8   0x00000060   Code   RO          835    .text.gpio_set_irq_callback  lto-llvm-4e186d.o
    0x10006b18   0x10006b18   0x0000003c   Code   RO          827    .text.gpio_set_irq_enabled  lto-llvm-4e186d.o
    0x10006b54   0x10006b54   0x00000044   Code   RO          833    .text.gpio_set_irq_enabled_with_callback  lto-llvm-4e186d.o
    0x10006b98   0x10006b98   0x00000010   Code   RO          337    .text.gpio_set_mask  lto-llvm-4e186d.o
    0x10006ba8   0x10006ba8   0x00000010   Code   RO          845    .text.gpio_set_mask.424  lto-llvm-4e186d.o
    0x10006bb8   0x10006bb8   0x00000014   Code   RO          445    .text.gpio_set_mask.47  lto-llvm-4e186d.o
    0x10006bcc   0x10006bcc   0x00000058   Code   RO          825    .text.gpio_set_pulls  lto-llvm-4e186d.o
    0x10006c24   0x10006c24   0x00000080   Code   RO          957    .text.hardware_alarm_cancel  lto-llvm-4e186d.o
    0x10006ca4   0x10006ca4   0x00000018   Code   RO          933    .text.hardware_alarm_claim  lto-llvm-4e186d.o
    0x10006cbc   0x10006cbc   0x00000100   Code   RO          951    .text.hardware_alarm_irq_handler  lto-llvm-4e186d.o
    0x10006dbc   0x10006dbc   0x000000fc   Code   RO          947    .text.hardware_alarm_set_callback  lto-llvm-4e186d.o
    0x10006eb8   0x10006eb8   0x00000174   Code   RO          953    .text.hardware_alarm_set_target  lto-llvm-4e186d.o
    0x1000702c   0x1000702c   0x0000000a   Code   RO          949    .text.harware_alarm_irq_number  lto-llvm-4e186d.o
    0x10007036   0x10007036   0x00000024   Code   RO          803    .text.has_glitchless_mux  lto-llvm-4e186d.o
    0x1000705a   0x1000705a   0x00000002   PAD
    0x1000705c   0x1000705c   0x0000003c   Code   RO          793    .text.hw_claim_lock  lto-llvm-4e186d.o
    0x10007098   0x10007098   0x00000054   Code   RO          799    .text.hw_claim_or_assert  lto-llvm-4e186d.o
    0x100070ec   0x100070ec   0x00000038   Code   RO          795    .text.hw_claim_unlock  lto-llvm-4e186d.o
    0x10007124   0x10007124   0x0000001c   Code   RO          797    .text.hw_is_claimed  lto-llvm-4e186d.o
    0x10007140   0x10007140   0x00000014   Code   RO          865    .text.i2c_deinit    lto-llvm-4e186d.o
    0x10007154   0x10007154   0x00000014   Code   RO          879    .text.i2c_get_hw    lto-llvm-4e186d.o
    0x10007168   0x10007168   0x00000012   Code   RO          877    .text.i2c_get_read_available  lto-llvm-4e186d.o
    0x1000717a   0x1000717a   0x00000018   Code   RO          875    .text.i2c_get_write_available  lto-llvm-4e186d.o
    0x10007192   0x10007192   0x00000008   Code   RO          881    .text.i2c_hw_index  lto-llvm-4e186d.o
    0x1000719a   0x1000719a   0x00000002   PAD
    0x1000719c   0x1000719c   0x00000054   Code   RO          853    .text.i2c_init      lto-llvm-4e186d.o
    0x100071f0   0x100071f0   0x00000034   Code   RO          871    .text.i2c_read_blocking  lto-llvm-4e186d.o
    0x10007224   0x10007224   0x0000019c   Code   RO          873    .text.i2c_read_blocking_internal  lto-llvm-4e186d.o
    0x100073c0   0x100073c0   0x0000001c   Code   RO          855    .text.i2c_reset     lto-llvm-4e186d.o
    0x100073dc   0x100073dc   0x00000128   Code   RO          859    .text.i2c_set_baudrate  lto-llvm-4e186d.o
    0x10007504   0x10007504   0x00000020   Code   RO          857    .text.i2c_unreset   lto-llvm-4e186d.o
    0x10007524   0x10007524   0x00000030   Code   RO          867    .text.i2c_write_blocking  lto-llvm-4e186d.o
    0x10007554   0x10007554   0x00000238   Code   RO          869    .text.i2c_write_blocking_internal  lto-llvm-4e186d.o
    0x1000778c   0x1000778c   0x0000005c   Code   RO          917    .text.insert_branch_and_link  lto-llvm-4e186d.o
    0x100077e8   0x100077e8   0x00000058   Code   RO          371    .text.invSqrt       lto-llvm-4e186d.o
    0x10007840   0x10007840   0x00000258   Code   RO          901    .text.irq_add_shared_handler  lto-llvm-4e186d.o
    0x10007a98   0x10007a98   0x00000174   Code   RO          919    .text.irq_add_tail_to_free_list  lto-llvm-4e186d.o
    0x10007c0c   0x10007c0c   0x00000018   Code   RO          955    .text.irq_clear     lto-llvm-4e186d.o
    0x10007c24   0x10007c24   0x0000001c   Code   RO          891    .text.irq_get_vtable_handler  lto-llvm-4e186d.o
    0x10007c40   0x10007c40   0x00000038   Code   RO          921    .text.irq_init_priorities  lto-llvm-4e186d.o
    0x10007c78   0x10007c78   0x0000001c   Code   RO          889    .text.irq_is_enabled  lto-llvm-4e186d.o
    0x10007c94   0x10007c94   0x00000220   Code   RO          915    .text.irq_remove_handler  lto-llvm-4e186d.o
    0x10007eb4   0x10007eb4   0x00000024   Code   RO          883    .text.irq_set_enabled  lto-llvm-4e186d.o
    0x10007ed8   0x10007ed8   0x000000a0   Code   RO          897    .text.irq_set_exclusive_handler  lto-llvm-4e186d.o
    0x10007f78   0x10007f78   0x00000038   Code   RO          887    .text.irq_set_mask_enabled  lto-llvm-4e186d.o
    0x10007fb0   0x10007fb0   0x0000001c   Code   RO          893    .text.is_shared_irq_raw_handler  lto-llvm-4e186d.o
    0x10007fcc   0x10007fcc   0x00000020   Code   RO          681    .text.lock_init     lto-llvm-4e186d.o
    0x10007fec   0x10007fec   0x00000044   Code   RO          549    .text.lsm6dso_auto_increment_set  lto-llvm-4e186d.o
    0x10008030   0x10008030   0x00000044   Code   RO          537    .text.lsm6dso_block_data_update_set  lto-llvm-4e186d.o
    0x10008074   0x10008074   0x00000042   Code   RO          545    .text.lsm6dso_data_ready_mode_set  lto-llvm-4e186d.o
    0x100080b6   0x100080b6   0x0000001c   Code   RO          547    .text.lsm6dso_device_id_get  lto-llvm-4e186d.o
    0x100080d2   0x100080d2   0x00000046   Code   RO          563    .text.lsm6dso_fifo_data_level_get  lto-llvm-4e186d.o
    0x10008118   0x10008118   0x00000042   Code   RO          557    .text.lsm6dso_fifo_gy_batch_set  lto-llvm-4e186d.o
    0x1000815a   0x1000815a   0x00000046   Code   RO          559    .text.lsm6dso_fifo_mode_set  lto-llvm-4e186d.o
    0x100081a0   0x100081a0   0x00000104   Code   RO          567    .text.lsm6dso_fifo_sensor_tag_get  lto-llvm-4e186d.o
    0x100082a4   0x100082a4   0x00000044   Code   RO          561    .text.lsm6dso_fifo_timestamp_decimation_set  lto-llvm-4e186d.o
    0x100082e8   0x100082e8   0x0000006a   Code   RO          553    .text.lsm6dso_fifo_watermark_set  lto-llvm-4e186d.o
    0x10008352   0x10008352   0x00000002   PAD
    0x10008354   0x10008354   0x0000002c   Code   RO          565    .text.lsm6dso_fifo_wtm_flag_get  lto-llvm-4e186d.o
    0x10008380   0x10008380   0x00000046   Code   RO          555    .text.lsm6dso_fifo_xl_batch_set  lto-llvm-4e186d.o
    0x100083c6   0x100083c6   0x00000002   PAD
    0x100083c8   0x100083c8   0x00000088   Code   RO          525    .text.lsm6dso_fsm_data_rate_get  lto-llvm-4e186d.o
    0x10008450   0x10008450   0x0000003a   Code   RO          523    .text.lsm6dso_fsm_enable_get  lto-llvm-4e186d.o
    0x1000848a   0x1000848a   0x00000002   PAD
    0x1000848c   0x1000848c   0x0000009a   Code   RO          535    .text.lsm6dso_gy_data_rate_get  lto-llvm-4e186d.o
    0x10008526   0x10008526   0x00000002   PAD
    0x10008528   0x10008528   0x000001da   Code   RO          533    .text.lsm6dso_gy_data_rate_set  lto-llvm-4e186d.o
    0x10008702   0x10008702   0x00000002   PAD
    0x10008704   0x10008704   0x00000066   Code   RO          531    .text.lsm6dso_gy_full_scale_get  lto-llvm-4e186d.o
    0x1000876a   0x1000876a   0x00000044   Code   RO          529    .text.lsm6dso_gy_full_scale_set  lto-llvm-4e186d.o
    0x100087ae   0x100087ae   0x00000042   Code   RO          541    .text.lsm6dso_gy_power_mode_set  lto-llvm-4e186d.o
    0x100087f0   0x100087f0   0x0000008a   Code   RO          551    .text.lsm6dso_i3c_disable_set  lto-llvm-4e186d.o
    0x1000887a   0x1000887a   0x0000002e   Code   RO          527    .text.lsm6dso_mem_bank_set  lto-llvm-4e186d.o
    0x100088a8   0x100088a8   0x00000404   Code   RO          573    .text.lsm6dso_pin_int1_route_get  lto-llvm-4e186d.o
    0x10008cac   0x10008cac   0x000005a6   Code   RO          569    .text.lsm6dso_pin_int1_route_set  lto-llvm-4e186d.o
    0x10009252   0x10009252   0x0000040a   Code   RO          571    .text.lsm6dso_pin_int2_route_get  lto-llvm-4e186d.o
    0x1000965c   0x1000965c   0x00000040   Code   RO          513    .text.lsm6dso_read_reg  lto-llvm-4e186d.o
    0x1000969c   0x1000969c   0x0000004c   Code   RO          543    .text.lsm6dso_timestamp_set  lto-llvm-4e186d.o
    0x100096e8   0x100096e8   0x00000042   Code   RO          515    .text.lsm6dso_write_reg  lto-llvm-4e186d.o
    0x1000972a   0x1000972a   0x00000002   PAD
    0x1000972c   0x1000972c   0x000001da   Code   RO          521    .text.lsm6dso_xl_data_rate_set  lto-llvm-4e186d.o
    0x10009906   0x10009906   0x00000002   PAD
    0x10009908   0x10009908   0x00000052   Code   RO          519    .text.lsm6dso_xl_full_scale_get  lto-llvm-4e186d.o
    0x1000995a   0x1000995a   0x00000044   Code   RO          517    .text.lsm6dso_xl_full_scale_set  lto-llvm-4e186d.o
    0x1000999e   0x1000999e   0x00000096   Code   RO          539    .text.lsm6dso_xl_power_mode_set  lto-llvm-4e186d.o
    0x10009a34   0x10009a34   0x00000148   Code   RO          315    .text.main          lto-llvm-4e186d.o
    0x10009b7c   0x10009b7c   0x00000088   Code   RO          903    .text.make_branch   lto-llvm-4e186d.o
    0x10009c04   0x10009c04   0x00000016   Code   RO          717    .text.make_public_id  lto-llvm-4e186d.o
    0x10009c1a   0x10009c1a   0x00000024   Code   RO          663    .text.make_timeout_time_ms  lto-llvm-4e186d.o
    0x10009c3e   0x10009c3e   0x00000026   Code   RO          747    .text.make_timeout_time_us.317  lto-llvm-4e186d.o
    0x10009c64   0x10009c64   0x000000b0   Code   RO          405    .text.matrix3x3_mul_vec  lto-llvm-4e186d.o
    0x10009d14   0x10009d14   0x00000022   Code   RO          683    .text.mutex_init    lto-llvm-4e186d.o
    0x10009d36   0x10009d36   0x00000002   PAD
    0x10009d38   0x10009d38   0x00000028   Code   RO          931    .text.next_striped_spin_lock_num  lto-llvm-4e186d.o
    0x10009d60   0x10009d60   0x00000024   Code   RO          327    .text.on_gpio_irq   lto-llvm-4e186d.o
    0x10009d84   0x10009d84   0x00000090   Code   RO          349    .text.on_uart1_rx_irq  lto-llvm-4e186d.o
    0x10009e14   0x10009e14   0x0000003c   Code   RO         1001    .text.panic         lto-llvm-4e186d.o
    0x10009e50   0x10009e50   0x00000094   Code   RO          735    .text.ph_add_child_node  lto-llvm-4e186d.o
    0x10009ee4   0x10009ee4   0x000000a0   Code   RO          777    .text.ph_add_child_node.362  lto-llvm-4e186d.o
    0x10009f84   0x10009f84   0x00000056   Code   RO          769    .text.ph_clear      lto-llvm-4e186d.o
    0x10009fda   0x10009fda   0x00000032   Code   RO          725    .text.ph_contains_node  lto-llvm-4e186d.o
    0x1000a00c   0x1000a00c   0x00000080   Code   RO          723    .text.ph_free_node  lto-llvm-4e186d.o
    0x1000a08c   0x1000a08c   0x00000058   Code   RO          727    .text.ph_get_node   lto-llvm-4e186d.o
    0x1000a0e4   0x1000a0e4   0x0000005c   Code   RO          771    .text.ph_get_node.356  lto-llvm-4e186d.o
    0x1000a140   0x1000a140   0x00000058   Code   RO          731    .text.ph_insert_node  lto-llvm-4e186d.o
    0x1000a198   0x1000a198   0x0000007a   Code   RO          733    .text.ph_merge_nodes  lto-llvm-4e186d.o
    0x1000a212   0x1000a212   0x0000007a   Code   RO          775    .text.ph_merge_nodes.361  lto-llvm-4e186d.o
    0x1000a28c   0x1000a28c   0x00000094   Code   RO          773    .text.ph_merge_two_pass  lto-llvm-4e186d.o
    0x1000a320   0x1000a320   0x00000062   Code   RO          729    .text.ph_new_node   lto-llvm-4e186d.o
    0x1000a382   0x1000a382   0x0000000c   Code   RO          711    .text.ph_peek_head  lto-llvm-4e186d.o
    0x1000a38e   0x1000a38e   0x0000000c   Code   RO          781    .text.ph_peek_head.368  lto-llvm-4e186d.o
    0x1000a39a   0x1000a39a   0x00000002   PAD
    0x1000a39c   0x1000a39c   0x00000038   Code   RO          767    .text.ph_post_alloc_init  lto-llvm-4e186d.o
    0x1000a3d4   0x1000a3d4   0x00000012   Code   RO          787    .text.ph_remove_and_free_head  lto-llvm-4e186d.o
    0x1000a3e6   0x1000a3e6   0x00000002   PAD
    0x1000a3e8   0x1000a3e8   0x0000013c   Code   RO          785    .text.ph_remove_and_free_node  lto-llvm-4e186d.o
    0x1000a524   0x1000a524   0x00000110   Code   RO          783    .text.ph_remove_any_head  lto-llvm-4e186d.o
    0x1000a634   0x1000a634   0x0000002c   Code   RO          779    .text.ph_remove_head  lto-llvm-4e186d.o
    0x1000a660   0x1000a660   0x00000100   Code   RO          425    .text.pid_update    lto-llvm-4e186d.o
    0x1000a760   0x1000a760   0x000001e0   Code   RO          923    .text.pll_init      lto-llvm-4e186d.o
    0x1000a940   0x1000a940   0x00000028   Code   RO          685    .text.recursive_mutex_init  lto-llvm-4e186d.o
    0x1000a968   0x1000a968   0x0000000e   Code   RO          907    .text.remove_thumb_bit  lto-llvm-4e186d.o
    0x1000a976   0x1000a976   0x00000002   PAD
    0x1000a978   0x1000a978   0x00000044   Code   RO          325    .text.repeating_timer_1ms_callback  lto-llvm-4e186d.o
    0x1000a9bc   0x1000a9bc   0x00000018   Code   RO          323    .text.repeating_timer_20ms_callback  lto-llvm-4e186d.o
    0x1000a9d4   0x1000a9d4   0x0000005c   Code   RO          749    .text.repeating_timer_callback  lto-llvm-4e186d.o
    0x1000aa30   0x1000aa30   0x0000001c   Code   RO          863    .text.reset_block.435  lto-llvm-4e186d.o
    0x1000aa4c   0x1000aa4c   0x0000001c   Code   RO          925    .text.reset_block.481  lto-llvm-4e186d.o
    0x1000aa68   0x1000aa68   0x0000001c   Code   RO          981    .text.reset_block.532  lto-llvm-4e186d.o
    0x1000aa84   0x1000aa84   0x00000028   Code   RO          995    .text.reset_block.579  lto-llvm-4e186d.o
    0x1000aaac   0x1000aaac   0x00000048   Code   RO          909    .text.resolve_branch  lto-llvm-4e186d.o
    0x1000aaf4   0x1000aaf4   0x00000010   Code   RO          989    .text.running_on_fpga  lto-llvm-4e186d.o
    0x1000ab04   0x1000ab04   0x000000dc   Code   RO          993    .text.runtime_init  lto-llvm-4e186d.o
    0x1000abe0   0x1000abe0   0x00000008   Code   RO          375    .text.send_str      lto-llvm-4e186d.o
    0x1000abe8   0x1000abe8   0x00000010   Code   RO         1015    .text.send_str.specialized.1  lto-llvm-4e186d.o
    0x1000abf8   0x1000abf8   0x00000050   Code   RO          899    .text.set_raw_irq_handler_and_unlock  lto-llvm-4e186d.o
    0x1000ac48   0x1000ac48   0x00000034   Code   RO          317    .text.set_sys_clock_khz  lto-llvm-4e186d.o
    0x1000ac7c   0x1000ac7c   0x00000038   Code   RO          577    .text.set_sys_clock_khz.237  lto-llvm-4e186d.o
    0x1000acb4   0x1000acb4   0x0000000c   Code   RO          791    .text.set_sys_clock_pll  lto-llvm-4e186d.o
    0x1000acc0   0x1000acc0   0x000001c8   Code   RO          395    .text.single_ik     lto-llvm-4e186d.o
    0x1000ae88   0x1000ae88   0x0000001c   Code   RO          761    .text.sleep_ms      lto-llvm-4e186d.o
    0x1000aea4   0x1000aea4   0x000000f8   Code   RO          751    .text.sleep_until   lto-llvm-4e186d.o
    0x1000af9c   0x1000af9c   0x00000060   Code   RO          753    .text.sleep_until_callback  lto-llvm-4e186d.o
    0x1000affc   0x1000affc   0x0000001e   Code   RO          759    .text.sleep_us      lto-llvm-4e186d.o
    0x1000b01a   0x1000b01a   0x00000002   PAD
    0x1000b01c   0x1000b01c   0x00000030   Code   RO          913    .text.slot_diff     lto-llvm-4e186d.o
    0x1000b04c   0x1000b04c   0x0000003c   Code   RO          929    .text.spin_locks_reset  lto-llvm-4e186d.o
    0x1000b088   0x1000b088   0x0000000c   Code   RO          679    .text.stdio_init_all  lto-llvm-4e186d.o
    0x1000b094   0x1000b094   0x00000060   Code   RO          657    .text.stdout_putchar.257  lto-llvm-4e186d.o
    0x1000b0f4   0x1000b0f4   0x00000016   Code   RO          661    .text.stdout_serialize_begin  lto-llvm-4e186d.o
    0x1000b10a   0x1000b10a   0x00000008   Code   RO          673    .text.stdout_serialize_end  lto-llvm-4e186d.o
    0x1000b112   0x1000b112   0x00000002   PAD
    0x1000b114   0x1000b114   0x0000004c   Code   RO          417    .text.step_len_X    lto-llvm-4e186d.o
    0x1000b160   0x1000b160   0x00000064   Code   RO          419    .text.step_len_Y    lto-llvm-4e186d.o
    0x1000b1c4   0x1000b1c4   0x00000050   Code   RO          757    .text.time_reached.319  lto-llvm-4e186d.o
    0x1000b214   0x1000b214   0x0000003c   Code   RO          937    .text.time_us_64    lto-llvm-4e186d.o
    0x1000b250   0x1000b250   0x00000048   Code   RO          695    .text.timer_pool_entry_comparator  lto-llvm-4e186d.o
    0x1000b298   0x1000b298   0x0000000e   Code   RO          669    .text.to_us_since_boot  lto-llvm-4e186d.o
    0x1000b2a6   0x1000b2a6   0x0000000e   Code   RO          699    .text.to_us_since_boot.301  lto-llvm-4e186d.o
    0x1000b2b4   0x1000b2b4   0x0000000e   Code   RO          945    .text.to_us_since_boot.512  lto-llvm-4e186d.o
    0x1000b2c2   0x1000b2c2   0x00000002   PAD
    0x1000b2c4   0x1000b2c4   0x00000088   Code   RO          977    .text.uart_disable_before_lcr_write  lto-llvm-4e186d.o
    0x1000b34c   0x1000b34c   0x00000012   Code   RO          353    .text.uart_get_hw   lto-llvm-4e186d.o
    0x1000b35e   0x1000b35e   0x00000012   Code   RO          387    .text.uart_get_hw.18  lto-llvm-4e186d.o
    0x1000b370   0x1000b370   0x00000012   Code   RO          971    .text.uart_get_hw.529  lto-llvm-4e186d.o
    0x1000b382   0x1000b382   0x00000008   Code   RO          355    .text.uart_get_index  lto-llvm-4e186d.o
    0x1000b38a   0x1000b38a   0x00000008   Code   RO          389    .text.uart_get_index.19  lto-llvm-4e186d.o
    0x1000b392   0x1000b392   0x00000002   PAD
    0x1000b394   0x1000b394   0x00000018   Code   RO          973    .text.uart_get_index.530  lto-llvm-4e186d.o
    0x1000b3ac   0x1000b3ac   0x00000018   Code   RO          359    .text.uart_getc     lto-llvm-4e186d.o
    0x1000b3c4   0x1000b3c4   0x00000080   Code   RO          959    .text.uart_init     lto-llvm-4e186d.o
    0x1000b444   0x1000b444   0x0000001a   Code   RO          357    .text.uart_is_readable  lto-llvm-4e186d.o
    0x1000b45e   0x1000b45e   0x0000001a   Code   RO          385    .text.uart_is_writable  lto-llvm-4e186d.o
    0x1000b478   0x1000b478   0x0000004a   Code   RO          361    .text.uart_read_blocking  lto-llvm-4e186d.o
    0x1000b4c2   0x1000b4c2   0x00000022   Code   RO          961    .text.uart_reset    lto-llvm-4e186d.o
    0x1000b4e4   0x1000b4e4   0x00000090   Code   RO          967    .text.uart_set_baudrate  lto-llvm-4e186d.o
    0x1000b574   0x1000b574   0x00000030   Code   RO          983    .text.uart_set_fifo_enabled  lto-llvm-4e186d.o
    0x1000b5a4   0x1000b5a4   0x00000044   Code   RO          969    .text.uart_set_format  lto-llvm-4e186d.o
    0x1000b5e8   0x1000b5e8   0x00000054   Code   RO          347    .text.uart_set_hw_flow  lto-llvm-4e186d.o
    0x1000b63c   0x1000b63c   0x000000a8   Code   RO          351    .text.uart_set_irq_enables  lto-llvm-4e186d.o
    0x1000b6e4   0x1000b6e4   0x00000016   Code   RO          965    .text.uart_set_translate_crlf  lto-llvm-4e186d.o
    0x1000b6fa   0x1000b6fa   0x00000022   Code   RO          963    .text.uart_unreset  lto-llvm-4e186d.o
    0x1000b71c   0x1000b71c   0x00000050   Code   RO          383    .text.uart_write_blocking  lto-llvm-4e186d.o
    0x1000b76c   0x1000b76c   0x0000004e   Code   RO          975    .text.uart_write_lcr_bits_masked  lto-llvm-4e186d.o
    0x1000b7ba   0x1000b7ba   0x00000002   PAD
    0x1000b7bc   0x1000b7bc   0x00000030   Code   RO          319    .text.unreset_block_wait  lto-llvm-4e186d.o
    0x1000b7ec   0x1000b7ec   0x00000030   Code   RO          861    .text.unreset_block_wait.434  lto-llvm-4e186d.o
    0x1000b81c   0x1000b81c   0x00000030   Code   RO          927    .text.unreset_block_wait.482  lto-llvm-4e186d.o
    0x1000b84c   0x1000b84c   0x00000030   Code   RO          979    .text.unreset_block_wait.531  lto-llvm-4e186d.o
    0x1000b87c   0x1000b87c   0x00000038   Code   RO          997    .text.unreset_block_wait.580  lto-llvm-4e186d.o
    0x1000b8b4   0x1000b8b4   0x00000128   Code   RO          415    .text.update_leg_origins  lto-llvm-4e186d.o
    0x1000b9dc   0x1000b9dc   0x0000002c   Code   RO          671    .text.update_us_since_boot  lto-llvm-4e186d.o
    0x1000ba08   0x1000ba08   0x0000002c   Code   RO          737    .text.update_us_since_boot.307  lto-llvm-4e186d.o
    0x1000ba34   0x1000ba34   0x00000034   Code   RO          941    .text.update_us_since_boot.509  lto-llvm-4e186d.o
    0x1000ba68   0x1000ba68   0x0000001c   Code   RO          985    .text.watchdog_start_tick  lto-llvm-4e186d.o
    0x1000ba84   0x1000ba84   0x00000048   Code   RO          987    .text.xosc_init     lto-llvm-4e186d.o
    0x1000bacc   0x1000bacc   0x0000000c   Ven    RO         1181    Veneer$$Code        anon$$obj.o
    0x1000bad8   0x1000bad8   0x0000000c   Ven    RO         1182    Veneer$$Code        anon$$obj.o
    0x1000bae4   0x1000bae4   0x0000000c   Ven    RO         1183    Veneer$$Code        anon$$obj.o
    0x1000baf0   0x1000baf0   0x00000028   Code   RO          122    i.__0sprintf        mc_p.l(printfa.o)
    0x1000bb18   0x1000bb18   0x00000014   Code   RO          124    i.__0vprintf        mc_p.l(printfa.o)
    0x1000bb2c   0x1000bb2c   0x0000002e   Code   RO          301    i.__ARM_clz         mf_p.l(depilogue.o)
    0x1000bb5a   0x1000bb5a   0x00000032   Code   RO          199    i.__ARM_common_ll_muluu  m_ps.l(rredf.o)
    0x1000bb8c   0x1000bb8c   0x00000022   Code   RO          179    i.__ARM_fpclassifyf  m_ps.l(fpclassifyf.o)
    0x1000bbae   0x1000bbae   0x0000000a   Code   RO          182    i.__mathlib_flt_infnan  m_ps.l(funder.o)
    0x1000bbb8   0x1000bbb8   0x00000008   Code   RO          183    i.__mathlib_flt_infnan2  m_ps.l(funder.o)
    0x1000bbc0   0x1000bbc0   0x0000000c   Code   RO          184    i.__mathlib_flt_invalid  m_ps.l(funder.o)
    0x1000bbcc   0x1000bbcc   0x0000000e   Code   RO          187    i.__mathlib_flt_underflow  m_ps.l(funder.o)
    0x1000bbda   0x1000bbda   0x00000002   PAD
    0x1000bbdc   0x1000bbdc   0x00000180   Code   RO          195    i.__mathlib_rredf2  m_ps.l(rredf.o)
    0x1000bd5c   0x1000bd5c   0x0000000e   Code   RO         1173    i.__scatterload_copy  mc_p.l(handlers.o)
    0x1000bd6a   0x1000bd6a   0x00000002   Code   RO         1174    i.__scatterload_null  mc_p.l(handlers.o)
    0x1000bd6c   0x1000bd6c   0x0000000e   Code   RO         1175    i.__scatterload_zeroinit  mc_p.l(handlers.o)
    0x1000bd7a   0x1000bd7a   0x00000002   PAD
    0x1000bd7c   0x1000bd7c   0x0000000c   Code   RO          229    i.__set_errno       mc_p.l(errno.o)
    0x1000bd88   0x1000bd88   0x00000174   Code   RO          127    i._fp_digits        mc_p.l(printfa.o)
    0x1000befc   0x1000befc   0x0000000e   Code   RO          242    i._is_digit         mc_p.l(scanf_fp.o)
    0x1000bf0a   0x1000bf0a   0x00000002   PAD
    0x1000bf0c   0x1000bf0c   0x000006ec   Code   RO          128    i._printf_core      mc_p.l(printfa.o)
    0x1000c5f8   0x1000c5f8   0x00000020   Code   RO          129    i._printf_post_padding  mc_p.l(printfa.o)
    0x1000c618   0x1000c618   0x0000002c   Code   RO          130    i._printf_pre_padding  mc_p.l(printfa.o)
    0x1000c644   0x1000c644   0x0000000a   Code   RO          132    i._sputc            mc_p.l(printfa.o)
    0x1000c64e   0x1000c64e   0x00000002   PAD
    0x1000c650   0x1000c650   0x0000010c   Code   RO           79    i.acosf             m_ps.l(acosf.o)
    0x1000c75c   0x1000c75c   0x00000118   Code   RO           83    i.asinf             m_ps.l(asinf.o)
    0x1000c874   0x1000c874   0x0000029c   Code   RO           87    i.atan2f            m_ps.l(atan2f.o)
    0x1000cb10   0x1000cb10   0x00000178   Code   RO           91    i.cosf              m_ps.l(cosf.o)
    0x1000cc88   0x1000cc88   0x00000018   Code   RO          105    i.fputs             mc_p.l(fputs.o)
    0x1000cca0   0x1000cca0   0x00000020   Code   RO          107    i.puts              mc_p.l(puts.o)
    0x1000ccc0   0x1000ccc0   0x00000074   Code   RO         1144    i.roundf            m_ps.l(roundf.o)
    0x1000cd34   0x1000cd34   0x00000184   Code   RO           95    i.sinf              m_ps.l(sinf.o)
    0x1000ceb8   0x1000ceb8   0x0000002c   Code   RO           99    i.sqrtf             m_ps.l(sqrtf.o)
    0x1000cee4   0x1000cee4   0x00000020   Data   RO          196    .constdata          m_ps.l(rredf.o)
    0x1000cf04   0x1000cf04   0x00000040   Data   RO          312    .constdata          mc_p.l(ctype_c.o)
    0x1000cf44   0x1000cf44   0x00000010   Data   RO         1039    .rodata..L__const.Dog_Control.pos  lto-llvm-4e186d.o
    0x1000cf54   0x1000cf54   0x00000020   Data   RO         1103    .rodata..L__const.LSM6DSO_Initialization.io_ctx  lto-llvm-4e186d.o
    0x1000cf74   0x1000cf74   0x00000030   Data   RO         1056    .rodata..L__const.calc_leg_pose.foot  lto-llvm-4e186d.o
    0x1000cfa4   0x1000cfa4   0x00000030   Data   RO         1055    .rodata..L__const.calc_leg_pose.hip  lto-llvm-4e186d.o
    0x1000cfd4   0x1000cfd4   0x00000018   Data   RO         1106    .rodata.EventRecorderInfo  lto-llvm-4e186d.o
    0x1000cfec   0x1000cfec   0x00000060   Data   RO         1098    .rodata.NCP_List    lto-llvm-4e186d.o
    0x1000d04c   0x1000d04c   0x00000b89   Data   RO         1022    .rodata.str1.1      lto-llvm-4e186d.o
    0x1000dbd5   0x1000dbd5   0x00000003   PAD
    0x1000dbd8   0x1000dbd8   0x00000050   Data   RO         1172    Region$$Table       anon$$obj.o
    0x1000dc28   0x1000dc28   0x00000004   Data   RO         1110    .init_array.101     lto-llvm-4e186d.o
    0x1000dc2c   0x1000dc28   0x00000004   Data   RO         1111    .init_array         lto-llvm-4e186d.o
    0x1000dc30   0x1000dc28   0x00000000   Data   RO         1151    .init_array         mc_p.l(cpp_init.o)


    Execution Region ER_RAM_VECTOR_TABLE (Exec base: 0x20000000, Load base: 0x1000dc30, Size: 0x000000c0, Max: 0xffffffff, ABSOLUTE)

    Exec Addr    Load Addr    Size         Type   Attr      Idx    E Section Name        Object

    0x20000000   0x1000dc30   0x000000c0   Data   RW         1134    .ram_vector_table   lto-llvm-4e186d.o


    Execution Region ARM_LIB_STACK_ONE (Exec base: 0x200000c0, Load base: 0x1000dcf0, Size: 0x00000200, Max: 0x00000200, ABSOLUTE)

    Exec Addr    Load Addr    Size         Type   Attr      Idx    E Section Name        Object

    0x200000c0        -       0x00000200   Zero   RW            2    ARM_LIB_STACK_ONE.bss  anon$$obj.o


    Execution Region ARM_LIB_STACK (Exec base: 0x200002c0, Load base: 0x1000dcf0, Size: 0x00001000, Max: 0x00001000, ABSOLUTE)

    Exec Addr    Load Addr    Size         Type   Attr      Idx    E Section Name        Object

    0x200002c0        -       0x00001000   Zero   RW            3    ARM_LIB_STACK.bss   anon$$obj.o


    Execution Region ER_MUTEX_ARRAY (Exec base: 0x200012c0, Load base: 0x1000dcf0, Size: 0x00000008, Max: 0xffffffff, ABSOLUTE)

    Exec Addr    Load Addr    Size         Type   Attr      Idx    E Section Name        Object

    0x200012c0   0x1000dcf0   0x00000008   Data   RW         1114    .mutex_array        lto-llvm-4e186d.o


    Execution Region RW_RAM (Exec base: 0x200012c8, Load base: 0x1000dcf8, Size: 0x00000c4c, Max: 0xffffffff, ABSOLUTE, COMPRESSED[0x00000090])

    Exec Addr    Load Addr    Size         Type   Attr      Idx    E Section Name        Object

    0x200012c8   0x1000dcf8   0x0000004c   Code   RO          817    .time_critical.flash_cs_force  lto-llvm-4e186d.o
    0x20001314   0x1000dd44   0x00000170   Code   RO          815    .time_critical.flash_do_cmd  lto-llvm-4e186d.o
    0x20001484   0x1000deb4   0x0000000c   Code   RO          813    .time_critical.flash_enable_xip_via_boot2  lto-llvm-4e186d.o
    0x20001490   0x1000dec0   0x00000048   Code   RO          811    .time_critical.flash_init_boot2_copyout  lto-llvm-4e186d.o
    0x200014d8   0x1000df08   0x000000e8   Code   RO          691    .time_critical.mutex_enter_block_until  lto-llvm-4e186d.o
    0x200015c0   0x1000dff0   0x00000080   Code   RO          693    .time_critical.mutex_exit  lto-llvm-4e186d.o
    0x20001640   0x1000e070   0x0000009a   Code   RO          687    .time_critical.mutex_try_enter  lto-llvm-4e186d.o
    0x200016da   COMPRESSED   0x00000002   PAD
    0x200016dc   0x1000e10c   0x00000058   Code   RO          689    .time_critical.mutex_try_enter_block_until  lto-llvm-4e186d.o
    0x20001734   0x1000e164   0x0000000c   Ven    RO         1184    Veneer$$Code        anon$$obj.o
    0x20001740   0x1000e170   0x0000000c   Ven    RO         1185    Veneer$$Code        anon$$obj.o
    0x2000174c   COMPRESSED   0x00000048   Code   RW           59    .data               irq_handler_chain.o
    0x20001794   COMPRESSED   0x00000004   Data   RW          115    .data               mc_p.l(stdout.o)
    0x20001798   COMPRESSED   0x00000004   Data   RW          116    .data               mc_p.l(stderr.o)
    0x2000179c   COMPRESSED   0x00000004   Data   RW          230    .data               mc_p.l(errno.o)
    0x200017a0   COMPRESSED   0x00000004   Data   RW         1059    .data.DogCtrl.1     lto-llvm-4e186d.o
    0x200017a4   COMPRESSED   0x00000004   Data   RW         1069    .data.DogCtrl.11    lto-llvm-4e186d.o
    0x200017a8   COMPRESSED   0x00000004   Data   RW         1062    .data.DogCtrl.4     lto-llvm-4e186d.o
    0x200017ac   COMPRESSED   0x00000004   Data   RW         1032    .data.beta          lto-llvm-4e186d.o
    0x200017b0   COMPRESSED   0x00000018   Data   RW         1115    .data.default_alarm_pool  lto-llvm-4e186d.o
    0x200017c8   COMPRESSED   0x00000010   Data   RW         1118    .data.default_alarm_pool_heap  lto-llvm-4e186d.o
    0x200017d8   COMPRESSED   0x00000008   Data   RW         1132    .data.i2c0_inst     lto-llvm-4e186d.o
    0x200017e0   COMPRESSED   0x00000008   Data   RW         1133    .data.i2c1_inst     lto-llvm-4e186d.o
    0x200017e8   COMPRESSED   0x0000000c   Data   RW         1100    .data.interp_pitch  lto-llvm-4e186d.o
    0x200017f4   COMPRESSED   0x0000000c   Data   RW         1094    .data.interp_pitch_pid  lto-llvm-4e186d.o
    0x20001800   COMPRESSED   0x0000000c   Data   RW         1099    .data.interp_roll   lto-llvm-4e186d.o
    0x2000180c   COMPRESSED   0x0000000c   Data   RW         1093    .data.interp_roll_pid  lto-llvm-4e186d.o
    0x20001818   COMPRESSED   0x0000000c   Data   RW         1095    .data.interp_x      lto-llvm-4e186d.o
    0x20001824   COMPRESSED   0x0000000c   Data   RW         1096    .data.interp_y      lto-llvm-4e186d.o
    0x20001830   COMPRESSED   0x0000000c   Data   RW         1101    .data.interp_yaw    lto-llvm-4e186d.o
    0x2000183c   COMPRESSED   0x0000000c   Data   RW         1097    .data.interp_z      lto-llvm-4e186d.o
    0x20001848   COMPRESSED   0x0000001c   Data   RW         1091    .data.pitch_pid     lto-llvm-4e186d.o
    0x20001864   COMPRESSED   0x00000004   Data   RW         1033    .data.q0            lto-llvm-4e186d.o
    0x20001868   COMPRESSED   0x0000001c   Data   RW         1089    .data.roll_pid      lto-llvm-4e186d.o
    0x20001884   COMPRESSED   0x00000001   Data   RW         1127    .data.striped_spin_lock_num  lto-llvm-4e186d.o
    0x20001885   COMPRESSED   0x00000003   PAD
    0x20001888        -       0x00000002   Zero   RW         1038    .bss.ADDR           lto-llvm-4e186d.o
    0x2000188a        -       0x00000032   Zero   RW         1074    .bss.CDC_TX_BUF     lto-llvm-4e186d.o
    0x200018bc        -       0x00000004   Zero   RW         1075    .bss.Cal_trot.t     lto-llvm-4e186d.o
    0x200018c0        -       0x00000030   Zero   RW         1079    .bss.Dog            lto-llvm-4e186d.o
    0x200018f0        -       0x00000001   Zero   RW         1058    .bss.DogCtrl.0      lto-llvm-4e186d.o
    0x200018f1   COMPRESSED   0x00000003   PAD
    0x200018f4        -       0x00000004   Zero   RW         1068    .bss.DogCtrl.10     lto-llvm-4e186d.o
    0x200018f8        -       0x00000004   Zero   RW         1060    .bss.DogCtrl.2      lto-llvm-4e186d.o
    0x200018fc        -       0x00000004   Zero   RW         1061    .bss.DogCtrl.3      lto-llvm-4e186d.o
    0x20001900        -       0x00000004   Zero   RW         1063    .bss.DogCtrl.5      lto-llvm-4e186d.o
    0x20001904        -       0x00000004   Zero   RW         1064    .bss.DogCtrl.6      lto-llvm-4e186d.o
    0x20001908        -       0x00000004   Zero   RW         1065    .bss.DogCtrl.7      lto-llvm-4e186d.o
    0x2000190c        -       0x00000004   Zero   RW         1066    .bss.DogCtrl.8      lto-llvm-4e186d.o
    0x20001910        -       0x00000004   Zero   RW         1067    .bss.DogCtrl.9      lto-llvm-4e186d.o
    0x20001914        -       0x00000001   Zero   RW         1029    .bss.ESP_RX_Result  lto-llvm-4e186d.o
    0x20001915        -       0x000001a4   Zero   RW         1023    .bss.FIFO_BUF       lto-llvm-4e186d.o
    0x20001ab9        -       0x00000001   Zero   RW         1019    .bss.FIFO_NUM       lto-llvm-4e186d.o
    0x20001aba   COMPRESSED   0x00000002   PAD
    0x20001abc        -       0x00000004   Zero   RW         1092    .bss.LSM6DSOW_Pitch  lto-llvm-4e186d.o
    0x20001ac0        -       0x00000004   Zero   RW         1090    .bss.LSM6DSOW_Roll  lto-llvm-4e186d.o
    0x20001ac4        -       0x00000004   Zero   RW         1073    .bss.LSM6DSOW_Yaw   lto-llvm-4e186d.o
    0x20001ac8        -       0x00000004   Zero   RW         1025    .bss.Madgwick_Process_FIFO.last_timestamp  lto-llvm-4e186d.o
    0x20001acc        -       0x00000004   Zero   RW         1070    .bss.Offset_Trun    lto-llvm-4e186d.o
    0x20001ad0        -       0x00000004   Zero   RW         1020    .bss.Pos_Stand_Time  lto-llvm-4e186d.o
    0x20001ad4        -       0x00000002   Zero   RW         1043    .bss.Servo_Pwm.0    lto-llvm-4e186d.o
    0x20001ad6        -       0x00000002   Zero   RW         1044    .bss.Servo_Pwm.1    lto-llvm-4e186d.o
    0x20001ad8        -       0x00000002   Zero   RW         1053    .bss.Servo_Pwm.10   lto-llvm-4e186d.o
    0x20001ada        -       0x00000002   Zero   RW         1054    .bss.Servo_Pwm.11   lto-llvm-4e186d.o
    0x20001adc        -       0x00000002   Zero   RW         1045    .bss.Servo_Pwm.2    lto-llvm-4e186d.o
    0x20001ade        -       0x00000002   Zero   RW         1046    .bss.Servo_Pwm.3    lto-llvm-4e186d.o
    0x20001ae0        -       0x00000002   Zero   RW         1047    .bss.Servo_Pwm.4    lto-llvm-4e186d.o
    0x20001ae2        -       0x00000002   Zero   RW         1048    .bss.Servo_Pwm.5    lto-llvm-4e186d.o
    0x20001ae4        -       0x00000002   Zero   RW         1049    .bss.Servo_Pwm.6    lto-llvm-4e186d.o
    0x20001ae6        -       0x00000002   Zero   RW         1050    .bss.Servo_Pwm.7    lto-llvm-4e186d.o
    0x20001ae8        -       0x00000002   Zero   RW         1051    .bss.Servo_Pwm.8    lto-llvm-4e186d.o
    0x20001aea        -       0x00000002   Zero   RW         1052    .bss.Servo_Pwm.9    lto-llvm-4e186d.o
    0x20001aec        -       0x00000001   Zero   RW         1057    .bss.Start_Flag     lto-llvm-4e186d.o
    0x20001aed   COMPRESSED   0x00000003   PAD
    0x20001af0        -       0x00000004   Zero   RW         1107    .bss.SysTickCount   lto-llvm-4e186d.o
    0x20001af4        -       0x00000001   Zero   RW         1108    .bss.SysTickUpdated  lto-llvm-4e186d.o
    0x20001af5        -       0x00000001   Zero   RW         1021    .bss.TIMER_20MS_FLAG  lto-llvm-4e186d.o
    0x20001af6        -       0x00000001   Zero   RW         1109    .bss.TS_OverflowLock  lto-llvm-4e186d.o
    0x20001af7        -       0x00000001   Zero   RW         1037    .bss.UART_REG_TX_State  lto-llvm-4e186d.o
    0x20001af8        -       0x00000001   Zero   RW         1072    .bss.Yaw_Correct.moving_last  lto-llvm-4e186d.o
    0x20001af9   COMPRESSED   0x00000003   PAD
    0x20001afc        -       0x00000004   Zero   RW         1071    .bss.Yaw_Correct.yaw_ref  lto-llvm-4e186d.o
    0x20001b00        -       0x00000010   Zero   RW         1129    .bss.alarm_callbacks  lto-llvm-4e186d.o
    0x20001b10        -       0x00000100   Zero   RW         1124    .bss.boot2_copyout  lto-llvm-4e186d.o
    0x20001c10        -       0x00000001   Zero   RW         1123    .bss.boot2_copyout_valid  lto-llvm-4e186d.o
    0x20001c11   COMPRESSED   0x00000003   PAD
    0x20001c14        -       0x00000008   Zero   RW         1125    .bss.callbacks      lto-llvm-4e186d.o
    0x20001c1c        -       0x00000001   Zero   RW         1128    .bss.claimed.498    lto-llvm-4e186d.o
    0x20001c1d   COMPRESSED   0x00000003   PAD
    0x20001c20        -       0x00000028   Zero   RW         1122    .bss.configured_freq  lto-llvm-4e186d.o
    0x20001c48        -       0x00000100   Zero   RW         1119    .bss.default_alarm_pool_entries  lto-llvm-4e186d.o
    0x20001d48        -       0x00000010   Zero   RW         1120    .bss.default_alarm_pool_entry_ids_high  lto-llvm-4e186d.o
    0x20001d58        -       0x00000030   Zero   RW         1121    .bss.default_alarm_pool_heap_nodes  lto-llvm-4e186d.o
    0x20001d88        -       0x00000080   Zero   RW         1028    .bss.esp_rx_buffer  lto-llvm-4e186d.o
    0x20001e08        -       0x00000004   Zero   RW         1027    .bss.esp_rx_pos     lto-llvm-4e186d.o
    0x20001e0c        -       0x00000008   Zero   RW         1040    .bss.hip            lto-llvm-4e186d.o
    0x20001e14        -       0x00000001   Zero   RW         1126    .bss.irq_hander_chain_free_slot_head  lto-llvm-4e186d.o
    0x20001e15   COMPRESSED   0x00000001   PAD
    0x20001e16        -       0x00000008   Zero   RW         1042    .bss.knee           lto-llvm-4e186d.o
    0x20001e1e   COMPRESSED   0x00000002   PAD
    0x20001e20        -       0x00000004   Zero   RW         1080    .bss.lb0.0          lto-llvm-4e186d.o
    0x20001e24        -       0x00000004   Zero   RW         1081    .bss.lb0.1          lto-llvm-4e186d.o
    0x20001e28        -       0x00000004   Zero   RW         1082    .bss.lb0.2          lto-llvm-4e186d.o
    0x20001e2c        -       0x00000004   Zero   RW         1083    .bss.lf0.0          lto-llvm-4e186d.o
    0x20001e30        -       0x00000004   Zero   RW         1084    .bss.lf0.1          lto-llvm-4e186d.o
    0x20001e34        -       0x00000004   Zero   RW         1085    .bss.lf0.2          lto-llvm-4e186d.o
    0x20001e38        -       0x00000038   Zero   RW         1102    .bss.lsm6dso_obj    lto-llvm-4e186d.o
    0x20001e70        -       0x00000010   Zero   RW         1117    .bss.pools          lto-llvm-4e186d.o
    0x20001e80        -       0x00000004   Zero   RW         1034    .bss.q1             lto-llvm-4e186d.o
    0x20001e84        -       0x00000004   Zero   RW         1035    .bss.q2             lto-llvm-4e186d.o
    0x20001e88        -       0x00000004   Zero   RW         1036    .bss.q3             lto-llvm-4e186d.o
    0x20001e8c        -       0x00000004   Zero   RW         1086    .bss.rb0.0          lto-llvm-4e186d.o
    0x20001e90        -       0x00000004   Zero   RW         1087    .bss.rb0.1          lto-llvm-4e186d.o
    0x20001e94        -       0x00000004   Zero   RW         1088    .bss.rb0.2          lto-llvm-4e186d.o
    0x20001e98        -       0x00000004   Zero   RW         1024    .bss.repeating_timer_1ms_callback.mode_control_counter  lto-llvm-4e186d.o
    0x20001e9c        -       0x00000008   Zero   RW         1135    .bss.retrieved_id   lto-llvm-4e186d.o
    0x20001ea4        -       0x00000004   Zero   RW         1076    .bss.rf0.0          lto-llvm-4e186d.o
    0x20001ea8        -       0x00000004   Zero   RW         1077    .bss.rf0.1          lto-llvm-4e186d.o
    0x20001eac        -       0x00000004   Zero   RW         1078    .bss.rf0.2          lto-llvm-4e186d.o
    0x20001eb0        -       0x00000004   Zero   RW         1116    .bss.sleep_notifier  lto-llvm-4e186d.o
    0x20001eb4        -       0x00000008   Zero   RW         1113    .bss.stdout_putchar.buffer.261  lto-llvm-4e186d.o
    0x20001ebc        -       0x00000004   Zero   RW         1112    .bss.stdout_putchar.index.258  lto-llvm-4e186d.o
    0x20001ec0        -       0x00000004   Zero   RW         1104    .bss.sysTickMs      lto-llvm-4e186d.o
    0x20001ec4        -       0x00000010   Zero   RW         1131    .bss.target_hi      lto-llvm-4e186d.o
    0x20001ed4        -       0x00000008   Zero   RW         1041    .bss.thigh          lto-llvm-4e186d.o
    0x20001edc   COMPRESSED   0x00000004   PAD
    0x20001ee0        -       0x00000018   Zero   RW         1031    .bss.timer_1ms      lto-llvm-4e186d.o
    0x20001ef8        -       0x00000018   Zero   RW         1030    .bss.timer_20ms     lto-llvm-4e186d.o
    0x20001f10        -       0x00000001   Zero   RW         1130    .bss.timer_callbacks_pending  lto-llvm-4e186d.o


    Execution Region RW_IRAM_NOINIT (Exec base: 0x20001f40, Load base: 0x1000e20c, Size: 0x000004a4, Max: 0xffffffff, ABSOLUTE, UNINIT)

    Exec Addr    Load Addr    Size         Type   Attr      Idx    E Section Name        Object

    0x20001f40        -       0x000004a4   Zero   RW         1105    .bss.noinit         lto-llvm-4e186d.o


    Execution Region ARM_LIB_HEAP (Exec base: 0x200023e8, Load base: 0x1000e20c, Size: 0x00001000, Max: 0x00001000, ABSOLUTE)

    Exec Addr    Load Addr    Size         Type   Attr      Idx    E Section Name        Object

    0x200023e8        -       0x00001000   Zero   RW            4    ARM_LIB_HEAP.bss    anon$$obj.o


    Execution Region SRAM_WATERMARK (Exec base: 0x200033e8, Load base: 0x1000e20c, Size: 0x00000000, Max: 0x00000000, ABSOLUTE)

    Exec Addr    Load Addr    Size         Type   Attr      Idx    E Section Name        Object

    0x200033e8        -       0x00000000   Zero   RW            5    SRAM_WATERMARK.bss  anon$$obj.o


==============================================================================

Image component sizes


      Code (inc. data)   RO Data    RW Data    ZI Data      Debug   Object Name

       240         36          0          0          0       1023   compile_time_choice.o
        72         52          0          0          0          0   irq_handler_chain.o
     42786       2312       3417        429       2837     174992   lto-llvm-4e186d.o

    ----------------------------------------------------------------------
     43210       2420       3500        432      11584     176015   Object Totals
        60         20         80          0       8720          0   (incl. Generated)
        52          0          3          3         27          0   (incl. Padding)

    ----------------------------------------------------------------------

      Code (inc. data)   RO Data    RW Data    ZI Data      Debug   Library Member Name

       268         40          0          0          0         76   acosf.o
       280         38          0          0          0         76   asinf.o
       668         76          0          0          0        120   atan2f.o
       376         58          0          0          0        104   cosf.o
        34          0          0          0          0         60   fpclassifyf.o
        44          0          0          0          0        272   funder.o
       116          0          0          0          0         72   roundf.o
       434         18         32          0          0        168   rredf.o
       388         58          0          0          0        104   sinf.o
        44          0          0          0          0         72   sqrtf.o
        58          0          0          0          0          0   __dczerorl.o
        30          0          0          0          0         60   _chval.o
       824         12          0          0          0         84   _scanf.o
       330          0          0          0          0         84   _scanf_int.o
       330          0          0          0          0         84   _scanf_longlong.o
       232          0          0          0          0         84   _scanf_str.o
        68          0          0          0          0         76   _sgetc.o
        40          8          0          0          0         72   cpp_init.o
        36          4         64          0          0         60   ctype_c.o
         0          0          0          0          0          0   entry.o
         0          0          0          0          0          0   entry10a.o
         0          0          0          0          0          0   entry11a.o
         8          4          0          0          0          0   entry4.o
         4          0          0          0          0          0   entry5.o
         0          0          0          0          0          0   entry7b.o
         4          0          0          0          0          0   entry8a.o
         0          0          0          0          0          0   entry8b.o
         8          4          0          0          0          0   entry9a.o
        12          6          0          4          0         60   errno.o
        24          0          0          0          0         72   fputs.o
        30          0          0          0          0          0   handlers.o
        80          6          0          0          0         72   idiv_div0.o
        48         10          0          0          0         68   init.o
        14          0          0          0          0         68   isspace_c.o
         0          0          0          0          0          0   iusefp.o
        48          0          0          0          0         72   llmul.o
        32          0          0          0          0         68   llshl.o
        38          0          0          0          0         68   llsshr.o
        34          0          0          0          0         68   llushr.o
        36          0          0          0          0         60   memcpya.o
        36          0          0          0          0        100   memseta.o
      2290        102          0          0          0        540   printfa.o
        32          4          0          0          0         68   puts.o
        44          8          0          0          0         84   scanf_char.o
       898         14          0          0          0        184   scanf_fp.o
        60         10          0          0          0         84   sscanf.o
         0          0          0          4          0          0   stderr.o
         0          0          0          4          0          0   stdout.o
        62          0          0          0          0         72   uidiv_div0.o
        96          0          0          0          0         84   uldiv.o
        40          2          0          0          0         68   cdrcmple.o
        56          0          0          0          0         68   d2f.o
       356          4          0          0          0        140   dadd.o
       240          6          0          0          0         84   ddiv.o
       236          0          0          0          0        216   depilogue.o
        64         10          0          0          0         68   dfixul.o
        28          6          0          0          0         68   dfltul.o
       208          6          0          0          0         88   dmul.o
        40          0          0          0          0         60   f2d.o
       178          0          0          0          0        108   fadd.o
        28          0          0          0          0         60   fcmpeq.o
        28          0          0          0          0         60   fcmpge.o
        28          0          0          0          0         60   fcmpgt.o
        28          0          0          0          0         60   fcmple.o
        28          0          0          0          0         60   fcmplt.o
       124          0          0          0          0         72   fdiv.o
       130          0          0          0          0        144   fepilogue.o
        50          0          0          0          0         60   ffixi.o
        22          0          0          0          0         68   fflti.o
        14          0          0          0          0         68   ffltui.o
       122          0          0          0          0         72   fmul.o
        62          0          0          0          0         68   frnd.o
        24          0          0          0          0         60   fscalb.o
        88          0          0          0          0         72   fsqrt.o

    ----------------------------------------------------------------------
     10774        514         96         12          0       5572   Library Totals
        14          0          0          0          0          0   (incl. Padding)

    ----------------------------------------------------------------------

      Code (inc. data)   RO Data    RW Data    ZI Data      Debug   Library Name

      2652        288         32          0          0       1124   m_ps.l
      5886        192         64         12          0       2496   mc_p.l
      2222         34          0          0          0       1952   mf_p.l

    ----------------------------------------------------------------------
     10774        514         96         12          0       5572   Library Totals

    ----------------------------------------------------------------------

==============================================================================


      Code (inc. data)   RO Data    RW Data    ZI Data      Debug   

     53984       2934       3596        444      11584     178819   Grand Totals
     53984       2934       3596        344      11584     178819   ELF Image Totals (compressed)
     53984       2934       3596        344          0          0   ROM Totals

==============================================================================

    Total RO  Size (Code + RO Data)                57580 (  56.23kB)
    Total RW  Size (RW Data + ZI Data)             12028 (  11.75kB)
    Total ROM Size (Code + RO Data + RW Data)      57924 (  56.57kB)

==============================================================================

