<!doctype html public "-//w3c//dtd html 4.0 transitional//en">
<html><head>
<title>Static Call Graph - [.\Objects\rp2040_example.axf]</title></head>
<body><HR>
<H1>Static Call Graph for image .\Objects\rp2040_example.axf</H1><HR>
<BR><P>#&#060CALLGRAPH&#062# ARM Linker, 6240002: Last Updated: Tue Nov 11 18:27:19 2025
<BR><P>
<H3>Maximum Stack Usage =       1112 bytes + Unknown(Functions without stacksize, Cycles, Untraceable Function Pointers)</H3><H3>
Call chain for Maximum Stack Depth:</H3>
main &rArr; Stand_Up_Smoothly &rArr; Delay_MS &rArr; sleep_ms &rArr; sleep_us &rArr; sleep_until &rArr; panic &rArr; vprintf &rArr; stdout_serialize_begin &rArr; mutex_try_enter_block_until &rArr; mutex_enter_block_until &rArr; best_effort_wfe_or_timeout &rArr; add_alarm_at &rArr; alarm_pool_add_alarm_at &rArr; add_alarm_under_lock &rArr; ph_remove_and_free_node &rArr; ph_remove_and_free_head &rArr; ph_remove_head &rArr; ph_remove_any_head &rArr; ph_merge_two_pass &rArr;  ph_merge_two_pass (Cycle)
<P>
<H3>
Functions with no stack information
</H3><UL>
 <LI><a href="#[102]">_stage2_boot</a>
 <LI><a href="#[1b7]">read_flash_sreg</a>
</UL>
</UL>
<P>
<H3>
Mutually Recursive functions
</H3> <LI><a href="#[13d]">stdout_putchar.257</a>&nbsp;&nbsp;&nbsp;&rArr;&nbsp;&nbsp;&nbsp;<a href="#[fe]">__aeabi_assert</a><BR>
 <LI><a href="#[185]">ph_merge_two_pass</a>&nbsp;&nbsp;&nbsp;&rArr;&nbsp;&nbsp;&nbsp;<a href="#[185]">ph_merge_two_pass</a><BR>
</UL>
<P>
<H3>
Function Pointers
</H3><UL>
 <LI><a href="#[1c]">BSP_GetTick</a> from lto-llvm-4e186d.o(.text.BSP_GetTick) referenced from lto-llvm-4e186d.o(.rodata..L__const.LSM6DSO_Initialization.io_ctx)
 <LI><a href="#[19]">BSP_I2C1_DeInit</a> from lto-llvm-4e186d.o(.text.BSP_I2C1_DeInit) referenced from lto-llvm-4e186d.o(.rodata..L__const.LSM6DSO_Initialization.io_ctx)
 <LI><a href="#[18]">BSP_I2C1_Init</a> from lto-llvm-4e186d.o(.text.BSP_I2C1_Init) referenced from lto-llvm-4e186d.o(.rodata..L__const.LSM6DSO_Initialization.io_ctx)
 <LI><a href="#[1b]">BSP_I2C1_ReadReg</a> from lto-llvm-4e186d.o(.text.BSP_I2C1_ReadReg) referenced from lto-llvm-4e186d.o(.rodata..L__const.LSM6DSO_Initialization.io_ctx)
 <LI><a href="#[1a]">BSP_I2C1_WriteReg</a> from lto-llvm-4e186d.o(.text.BSP_I2C1_WriteReg) referenced from lto-llvm-4e186d.o(.rodata..L__const.LSM6DSO_Initialization.io_ctx)
 <LI><a href="#[2]">Default_Handler</a> from lto-llvm-4e186d.o(.text.Default_Handler) referenced from lto-llvm-4e186d.o(.text.irq_add_tail_to_free_list)
 <LI><a href="#[2]">Default_Handler</a> from lto-llvm-4e186d.o(.text.Default_Handler) referenced from lto-llvm-4e186d.o(.text.irq_remove_handler)
 <LI><a href="#[2]">Default_Handler</a> from lto-llvm-4e186d.o(.text.Default_Handler) referenced from lto-llvm-4e186d.o(.text.irq_set_exclusive_handler)
 <LI><a href="#[2]">Default_Handler</a> from lto-llvm-4e186d.o(.text.Default_Handler) referenced 29 times from lto-llvm-4e186d.o(RESET)
 <LI><a href="#[1d]">Delay_MS</a> from lto-llvm-4e186d.o(.text.Delay_MS) referenced from lto-llvm-4e186d.o(.rodata..L__const.LSM6DSO_Initialization.io_ctx)
 <LI><a href="#[3]">HardFault_Handler</a> from lto-llvm-4e186d.o(.text.HardFault_Handler) referenced from lto-llvm-4e186d.o(RESET)
 <LI><a href="#[a]">ReadRegWrap</a> from lto-llvm-4e186d.o(.text.ReadRegWrap) referenced from lto-llvm-4e186d.o(.text.LSM6DSO_RegisterBusIO)
 <LI><a href="#[1]">Reset_Handler</a> from lto-llvm-4e186d.o(.text.Reset_Handler) referenced from lto-llvm-4e186d.o(RESET)
 <LI><a href="#[4]">SysTick_Handler</a> from lto-llvm-4e186d.o(.text.SysTick_Handler) referenced from lto-llvm-4e186d.o(RESET)
 <LI><a href="#[b]">WriteRegWrap</a> from lto-llvm-4e186d.o(.text.WriteRegWrap) referenced from lto-llvm-4e186d.o(.text.LSM6DSO_RegisterBusIO)
 <LI><a href="#[1e]">__pico_entry</a> from lto-llvm-4e186d.o(.text.__pico_entry) referenced from lto-llvm-4e186d.o(.init_array.101)
 <LI><a href="#[1f]">_retrieve_unique_id_on_boot</a> from lto-llvm-4e186d.o(.text._retrieve_unique_id_on_boot) referenced from lto-llvm-4e186d.o(.init_array)
 <LI><a href="#[7]">_sbackspace</a> from _sgetc.o(.text) referenced from sscanf.o(.text)
 <LI><a href="#[8]">_scanf_char_input</a> from scanf_char.o(.text) referenced from scanf_char.o(.text)
 <LI><a href="#[6]">_sgetc</a> from _sgetc.o(.text) referenced from sscanf.o(.text)
 <LI><a href="#[16]">_sputc</a> from printfa.o(i._sputc) referenced from printfa.o(i.__0sprintf)
 <LI><a href="#[13]">alarm_pool_alarm_callback</a> from lto-llvm-4e186d.o(.text.alarm_pool_alarm_callback) referenced from lto-llvm-4e186d.o(.text.hardware_alarm_set_callback)
 <LI><a href="#[17]">fputc</a> from lto-llvm-4e186d.o(.text.fputc) referenced from printfa.o(i.__0vprintf)
 <LI><a href="#[11]">gpio_default_irq_handler</a> from lto-llvm-4e186d.o(.text.gpio_default_irq_handler) referenced from lto-llvm-4e186d.o(.text.gpio_set_irq_callback)
 <LI><a href="#[11]">gpio_default_irq_handler</a> from lto-llvm-4e186d.o(.text.gpio_default_irq_handler) referenced from lto-llvm-4e186d.o(.text.irq_add_shared_handler)
 <LI><a href="#[14]">hardware_alarm_irq_handler</a> from lto-llvm-4e186d.o(.text.hardware_alarm_irq_handler) referenced from lto-llvm-4e186d.o(.text.hardware_alarm_set_callback)
 <LI><a href="#[0]">irq_add_tail_to_free_list</a> from lto-llvm-4e186d.o(.text.irq_add_tail_to_free_list) referenced 2 times from irq_handler_chain.o(.data)
 <LI><a href="#[9]">isspace</a> from isspace_c.o(.text) referenced from scanf_char.o(.text)
 <LI><a href="#[5]">main</a> from lto-llvm-4e186d.o(.text.main) referenced from entry9a.o(.ARM.Collect$$$$0000000B)
 <LI><a href="#[12]">on_gpio_irq</a> from lto-llvm-4e186d.o(.text.on_gpio_irq) referenced from lto-llvm-4e186d.o(.text.gpio_set_irq_enabled_with_callback)
 <LI><a href="#[e]">on_uart1_rx_irq</a> from lto-llvm-4e186d.o(.text.on_uart1_rx_irq) referenced from lto-llvm-4e186d.o(.text.RP_UARTS_Init)
 <LI><a href="#[d]">repeating_timer_1ms_callback</a> from lto-llvm-4e186d.o(.text.repeating_timer_1ms_callback) referenced from lto-llvm-4e186d.o(.text.RP_Timers_Init)
 <LI><a href="#[c]">repeating_timer_20ms_callback</a> from lto-llvm-4e186d.o(.text.repeating_timer_20ms_callback) referenced from lto-llvm-4e186d.o(.text.RP_Timers_Init)
 <LI><a href="#[10]">repeating_timer_callback</a> from lto-llvm-4e186d.o(.text.repeating_timer_callback) referenced from lto-llvm-4e186d.o(.text.alarm_pool_add_repeating_timer_us)
 <LI><a href="#[f]">sleep_until_callback</a> from lto-llvm-4e186d.o(.text.sleep_until_callback) referenced from lto-llvm-4e186d.o(.text.add_alarm_at)
 <LI><a href="#[15]">timer_pool_entry_comparator</a> from lto-llvm-4e186d.o(.text.timer_pool_entry_comparator) referenced from lto-llvm-4e186d.o(.text.ph_post_alloc_init)
</UL>
<P>
<H3>
Global Symbols
</H3>
<P><STRONG><a name="[102]"></a>_stage2_boot</STRONG> (Thumb, 0 bytes, Stack size unknown bytes, compile_time_choice.o(.text), UNUSED, KEPT)
<BR><BR>[Calls]<UL><LI><a href="#[1b7]">&gt;&gt;</a>&nbsp;&nbsp;&nbsp;read_flash_sreg
</UL>
<BR>[Called By]<UL><LI><a href="#[22]">&gt;&gt;</a>&nbsp;&nbsp;&nbsp;__keep_stage2_boot
</UL>

<P><STRONG><a name="[1b7]"></a>read_flash_sreg</STRONG> (Thumb, 0 bytes, Stack size unknown bytes, compile_time_choice.o(.text), UNUSED, KEPT)
<BR><BR>[Called By]<UL><LI><a href="#[102]">&gt;&gt;</a>&nbsp;&nbsp;&nbsp;_stage2_boot
</UL>

<P><STRONG><a name="[20]"></a>__main</STRONG> (Thumb, 0 bytes, Stack size unknown bytes, entry.o(.ARM.Collect$$$$00000000))
<BR><BR>[Called By]<UL><LI><a href="#[1]">&gt;&gt;</a>&nbsp;&nbsp;&nbsp;Reset_Handler
</UL>

<P><STRONG><a name="[1bd]"></a>_main_stk</STRONG> (Thumb, 0 bytes, Stack size unknown bytes, entry4.o(.ARM.Collect$$$$00000003))

<P><STRONG><a name="[23]"></a>_main_scatterload</STRONG> (Thumb, 0 bytes, Stack size unknown bytes, entry5.o(.ARM.Collect$$$$00000004))
<BR><BR>[Calls]<UL><LI><a href="#[24]">&gt;&gt;</a>&nbsp;&nbsp;&nbsp;__scatterload
</UL>

<P><STRONG><a name="[46]"></a>__main_after_scatterload</STRONG> (Thumb, 0 bytes, Stack size unknown bytes, entry5.o(.ARM.Collect$$$$00000004))
<BR><BR>[Called By]<UL><LI><a href="#[24]">&gt;&gt;</a>&nbsp;&nbsp;&nbsp;__scatterload
</UL>

<P><STRONG><a name="[1be]"></a>_main_clock</STRONG> (Thumb, 0 bytes, Stack size unknown bytes, entry7b.o(.ARM.Collect$$$$00000008))

<P><STRONG><a name="[25]"></a>_main_cpp_init$empty</STRONG> (Thumb, 0 bytes, Stack size unknown bytes, entry8a.o(.ARM.Collect$$$$00000009))
<BR><BR>[Stack]<UL><LI>Max Depth = 24 + Unknown Stack Size
<LI>Call Chain = _main_cpp_init$empty &rArr; __cpp_initialize__aeabi_
</UL>
<BR>[Calls]<UL><LI><a href="#[21]">&gt;&gt;</a>&nbsp;&nbsp;&nbsp;__cpp_initialize__aeabi_
</UL>

<P><STRONG><a name="[1bf]"></a>_main_cpp_init</STRONG> (Thumb, 0 bytes, Stack size unknown bytes, entry8b.o(.ARM.Collect$$$$0000000A))

<P><STRONG><a name="[1c0]"></a>_main_init</STRONG> (Thumb, 0 bytes, Stack size unknown bytes, entry9a.o(.ARM.Collect$$$$0000000B))

<P><STRONG><a name="[1c1]"></a>__rt_final_cpp</STRONG> (Thumb, 0 bytes, Stack size unknown bytes, entry10a.o(.ARM.Collect$$$$0000000D))

<P><STRONG><a name="[1c2]"></a>__rt_final_exit</STRONG> (Thumb, 0 bytes, Stack size unknown bytes, entry11a.o(.ARM.Collect$$$$0000000F))

<P><STRONG><a name="[26]"></a>sscanf</STRONG> (Thumb, 50 bytes, Stack size 72 bytes, sscanf.o(.text))
<BR><BR>[Stack]<UL><LI>Max Depth = 264<LI>Call Chain = sscanf &rArr; __vfscanf_char &rArr; __vfscanf &rArr; _scanf_real
</UL>
<BR>[Calls]<UL><LI><a href="#[27]">&gt;&gt;</a>&nbsp;&nbsp;&nbsp;__vfscanf_char
</UL>
<BR>[Called By]<UL><LI><a href="#[fc]">&gt;&gt;</a>&nbsp;&nbsp;&nbsp;String_parsing
</UL>

<P><STRONG><a name="[28]"></a>__aeabi_uldivmod</STRONG> (Thumb, 96 bytes, Stack size 48 bytes, uldiv.o(.text))
<BR><BR>[Stack]<UL><LI>Max Depth = 56<LI>Call Chain = __aeabi_uldivmod &rArr; __aeabi_llsr
</UL>
<BR>[Calls]<UL><LI><a href="#[29]">&gt;&gt;</a>&nbsp;&nbsp;&nbsp;__aeabi_llsr
<LI><a href="#[2a]">&gt;&gt;</a>&nbsp;&nbsp;&nbsp;__aeabi_llsl
</UL>
<BR>[Called By]<UL><LI><a href="#[1a8]">&gt;&gt;</a>&nbsp;&nbsp;&nbsp;_printf_core
<LI><a href="#[1b1]">&gt;&gt;</a>&nbsp;&nbsp;&nbsp;_fp_digits
<LI><a href="#[12f]">&gt;&gt;</a>&nbsp;&nbsp;&nbsp;clock_configure
</UL>

<P><STRONG><a name="[5f]"></a>__aeabi_memcpy</STRONG> (Thumb, 36 bytes, Stack size 0 bytes, memcpya.o(.text))
<BR><BR>[Called By]<UL><LI><a href="#[fc]">&gt;&gt;</a>&nbsp;&nbsp;&nbsp;String_parsing
<LI><a href="#[78]">&gt;&gt;</a>&nbsp;&nbsp;&nbsp;EventRecordData
<LI><a href="#[1a]">&gt;&gt;</a>&nbsp;&nbsp;&nbsp;BSP_I2C1_WriteReg
</UL>

<P><STRONG><a name="[18e]"></a>__aeabi_memcpy4</STRONG> (Thumb, 0 bytes, Stack size 0 bytes, memcpya.o(.text))
<BR><BR>[Called By]<UL><LI><a href="#[103]">&gt;&gt;</a>&nbsp;&nbsp;&nbsp;runtime_init
</UL>

<P><STRONG><a name="[1c3]"></a>__aeabi_memcpy8</STRONG> (Thumb, 0 bytes, Stack size 0 bytes, memcpya.o(.text), UNUSED)

<P><STRONG><a name="[2b]"></a>_scanf_longlong</STRONG> (Thumb, 330 bytes, Stack size 56 bytes, _scanf_longlong.o(.text))
<BR><BR>[Stack]<UL><LI>Max Depth = 68<LI>Call Chain = _scanf_longlong &rArr; __aeabi_lmul
</UL>
<BR>[Calls]<UL><LI><a href="#[2d]">&gt;&gt;</a>&nbsp;&nbsp;&nbsp;_chval
<LI><a href="#[2c]">&gt;&gt;</a>&nbsp;&nbsp;&nbsp;__aeabi_lmul
</UL>
<BR>[Called By]<UL><LI><a href="#[36]">&gt;&gt;</a>&nbsp;&nbsp;&nbsp;__vfscanf
</UL>

<P><STRONG><a name="[2e]"></a>_scanf_int</STRONG> (Thumb, 330 bytes, Stack size 48 bytes, _scanf_int.o(.text))
<BR><BR>[Stack]<UL><LI>Max Depth = 48<LI>Call Chain = _scanf_int
</UL>
<BR>[Calls]<UL><LI><a href="#[2d]">&gt;&gt;</a>&nbsp;&nbsp;&nbsp;_chval
</UL>
<BR>[Called By]<UL><LI><a href="#[36]">&gt;&gt;</a>&nbsp;&nbsp;&nbsp;__vfscanf
</UL>

<P><STRONG><a name="[4b]"></a>_scanf_string</STRONG> (Thumb, 232 bytes, Stack size 48 bytes, _scanf_str.o(.text))
<BR><BR>[Stack]<UL><LI>Max Depth = 48<LI>Call Chain = _scanf_string
</UL>
<BR>[Called By]<UL><LI><a href="#[36]">&gt;&gt;</a>&nbsp;&nbsp;&nbsp;__vfscanf
</UL>

<P><STRONG><a name="[4a]"></a>_scanf_real</STRONG> (Thumb, 0 bytes, Stack size 104 bytes, scanf_fp.o(.text))
<BR><BR>[Stack]<UL><LI>Max Depth = 104<LI>Call Chain = _scanf_real
</UL>
<BR>[Called By]<UL><LI><a href="#[36]">&gt;&gt;</a>&nbsp;&nbsp;&nbsp;__vfscanf
</UL>

<P><STRONG><a name="[33]"></a>_scanf_really_real</STRONG> (Thumb, 584 bytes, Stack size 104 bytes, scanf_fp.o(.text), UNUSED)
<BR><BR>[Calls]<UL><LI><a href="#[35]">&gt;&gt;</a>&nbsp;&nbsp;&nbsp;__aeabi_d2f
<LI><a href="#[34]">&gt;&gt;</a>&nbsp;&nbsp;&nbsp;_is_digit
<LI><a href="#[2f]">&gt;&gt;</a>&nbsp;&nbsp;&nbsp;_fp_value
</UL>

<P><STRONG><a name="[27]"></a>__vfscanf_char</STRONG> (Thumb, 24 bytes, Stack size 8 bytes, scanf_char.o(.text))
<BR><BR>[Stack]<UL><LI>Max Depth = 192<LI>Call Chain = __vfscanf_char &rArr; __vfscanf &rArr; _scanf_real
</UL>
<BR>[Calls]<UL><LI><a href="#[36]">&gt;&gt;</a>&nbsp;&nbsp;&nbsp;__vfscanf
</UL>
<BR>[Called By]<UL><LI><a href="#[26]">&gt;&gt;</a>&nbsp;&nbsp;&nbsp;sscanf
</UL>

<P><STRONG><a name="[6]"></a>_sgetc</STRONG> (Thumb, 32 bytes, Stack size 0 bytes, _sgetc.o(.text))
<BR>[Address Reference Count : 1]<UL><LI> sscanf.o(.text)
</UL>
<P><STRONG><a name="[7]"></a>_sbackspace</STRONG> (Thumb, 36 bytes, Stack size 0 bytes, _sgetc.o(.text))
<BR>[Address Reference Count : 1]<UL><LI> sscanf.o(.text)
</UL>
<P><STRONG><a name="[1c4]"></a>__I$use$fp</STRONG> (Thumb, 0 bytes, Stack size 24 bytes, iusefp.o(.text), UNUSED)

<P><STRONG><a name="[37]"></a>__aeabi_fadd</STRONG> (Thumb, 162 bytes, Stack size 24 bytes, fadd.o(.text))
<BR><BR>[Stack]<UL><LI>Max Depth = 36<LI>Call Chain = __aeabi_fadd &rArr; _float_epilogue
</UL>
<BR>[Calls]<UL><LI><a href="#[39]">&gt;&gt;</a>&nbsp;&nbsp;&nbsp;_float_round
<LI><a href="#[38]">&gt;&gt;</a>&nbsp;&nbsp;&nbsp;_float_epilogue
</UL>
<BR>[Called By]<UL><LI><a href="#[6c]">&gt;&gt;</a>&nbsp;&nbsp;&nbsp;sinf
<LI><a href="#[6b]">&gt;&gt;</a>&nbsp;&nbsp;&nbsp;cosf
<LI><a href="#[d5]">&gt;&gt;</a>&nbsp;&nbsp;&nbsp;atan2f
<LI><a href="#[d6]">&gt;&gt;</a>&nbsp;&nbsp;&nbsp;asinf
<LI><a href="#[3a]">&gt;&gt;</a>&nbsp;&nbsp;&nbsp;__aeabi_fsub
<LI><a href="#[3b]">&gt;&gt;</a>&nbsp;&nbsp;&nbsp;__aeabi_frsub
<LI><a href="#[92]">&gt;&gt;</a>&nbsp;&nbsp;&nbsp;acosf
<LI><a href="#[da]">&gt;&gt;</a>&nbsp;&nbsp;&nbsp;pid_update
<LI><a href="#[8d]">&gt;&gt;</a>&nbsp;&nbsp;&nbsp;Interp_Update
<LI><a href="#[66]">&gt;&gt;</a>&nbsp;&nbsp;&nbsp;step_len_X
<LI><a href="#[60]">&gt;&gt;</a>&nbsp;&nbsp;&nbsp;Cal_trot
<LI><a href="#[63]">&gt;&gt;</a>&nbsp;&nbsp;&nbsp;Yaw_Correct
<LI><a href="#[12e]">&gt;&gt;</a>&nbsp;&nbsp;&nbsp;matrix3x3_mul_vec
<LI><a href="#[db]">&gt;&gt;</a>&nbsp;&nbsp;&nbsp;calc_leg_pose
<LI><a href="#[90]">&gt;&gt;</a>&nbsp;&nbsp;&nbsp;Knee_ServoAngle
<LI><a href="#[71]">&gt;&gt;</a>&nbsp;&nbsp;&nbsp;Servo_Angle_Conversion
<LI><a href="#[70]">&gt;&gt;</a>&nbsp;&nbsp;&nbsp;single_ik
<LI><a href="#[d4]">&gt;&gt;</a>&nbsp;&nbsp;&nbsp;Madgwick_GetYawPitchRoll
<LI><a href="#[d2]">&gt;&gt;</a>&nbsp;&nbsp;&nbsp;MadgwickAHRSupdateIMU
<LI><a href="#[f9]">&gt;&gt;</a>&nbsp;&nbsp;&nbsp;Stand_Up_Smoothly
<LI><a href="#[1af]">&gt;&gt;</a>&nbsp;&nbsp;&nbsp;__mathlib_rredf2
<LI><a href="#[1ac]">&gt;&gt;</a>&nbsp;&nbsp;&nbsp;__mathlib_flt_infnan2
<LI><a href="#[93]">&gt;&gt;</a>&nbsp;&nbsp;&nbsp;roundf
</UL>

<P><STRONG><a name="[3a]"></a>__aeabi_fsub</STRONG> (Thumb, 8 bytes, Stack size 0 bytes, fadd.o(.text))
<BR><BR>[Stack]<UL><LI>Max Depth = 36<LI>Call Chain = __aeabi_fsub &rArr; __aeabi_fadd &rArr; _float_epilogue
</UL>
<BR>[Calls]<UL><LI><a href="#[37]">&gt;&gt;</a>&nbsp;&nbsp;&nbsp;__aeabi_fadd
</UL>
<BR>[Called By]<UL><LI><a href="#[6c]">&gt;&gt;</a>&nbsp;&nbsp;&nbsp;sinf
<LI><a href="#[6b]">&gt;&gt;</a>&nbsp;&nbsp;&nbsp;cosf
<LI><a href="#[d5]">&gt;&gt;</a>&nbsp;&nbsp;&nbsp;atan2f
<LI><a href="#[92]">&gt;&gt;</a>&nbsp;&nbsp;&nbsp;acosf
<LI><a href="#[da]">&gt;&gt;</a>&nbsp;&nbsp;&nbsp;pid_update
<LI><a href="#[8d]">&gt;&gt;</a>&nbsp;&nbsp;&nbsp;Interp_Update
<LI><a href="#[66]">&gt;&gt;</a>&nbsp;&nbsp;&nbsp;step_len_X
<LI><a href="#[60]">&gt;&gt;</a>&nbsp;&nbsp;&nbsp;Cal_trot
<LI><a href="#[63]">&gt;&gt;</a>&nbsp;&nbsp;&nbsp;Yaw_Correct
<LI><a href="#[db]">&gt;&gt;</a>&nbsp;&nbsp;&nbsp;calc_leg_pose
<LI><a href="#[90]">&gt;&gt;</a>&nbsp;&nbsp;&nbsp;Knee_ServoAngle
<LI><a href="#[71]">&gt;&gt;</a>&nbsp;&nbsp;&nbsp;Servo_Angle_Conversion
<LI><a href="#[70]">&gt;&gt;</a>&nbsp;&nbsp;&nbsp;single_ik
<LI><a href="#[d3]">&gt;&gt;</a>&nbsp;&nbsp;&nbsp;invSqrt
<LI><a href="#[d4]">&gt;&gt;</a>&nbsp;&nbsp;&nbsp;Madgwick_GetYawPitchRoll
<LI><a href="#[d2]">&gt;&gt;</a>&nbsp;&nbsp;&nbsp;MadgwickAHRSupdateIMU
<LI><a href="#[f4]">&gt;&gt;</a>&nbsp;&nbsp;&nbsp;Read_Temp
<LI><a href="#[1af]">&gt;&gt;</a>&nbsp;&nbsp;&nbsp;__mathlib_rredf2
<LI><a href="#[93]">&gt;&gt;</a>&nbsp;&nbsp;&nbsp;roundf
</UL>

<P><STRONG><a name="[3b]"></a>__aeabi_frsub</STRONG> (Thumb, 8 bytes, Stack size 0 bytes, fadd.o(.text))
<BR><BR>[Stack]<UL><LI>Max Depth = 36<LI>Call Chain = __aeabi_frsub &rArr; __aeabi_fadd &rArr; _float_epilogue
</UL>
<BR>[Calls]<UL><LI><a href="#[37]">&gt;&gt;</a>&nbsp;&nbsp;&nbsp;__aeabi_fadd
</UL>
<BR>[Called By]<UL><LI><a href="#[6c]">&gt;&gt;</a>&nbsp;&nbsp;&nbsp;sinf
<LI><a href="#[6b]">&gt;&gt;</a>&nbsp;&nbsp;&nbsp;cosf
<LI><a href="#[d5]">&gt;&gt;</a>&nbsp;&nbsp;&nbsp;atan2f
<LI><a href="#[d6]">&gt;&gt;</a>&nbsp;&nbsp;&nbsp;asinf
<LI><a href="#[92]">&gt;&gt;</a>&nbsp;&nbsp;&nbsp;acosf
<LI><a href="#[1af]">&gt;&gt;</a>&nbsp;&nbsp;&nbsp;__mathlib_rredf2
</UL>

<P><STRONG><a name="[6a]"></a>__aeabi_fmul</STRONG> (Thumb, 122 bytes, Stack size 16 bytes, fmul.o(.text))
<BR><BR>[Stack]<UL><LI>Max Depth = 16<LI>Call Chain = __aeabi_fmul
</UL>
<BR>[Called By]<UL><LI><a href="#[6c]">&gt;&gt;</a>&nbsp;&nbsp;&nbsp;sinf
<LI><a href="#[6b]">&gt;&gt;</a>&nbsp;&nbsp;&nbsp;cosf
<LI><a href="#[d5]">&gt;&gt;</a>&nbsp;&nbsp;&nbsp;atan2f
<LI><a href="#[d6]">&gt;&gt;</a>&nbsp;&nbsp;&nbsp;asinf
<LI><a href="#[92]">&gt;&gt;</a>&nbsp;&nbsp;&nbsp;acosf
<LI><a href="#[da]">&gt;&gt;</a>&nbsp;&nbsp;&nbsp;pid_update
<LI><a href="#[67]">&gt;&gt;</a>&nbsp;&nbsp;&nbsp;step_len_Y
<LI><a href="#[60]">&gt;&gt;</a>&nbsp;&nbsp;&nbsp;Cal_trot
<LI><a href="#[63]">&gt;&gt;</a>&nbsp;&nbsp;&nbsp;Yaw_Correct
<LI><a href="#[12e]">&gt;&gt;</a>&nbsp;&nbsp;&nbsp;matrix3x3_mul_vec
<LI><a href="#[db]">&gt;&gt;</a>&nbsp;&nbsp;&nbsp;calc_leg_pose
<LI><a href="#[90]">&gt;&gt;</a>&nbsp;&nbsp;&nbsp;Knee_ServoAngle
<LI><a href="#[70]">&gt;&gt;</a>&nbsp;&nbsp;&nbsp;single_ik
<LI><a href="#[d3]">&gt;&gt;</a>&nbsp;&nbsp;&nbsp;invSqrt
<LI><a href="#[d4]">&gt;&gt;</a>&nbsp;&nbsp;&nbsp;Madgwick_GetYawPitchRoll
<LI><a href="#[d2]">&gt;&gt;</a>&nbsp;&nbsp;&nbsp;MadgwickAHRSupdateIMU
<LI><a href="#[f4]">&gt;&gt;</a>&nbsp;&nbsp;&nbsp;Read_Temp
<LI><a href="#[d7]">&gt;&gt;</a>&nbsp;&nbsp;&nbsp;Madgwick_Process_FIFO
<LI><a href="#[1af]">&gt;&gt;</a>&nbsp;&nbsp;&nbsp;__mathlib_rredf2
</UL>

<P><STRONG><a name="[3c]"></a>__aeabi_fdiv</STRONG> (Thumb, 124 bytes, Stack size 16 bytes, fdiv.o(.text))
<BR><BR>[Stack]<UL><LI>Max Depth = 16<LI>Call Chain = __aeabi_fdiv
</UL>
<BR>[Calls]<UL><LI><a href="#[39]">&gt;&gt;</a>&nbsp;&nbsp;&nbsp;_float_round
</UL>
<BR>[Called By]<UL><LI><a href="#[d5]">&gt;&gt;</a>&nbsp;&nbsp;&nbsp;atan2f
<LI><a href="#[60]">&gt;&gt;</a>&nbsp;&nbsp;&nbsp;Cal_trot
<LI><a href="#[db]">&gt;&gt;</a>&nbsp;&nbsp;&nbsp;calc_leg_pose
<LI><a href="#[90]">&gt;&gt;</a>&nbsp;&nbsp;&nbsp;Knee_ServoAngle
<LI><a href="#[71]">&gt;&gt;</a>&nbsp;&nbsp;&nbsp;Servo_Angle_Conversion
<LI><a href="#[70]">&gt;&gt;</a>&nbsp;&nbsp;&nbsp;single_ik
<LI><a href="#[d4]">&gt;&gt;</a>&nbsp;&nbsp;&nbsp;Madgwick_GetYawPitchRoll
<LI><a href="#[f4]">&gt;&gt;</a>&nbsp;&nbsp;&nbsp;Read_Temp
<LI><a href="#[d7]">&gt;&gt;</a>&nbsp;&nbsp;&nbsp;Madgwick_Process_FIFO
<LI><a href="#[1ad]">&gt;&gt;</a>&nbsp;&nbsp;&nbsp;__mathlib_flt_invalid
</UL>

<P><STRONG><a name="[1ab]"></a>__ARM_scalbnf</STRONG> (Thumb, 24 bytes, Stack size 0 bytes, fscalb.o(.text))
<BR><BR>[Called By]<UL><LI><a href="#[d6]">&gt;&gt;</a>&nbsp;&nbsp;&nbsp;asinf
<LI><a href="#[92]">&gt;&gt;</a>&nbsp;&nbsp;&nbsp;acosf
<LI><a href="#[1af]">&gt;&gt;</a>&nbsp;&nbsp;&nbsp;__mathlib_rredf2
<LI><a href="#[1ae]">&gt;&gt;</a>&nbsp;&nbsp;&nbsp;__mathlib_flt_underflow
<LI><a href="#[1aa]">&gt;&gt;</a>&nbsp;&nbsp;&nbsp;__mathlib_flt_infnan
</UL>

<P><STRONG><a name="[1c5]"></a>scalbnf</STRONG> (Thumb, 0 bytes, Stack size 0 bytes, fscalb.o(.text), UNUSED)

<P><STRONG><a name="[3d]"></a>_fsqrt</STRONG> (Thumb, 88 bytes, Stack size 16 bytes, fsqrt.o(.text))
<BR><BR>[Stack]<UL><LI>Max Depth = 16<LI>Call Chain = _fsqrt
</UL>
<BR>[Calls]<UL><LI><a href="#[39]">&gt;&gt;</a>&nbsp;&nbsp;&nbsp;_float_round
</UL>
<BR>[Called By]<UL><LI><a href="#[91]">&gt;&gt;</a>&nbsp;&nbsp;&nbsp;sqrtf
</UL>

<P><STRONG><a name="[3e]"></a>_frnd</STRONG> (Thumb, 62 bytes, Stack size 8 bytes, frnd.o(.text))
<BR><BR>[Stack]<UL><LI>Max Depth = 8<LI>Call Chain = _frnd
</UL>
<BR>[Calls]<UL><LI><a href="#[39]">&gt;&gt;</a>&nbsp;&nbsp;&nbsp;_float_round
</UL>
<BR>[Called By]<UL><LI><a href="#[6c]">&gt;&gt;</a>&nbsp;&nbsp;&nbsp;sinf
<LI><a href="#[6b]">&gt;&gt;</a>&nbsp;&nbsp;&nbsp;cosf
<LI><a href="#[93]">&gt;&gt;</a>&nbsp;&nbsp;&nbsp;roundf
</UL>

<P><STRONG><a name="[3f]"></a>__aeabi_dadd</STRONG> (Thumb, 328 bytes, Stack size 48 bytes, dadd.o(.text), UNUSED)
<BR><BR>[Calls]<UL><LI><a href="#[40]">&gt;&gt;</a>&nbsp;&nbsp;&nbsp;__aeabi_lasr
<LI><a href="#[2a]">&gt;&gt;</a>&nbsp;&nbsp;&nbsp;__aeabi_llsl
<LI><a href="#[42]">&gt;&gt;</a>&nbsp;&nbsp;&nbsp;_double_round
<LI><a href="#[41]">&gt;&gt;</a>&nbsp;&nbsp;&nbsp;_double_epilogue
</UL>
<BR>[Called By]<UL><LI><a href="#[44]">&gt;&gt;</a>&nbsp;&nbsp;&nbsp;__aeabi_drsub
<LI><a href="#[43]">&gt;&gt;</a>&nbsp;&nbsp;&nbsp;__aeabi_dsub
<LI><a href="#[1b1]">&gt;&gt;</a>&nbsp;&nbsp;&nbsp;_fp_digits
</UL>

<P><STRONG><a name="[43]"></a>__aeabi_dsub</STRONG> (Thumb, 12 bytes, Stack size 8 bytes, dadd.o(.text), UNUSED)
<BR><BR>[Calls]<UL><LI><a href="#[3f]">&gt;&gt;</a>&nbsp;&nbsp;&nbsp;__aeabi_dadd
</UL>

<P><STRONG><a name="[44]"></a>__aeabi_drsub</STRONG> (Thumb, 12 bytes, Stack size 8 bytes, dadd.o(.text), UNUSED)
<BR><BR>[Calls]<UL><LI><a href="#[3f]">&gt;&gt;</a>&nbsp;&nbsp;&nbsp;__aeabi_dadd
</UL>

<P><STRONG><a name="[31]"></a>__aeabi_dmul</STRONG> (Thumb, 202 bytes, Stack size 72 bytes, dmul.o(.text), UNUSED)
<BR><BR>[Calls]<UL><LI><a href="#[41]">&gt;&gt;</a>&nbsp;&nbsp;&nbsp;_double_epilogue
</UL>
<BR>[Called By]<UL><LI><a href="#[2f]">&gt;&gt;</a>&nbsp;&nbsp;&nbsp;_fp_value
<LI><a href="#[1b1]">&gt;&gt;</a>&nbsp;&nbsp;&nbsp;_fp_digits
</UL>

<P><STRONG><a name="[32]"></a>__aeabi_ddiv</STRONG> (Thumb, 234 bytes, Stack size 40 bytes, ddiv.o(.text), UNUSED)
<BR><BR>[Calls]<UL><LI><a href="#[42]">&gt;&gt;</a>&nbsp;&nbsp;&nbsp;_double_round
</UL>
<BR>[Called By]<UL><LI><a href="#[2f]">&gt;&gt;</a>&nbsp;&nbsp;&nbsp;_fp_value
<LI><a href="#[1b1]">&gt;&gt;</a>&nbsp;&nbsp;&nbsp;_fp_digits
</UL>

<P><STRONG><a name="[62]"></a>__aeabi_f2iz</STRONG> (Thumb, 50 bytes, Stack size 0 bytes, ffixi.o(.text))
<BR><BR>[Called By]<UL><LI><a href="#[6c]">&gt;&gt;</a>&nbsp;&nbsp;&nbsp;sinf
<LI><a href="#[6b]">&gt;&gt;</a>&nbsp;&nbsp;&nbsp;cosf
<LI><a href="#[60]">&gt;&gt;</a>&nbsp;&nbsp;&nbsp;Cal_trot
<LI><a href="#[6e]">&gt;&gt;</a>&nbsp;&nbsp;&nbsp;DogCtrl_Clamp
<LI><a href="#[90]">&gt;&gt;</a>&nbsp;&nbsp;&nbsp;Knee_ServoAngle
<LI><a href="#[71]">&gt;&gt;</a>&nbsp;&nbsp;&nbsp;Servo_Angle_Conversion
<LI><a href="#[70]">&gt;&gt;</a>&nbsp;&nbsp;&nbsp;single_ik
<LI><a href="#[fc]">&gt;&gt;</a>&nbsp;&nbsp;&nbsp;String_parsing
</UL>

<P><STRONG><a name="[45]"></a>__aeabi_d2ulz</STRONG> (Thumb, 54 bytes, Stack size 8 bytes, dfixul.o(.text), UNUSED)
<BR><BR>[Calls]<UL><LI><a href="#[29]">&gt;&gt;</a>&nbsp;&nbsp;&nbsp;__aeabi_llsr
<LI><a href="#[2a]">&gt;&gt;</a>&nbsp;&nbsp;&nbsp;__aeabi_llsl
</UL>
<BR>[Called By]<UL><LI><a href="#[1b1]">&gt;&gt;</a>&nbsp;&nbsp;&nbsp;_fp_digits
</UL>

<P><STRONG><a name="[1b2]"></a>__aeabi_cdrcmple</STRONG> (Thumb, 38 bytes, Stack size 0 bytes, cdrcmple.o(.text), UNUSED)
<BR><BR>[Called By]<UL><LI><a href="#[1b1]">&gt;&gt;</a>&nbsp;&nbsp;&nbsp;_fp_digits
</UL>

<P><STRONG><a name="[24]"></a>__scatterload</STRONG> (Thumb, 38 bytes, Stack size 0 bytes, init.o(.text))
<BR><BR>[Calls]<UL><LI><a href="#[46]">&gt;&gt;</a>&nbsp;&nbsp;&nbsp;__main_after_scatterload
</UL>
<BR>[Called By]<UL><LI><a href="#[23]">&gt;&gt;</a>&nbsp;&nbsp;&nbsp;_main_scatterload
</UL>

<P><STRONG><a name="[1c6]"></a>__scatterload_rt2</STRONG> (Thumb, 0 bytes, Stack size 0 bytes, init.o(.text), UNUSED)

<P><STRONG><a name="[131]"></a>__aeabi_uidiv</STRONG> (Thumb, 0 bytes, Stack size 16 bytes, uidiv_div0.o(.text))
<BR><BR>[Stack]<UL><LI>Max Depth = 16<LI>Call Chain = __aeabi_uidiv
</UL>
<BR>[Called By]<UL><LI><a href="#[197]">&gt;&gt;</a>&nbsp;&nbsp;&nbsp;uart_disable_before_lcr_write
<LI><a href="#[1a2]">&gt;&gt;</a>&nbsp;&nbsp;&nbsp;uart_set_baudrate
<LI><a href="#[161]">&gt;&gt;</a>&nbsp;&nbsp;&nbsp;i2c_set_baudrate
<LI><a href="#[137]">&gt;&gt;</a>&nbsp;&nbsp;&nbsp;pll_init
<LI><a href="#[12f]">&gt;&gt;</a>&nbsp;&nbsp;&nbsp;clock_configure
</UL>

<P><STRONG><a name="[48]"></a>__aeabi_uidivmod</STRONG> (Thumb, 62 bytes, Stack size 16 bytes, uidiv_div0.o(.text))
<BR><BR>[Stack]<UL><LI>Max Depth = 16<LI>Call Chain = __aeabi_uidivmod
</UL>
<BR>[Called By]<UL><LI><a href="#[47]">&gt;&gt;</a>&nbsp;&nbsp;&nbsp;__aeabi_idivmod
<LI><a href="#[1a8]">&gt;&gt;</a>&nbsp;&nbsp;&nbsp;_printf_core
</UL>

<P><STRONG><a name="[100]"></a>__aeabi_idiv</STRONG> (Thumb, 0 bytes, Stack size 16 bytes, idiv_div0.o(.text))
<BR><BR>[Stack]<UL><LI>Max Depth = 16<LI>Call Chain = __aeabi_idiv
</UL>
<BR>[Called By]<UL><LI><a href="#[fe]">&gt;&gt;</a>&nbsp;&nbsp;&nbsp;__aeabi_assert
</UL>

<P><STRONG><a name="[47]"></a>__aeabi_idivmod</STRONG> (Thumb, 74 bytes, Stack size 16 bytes, idiv_div0.o(.text))
<BR><BR>[Stack]<UL><LI>Max Depth = 32<LI>Call Chain = __aeabi_idivmod &rArr; __aeabi_uidivmod
</UL>
<BR>[Calls]<UL><LI><a href="#[48]">&gt;&gt;</a>&nbsp;&nbsp;&nbsp;__aeabi_uidivmod
</UL>
<BR>[Called By]<UL><LI><a href="#[fe]">&gt;&gt;</a>&nbsp;&nbsp;&nbsp;__aeabi_assert
</UL>

<P><STRONG><a name="[2c]"></a>__aeabi_lmul</STRONG> (Thumb, 48 bytes, Stack size 12 bytes, llmul.o(.text))
<BR><BR>[Stack]<UL><LI>Max Depth = 12<LI>Call Chain = __aeabi_lmul
</UL>
<BR>[Called By]<UL><LI><a href="#[e6]">&gt;&gt;</a>&nbsp;&nbsp;&nbsp;add_repeating_timer_ms
<LI><a href="#[6d]">&gt;&gt;</a>&nbsp;&nbsp;&nbsp;sleep_ms
<LI><a href="#[2f]">&gt;&gt;</a>&nbsp;&nbsp;&nbsp;_fp_value
<LI><a href="#[2b]">&gt;&gt;</a>&nbsp;&nbsp;&nbsp;_scanf_longlong
<LI><a href="#[138]">&gt;&gt;</a>&nbsp;&nbsp;&nbsp;delayed_by_ms
</UL>

<P><STRONG><a name="[1c7]"></a>_ll_mul</STRONG> (Thumb, 0 bytes, Stack size 12 bytes, llmul.o(.text), UNUSED)

<P><STRONG><a name="[2a]"></a>__aeabi_llsl</STRONG> (Thumb, 32 bytes, Stack size 8 bytes, llshl.o(.text))
<BR><BR>[Stack]<UL><LI>Max Depth = 8<LI>Call Chain = __aeabi_llsl
</UL>
<BR>[Called By]<UL><LI><a href="#[41]">&gt;&gt;</a>&nbsp;&nbsp;&nbsp;_double_epilogue
<LI><a href="#[28]">&gt;&gt;</a>&nbsp;&nbsp;&nbsp;__aeabi_uldivmod
<LI><a href="#[3f]">&gt;&gt;</a>&nbsp;&nbsp;&nbsp;__aeabi_dadd
<LI><a href="#[45]">&gt;&gt;</a>&nbsp;&nbsp;&nbsp;__aeabi_d2ulz
</UL>

<P><STRONG><a name="[1c8]"></a>_ll_shift_l</STRONG> (Thumb, 0 bytes, Stack size 8 bytes, llshl.o(.text), UNUSED)

<P><STRONG><a name="[29]"></a>__aeabi_llsr</STRONG> (Thumb, 34 bytes, Stack size 8 bytes, llushr.o(.text))
<BR><BR>[Stack]<UL><LI>Max Depth = 8<LI>Call Chain = __aeabi_llsr
</UL>
<BR>[Called By]<UL><LI><a href="#[41]">&gt;&gt;</a>&nbsp;&nbsp;&nbsp;_double_epilogue
<LI><a href="#[28]">&gt;&gt;</a>&nbsp;&nbsp;&nbsp;__aeabi_uldivmod
<LI><a href="#[45]">&gt;&gt;</a>&nbsp;&nbsp;&nbsp;__aeabi_d2ulz
</UL>

<P><STRONG><a name="[1c9]"></a>_ll_ushift_r</STRONG> (Thumb, 0 bytes, Stack size 8 bytes, llushr.o(.text), UNUSED)

<P><STRONG><a name="[40]"></a>__aeabi_lasr</STRONG> (Thumb, 38 bytes, Stack size 8 bytes, llsshr.o(.text), UNUSED)
<BR><BR>[Called By]<UL><LI><a href="#[3f]">&gt;&gt;</a>&nbsp;&nbsp;&nbsp;__aeabi_dadd
</UL>

<P><STRONG><a name="[1ca]"></a>_ll_sshift_r</STRONG> (Thumb, 0 bytes, Stack size 8 bytes, llsshr.o(.text), UNUSED)

<P><STRONG><a name="[9]"></a>isspace</STRONG> (Thumb, 14 bytes, Stack size 8 bytes, isspace_c.o(.text))
<BR><BR>[Stack]<UL><LI>Max Depth = 8<LI>Call Chain = isspace
</UL>
<BR>[Calls]<UL><LI><a href="#[49]">&gt;&gt;</a>&nbsp;&nbsp;&nbsp;__ctype_lookup
</UL>
<BR>[Address Reference Count : 1]<UL><LI> scanf_char.o(.text)
</UL>
<P><STRONG><a name="[2d]"></a>_chval</STRONG> (Thumb, 30 bytes, Stack size 0 bytes, _chval.o(.text))
<BR><BR>[Called By]<UL><LI><a href="#[2e]">&gt;&gt;</a>&nbsp;&nbsp;&nbsp;_scanf_int
<LI><a href="#[2b]">&gt;&gt;</a>&nbsp;&nbsp;&nbsp;_scanf_longlong
</UL>

<P><STRONG><a name="[36]"></a>__vfscanf</STRONG> (Thumb, 812 bytes, Stack size 80 bytes, _scanf.o(.text))
<BR><BR>[Stack]<UL><LI>Max Depth = 184<LI>Call Chain = __vfscanf &rArr; _scanf_real
</UL>
<BR>[Calls]<UL><LI><a href="#[4a]">&gt;&gt;</a>&nbsp;&nbsp;&nbsp;_scanf_real
<LI><a href="#[4b]">&gt;&gt;</a>&nbsp;&nbsp;&nbsp;_scanf_string
<LI><a href="#[2e]">&gt;&gt;</a>&nbsp;&nbsp;&nbsp;_scanf_int
<LI><a href="#[2b]">&gt;&gt;</a>&nbsp;&nbsp;&nbsp;_scanf_longlong
</UL>
<BR>[Called By]<UL><LI><a href="#[27]">&gt;&gt;</a>&nbsp;&nbsp;&nbsp;__vfscanf_char
</UL>

<P><STRONG><a name="[39]"></a>_float_round</STRONG> (Thumb, 16 bytes, Stack size 0 bytes, fepilogue.o(.text))
<BR><BR>[Called By]<UL><LI><a href="#[3d]">&gt;&gt;</a>&nbsp;&nbsp;&nbsp;_fsqrt
<LI><a href="#[3e]">&gt;&gt;</a>&nbsp;&nbsp;&nbsp;_frnd
<LI><a href="#[3c]">&gt;&gt;</a>&nbsp;&nbsp;&nbsp;__aeabi_fdiv
<LI><a href="#[37]">&gt;&gt;</a>&nbsp;&nbsp;&nbsp;__aeabi_fadd
<LI><a href="#[35]">&gt;&gt;</a>&nbsp;&nbsp;&nbsp;__aeabi_d2f
</UL>

<P><STRONG><a name="[38]"></a>_float_epilogue</STRONG> (Thumb, 114 bytes, Stack size 12 bytes, fepilogue.o(.text))
<BR><BR>[Stack]<UL><LI>Max Depth = 12<LI>Call Chain = _float_epilogue
</UL>
<BR>[Called By]<UL><LI><a href="#[37]">&gt;&gt;</a>&nbsp;&nbsp;&nbsp;__aeabi_fadd
<LI><a href="#[4e]">&gt;&gt;</a>&nbsp;&nbsp;&nbsp;__aeabi_ui2f
<LI><a href="#[4d]">&gt;&gt;</a>&nbsp;&nbsp;&nbsp;__aeabi_i2f
</UL>

<P><STRONG><a name="[42]"></a>_double_round</STRONG> (Thumb, 26 bytes, Stack size 8 bytes, depilogue.o(.text), UNUSED)
<BR><BR>[Called By]<UL><LI><a href="#[41]">&gt;&gt;</a>&nbsp;&nbsp;&nbsp;_double_epilogue
<LI><a href="#[32]">&gt;&gt;</a>&nbsp;&nbsp;&nbsp;__aeabi_ddiv
<LI><a href="#[3f]">&gt;&gt;</a>&nbsp;&nbsp;&nbsp;__aeabi_dadd
</UL>

<P><STRONG><a name="[41]"></a>_double_epilogue</STRONG> (Thumb, 164 bytes, Stack size 48 bytes, depilogue.o(.text), UNUSED)
<BR><BR>[Calls]<UL><LI><a href="#[4c]">&gt;&gt;</a>&nbsp;&nbsp;&nbsp;__ARM_clz
<LI><a href="#[29]">&gt;&gt;</a>&nbsp;&nbsp;&nbsp;__aeabi_llsr
<LI><a href="#[2a]">&gt;&gt;</a>&nbsp;&nbsp;&nbsp;__aeabi_llsl
<LI><a href="#[42]">&gt;&gt;</a>&nbsp;&nbsp;&nbsp;_double_round
</UL>
<BR>[Called By]<UL><LI><a href="#[30]">&gt;&gt;</a>&nbsp;&nbsp;&nbsp;__aeabi_ul2d
<LI><a href="#[31]">&gt;&gt;</a>&nbsp;&nbsp;&nbsp;__aeabi_dmul
<LI><a href="#[3f]">&gt;&gt;</a>&nbsp;&nbsp;&nbsp;__aeabi_dadd
</UL>

<P><STRONG><a name="[4d]"></a>__aeabi_i2f</STRONG> (Thumb, 22 bytes, Stack size 8 bytes, fflti.o(.text))
<BR><BR>[Stack]<UL><LI>Max Depth = 20<LI>Call Chain = __aeabi_i2f &rArr; _float_epilogue
</UL>
<BR>[Calls]<UL><LI><a href="#[38]">&gt;&gt;</a>&nbsp;&nbsp;&nbsp;_float_epilogue
</UL>
<BR>[Called By]<UL><LI><a href="#[90]">&gt;&gt;</a>&nbsp;&nbsp;&nbsp;Knee_ServoAngle
<LI><a href="#[71]">&gt;&gt;</a>&nbsp;&nbsp;&nbsp;Servo_Angle_Conversion
<LI><a href="#[d7]">&gt;&gt;</a>&nbsp;&nbsp;&nbsp;Madgwick_Process_FIFO
<LI><a href="#[1af]">&gt;&gt;</a>&nbsp;&nbsp;&nbsp;__mathlib_rredf2
</UL>

<P><STRONG><a name="[4e]"></a>__aeabi_ui2f</STRONG> (Thumb, 14 bytes, Stack size 8 bytes, ffltui.o(.text))
<BR><BR>[Stack]<UL><LI>Max Depth = 20<LI>Call Chain = __aeabi_ui2f &rArr; _float_epilogue
</UL>
<BR>[Calls]<UL><LI><a href="#[38]">&gt;&gt;</a>&nbsp;&nbsp;&nbsp;_float_epilogue
</UL>
<BR>[Called By]<UL><LI><a href="#[6e]">&gt;&gt;</a>&nbsp;&nbsp;&nbsp;DogCtrl_Clamp
<LI><a href="#[71]">&gt;&gt;</a>&nbsp;&nbsp;&nbsp;Servo_Angle_Conversion
<LI><a href="#[d7]">&gt;&gt;</a>&nbsp;&nbsp;&nbsp;Madgwick_Process_FIFO
<LI><a href="#[1af]">&gt;&gt;</a>&nbsp;&nbsp;&nbsp;__mathlib_rredf2
</UL>

<P><STRONG><a name="[30]"></a>__aeabi_ul2d</STRONG> (Thumb, 22 bytes, Stack size 16 bytes, dfltul.o(.text), UNUSED)
<BR><BR>[Calls]<UL><LI><a href="#[41]">&gt;&gt;</a>&nbsp;&nbsp;&nbsp;_double_epilogue
</UL>
<BR>[Called By]<UL><LI><a href="#[2f]">&gt;&gt;</a>&nbsp;&nbsp;&nbsp;_fp_value
</UL>

<P><STRONG><a name="[35]"></a>__aeabi_d2f</STRONG> (Thumb, 56 bytes, Stack size 8 bytes, d2f.o(.text), UNUSED)
<BR><BR>[Calls]<UL><LI><a href="#[39]">&gt;&gt;</a>&nbsp;&nbsp;&nbsp;_float_round
</UL>
<BR>[Called By]<UL><LI><a href="#[33]">&gt;&gt;</a>&nbsp;&nbsp;&nbsp;_scanf_really_real
</UL>

<P><STRONG><a name="[49]"></a>__ctype_lookup</STRONG> (Thumb, 32 bytes, Stack size 0 bytes, ctype_c.o(.text))
<BR><BR>[Called By]<UL><LI><a href="#[9]">&gt;&gt;</a>&nbsp;&nbsp;&nbsp;isspace
</UL>

<P><STRONG><a name="[50]"></a>__aeabi_memset</STRONG> (Thumb, 14 bytes, Stack size 0 bytes, memseta.o(.text))
<BR><BR>[Called By]<UL><LI><a href="#[51]">&gt;&gt;</a>&nbsp;&nbsp;&nbsp;_memset$wrapper
<LI><a href="#[4f]">&gt;&gt;</a>&nbsp;&nbsp;&nbsp;__aeabi_memclr
</UL>

<P><STRONG><a name="[1cb]"></a>__aeabi_memset4</STRONG> (Thumb, 0 bytes, Stack size 0 bytes, memseta.o(.text), UNUSED)

<P><STRONG><a name="[1cc]"></a>__aeabi_memset8</STRONG> (Thumb, 0 bytes, Stack size 0 bytes, memseta.o(.text), UNUSED)

<P><STRONG><a name="[4f]"></a>__aeabi_memclr</STRONG> (Thumb, 4 bytes, Stack size 0 bytes, memseta.o(.text))
<BR><BR>[Calls]<UL><LI><a href="#[50]">&gt;&gt;</a>&nbsp;&nbsp;&nbsp;__aeabi_memset
</UL>
<BR>[Called By]<UL><LI><a href="#[72]">&gt;&gt;</a>&nbsp;&nbsp;&nbsp;Send_32Servo_HEX
</UL>

<P><STRONG><a name="[82]"></a>__aeabi_memclr4</STRONG> (Thumb, 0 bytes, Stack size 0 bytes, memseta.o(.text))
<BR><BR>[Called By]<UL><LI><a href="#[c6]">&gt;&gt;</a>&nbsp;&nbsp;&nbsp;LSM6DSO_Initialization
<LI><a href="#[81]">&gt;&gt;</a>&nbsp;&nbsp;&nbsp;EventRecorderInitialize
</UL>

<P><STRONG><a name="[84]"></a>__aeabi_memclr8</STRONG> (Thumb, 0 bytes, Stack size 0 bytes, memseta.o(.text))
<BR><BR>[Called By]<UL><LI><a href="#[81]">&gt;&gt;</a>&nbsp;&nbsp;&nbsp;EventRecorderInitialize
</UL>

<P><STRONG><a name="[51]"></a>_memset$wrapper</STRONG> (Thumb, 18 bytes, Stack size 8 bytes, memseta.o(.text), UNUSED)
<BR><BR>[Calls]<UL><LI><a href="#[50]">&gt;&gt;</a>&nbsp;&nbsp;&nbsp;__aeabi_memset
</UL>

<P><STRONG><a name="[21]"></a>__cpp_initialize__aeabi_</STRONG> (Thumb, 32 bytes, Stack size 24 bytes, cpp_init.o(.text))
<BR><BR>[Stack]<UL><LI>Max Depth = 24<LI>Call Chain = __cpp_initialize__aeabi_
</UL>
<BR>[Called By]<UL><LI><a href="#[25]">&gt;&gt;</a>&nbsp;&nbsp;&nbsp;_main_cpp_init$empty
</UL>

<P><STRONG><a name="[8f]"></a>__aeabi_fcmple</STRONG> (Thumb, 28 bytes, Stack size 0 bytes, fcmple.o(.text))
<BR><BR>[Called By]<UL><LI><a href="#[ac]">&gt;&gt;</a>&nbsp;&nbsp;&nbsp;LSM6DSO_FIFO_GYRO_Set_BDR
<LI><a href="#[a5]">&gt;&gt;</a>&nbsp;&nbsp;&nbsp;LSM6DSO_FIFO_ACC_Set_BDR
<LI><a href="#[da]">&gt;&gt;</a>&nbsp;&nbsp;&nbsp;pid_update
<LI><a href="#[8d]">&gt;&gt;</a>&nbsp;&nbsp;&nbsp;Interp_Update
<LI><a href="#[63]">&gt;&gt;</a>&nbsp;&nbsp;&nbsp;Yaw_Correct
<LI><a href="#[65]">&gt;&gt;</a>&nbsp;&nbsp;&nbsp;clamp
<LI><a href="#[90]">&gt;&gt;</a>&nbsp;&nbsp;&nbsp;Knee_ServoAngle
<LI><a href="#[bd]">&gt;&gt;</a>&nbsp;&nbsp;&nbsp;LSM6DSO_GYRO_SetOutputDataRate_When_Disabled
<LI><a href="#[be]">&gt;&gt;</a>&nbsp;&nbsp;&nbsp;LSM6DSO_GYRO_SetOutputDataRate_When_Enabled
<LI><a href="#[bc]">&gt;&gt;</a>&nbsp;&nbsp;&nbsp;LSM6DSO_GYRO_SetOutputDataRate_With_Mode
<LI><a href="#[9c]">&gt;&gt;</a>&nbsp;&nbsp;&nbsp;LSM6DSO_ACC_SetOutputDataRate_When_Disabled
<LI><a href="#[9d]">&gt;&gt;</a>&nbsp;&nbsp;&nbsp;LSM6DSO_ACC_SetOutputDataRate_When_Enabled
<LI><a href="#[9b]">&gt;&gt;</a>&nbsp;&nbsp;&nbsp;LSM6DSO_ACC_SetOutputDataRate_With_Mode
</UL>

<P><STRONG><a name="[68]"></a>__aeabi_fcmplt</STRONG> (Thumb, 28 bytes, Stack size 0 bytes, fcmplt.o(.text))
<BR><BR>[Called By]<UL><LI><a href="#[67]">&gt;&gt;</a>&nbsp;&nbsp;&nbsp;step_len_Y
<LI><a href="#[66]">&gt;&gt;</a>&nbsp;&nbsp;&nbsp;step_len_X
<LI><a href="#[60]">&gt;&gt;</a>&nbsp;&nbsp;&nbsp;Cal_trot
<LI><a href="#[63]">&gt;&gt;</a>&nbsp;&nbsp;&nbsp;Yaw_Correct
</UL>

<P><STRONG><a name="[8e]"></a>__aeabi_fcmpge</STRONG> (Thumb, 28 bytes, Stack size 0 bytes, fcmpge.o(.text))
<BR><BR>[Called By]<UL><LI><a href="#[da]">&gt;&gt;</a>&nbsp;&nbsp;&nbsp;pid_update
<LI><a href="#[8d]">&gt;&gt;</a>&nbsp;&nbsp;&nbsp;Interp_Update
<LI><a href="#[63]">&gt;&gt;</a>&nbsp;&nbsp;&nbsp;Yaw_Correct
<LI><a href="#[65]">&gt;&gt;</a>&nbsp;&nbsp;&nbsp;clamp
<LI><a href="#[90]">&gt;&gt;</a>&nbsp;&nbsp;&nbsp;Knee_ServoAngle
<LI><a href="#[f4]">&gt;&gt;</a>&nbsp;&nbsp;&nbsp;Read_Temp
<LI><a href="#[9b]">&gt;&gt;</a>&nbsp;&nbsp;&nbsp;LSM6DSO_ACC_SetOutputDataRate_With_Mode
</UL>

<P><STRONG><a name="[69]"></a>__aeabi_fcmpgt</STRONG> (Thumb, 28 bytes, Stack size 0 bytes, fcmpgt.o(.text))
<BR><BR>[Called By]<UL><LI><a href="#[ac]">&gt;&gt;</a>&nbsp;&nbsp;&nbsp;LSM6DSO_FIFO_GYRO_Set_BDR
<LI><a href="#[a5]">&gt;&gt;</a>&nbsp;&nbsp;&nbsp;LSM6DSO_FIFO_ACC_Set_BDR
<LI><a href="#[60]">&gt;&gt;</a>&nbsp;&nbsp;&nbsp;Cal_trot
<LI><a href="#[f9]">&gt;&gt;</a>&nbsp;&nbsp;&nbsp;Stand_Up_Smoothly
<LI><a href="#[bd]">&gt;&gt;</a>&nbsp;&nbsp;&nbsp;LSM6DSO_GYRO_SetOutputDataRate_When_Disabled
<LI><a href="#[be]">&gt;&gt;</a>&nbsp;&nbsp;&nbsp;LSM6DSO_GYRO_SetOutputDataRate_When_Enabled
<LI><a href="#[9c]">&gt;&gt;</a>&nbsp;&nbsp;&nbsp;LSM6DSO_ACC_SetOutputDataRate_When_Disabled
<LI><a href="#[9d]">&gt;&gt;</a>&nbsp;&nbsp;&nbsp;LSM6DSO_ACC_SetOutputDataRate_When_Enabled
</UL>

<P><STRONG><a name="[64]"></a>__aeabi_fcmpeq</STRONG> (Thumb, 28 bytes, Stack size 0 bytes, fcmpeq.o(.text))
<BR><BR>[Called By]<UL><LI><a href="#[60]">&gt;&gt;</a>&nbsp;&nbsp;&nbsp;Cal_trot
<LI><a href="#[63]">&gt;&gt;</a>&nbsp;&nbsp;&nbsp;Yaw_Correct
<LI><a href="#[d2]">&gt;&gt;</a>&nbsp;&nbsp;&nbsp;MadgwickAHRSupdateIMU
</UL>

<P><STRONG><a name="[f0]"></a>__aeabi_f2d</STRONG> (Thumb, 40 bytes, Stack size 0 bytes, f2d.o(.text))
<BR><BR>[Called By]<UL><LI><a href="#[63]">&gt;&gt;</a>&nbsp;&nbsp;&nbsp;Yaw_Correct
<LI><a href="#[ef]">&gt;&gt;</a>&nbsp;&nbsp;&nbsp;Read_Battery_Volt
</UL>

<P><STRONG><a name="[1cd]"></a>__decompress</STRONG> (Thumb, 0 bytes, Stack size unknown bytes, __dczerorl.o(.text), UNUSED)

<P><STRONG><a name="[1ce]"></a>__decompress0</STRONG> (Thumb, 58 bytes, Stack size unknown bytes, __dczerorl.o(.text), UNUSED)

<P><STRONG><a name="[52]"></a>printf</STRONG> (Thumb, 42 bytes, Stack size 32 bytes, lto-llvm-4e186d.o(.text.$Sub$$printf))
<BR><BR>[Stack]<UL><LI>Max Depth = 920<LI>Call Chain = printf &rArr; vprintf &rArr; stdout_serialize_begin &rArr; mutex_try_enter_block_until &rArr; mutex_enter_block_until &rArr; best_effort_wfe_or_timeout &rArr; add_alarm_at &rArr; alarm_pool_add_alarm_at &rArr; add_alarm_under_lock &rArr; ph_remove_and_free_node &rArr; ph_remove_and_free_head &rArr; ph_remove_head &rArr; ph_remove_any_head &rArr; ph_merge_two_pass &rArr;  ph_merge_two_pass (Cycle)
</UL>
<BR>[Calls]<UL><LI><a href="#[53]">&gt;&gt;</a>&nbsp;&nbsp;&nbsp;vprintf
</UL>
<BR>[Called By]<UL><LI><a href="#[5]">&gt;&gt;</a>&nbsp;&nbsp;&nbsp;main
</UL>

<P><STRONG><a name="[53]"></a>vprintf</STRONG> (Thumb, 62 bytes, Stack size 24 bytes, lto-llvm-4e186d.o(.text.$Sub$$vprintf))
<BR><BR>[Stack]<UL><LI>Max Depth = 888<LI>Call Chain = vprintf &rArr; stdout_serialize_begin &rArr; mutex_try_enter_block_until &rArr; mutex_enter_block_until &rArr; best_effort_wfe_or_timeout &rArr; add_alarm_at &rArr; alarm_pool_add_alarm_at &rArr; add_alarm_under_lock &rArr; ph_remove_and_free_node &rArr; ph_remove_and_free_head &rArr; ph_remove_head &rArr; ph_remove_any_head &rArr; ph_merge_two_pass &rArr;  ph_merge_two_pass (Cycle)
</UL>
<BR>[Calls]<UL><LI><a href="#[56]">&gt;&gt;</a>&nbsp;&nbsp;&nbsp;stdout_serialize_end
<LI><a href="#[54]">&gt;&gt;</a>&nbsp;&nbsp;&nbsp;stdout_serialize_begin
<LI><a href="#[55]">&gt;&gt;</a>&nbsp;&nbsp;&nbsp;$Super$$vprintf
</UL>
<BR>[Called By]<UL><LI><a href="#[159]">&gt;&gt;</a>&nbsp;&nbsp;&nbsp;panic
<LI><a href="#[52]">&gt;&gt;</a>&nbsp;&nbsp;&nbsp;printf
</UL>

<P><STRONG><a name="[22]"></a>__keep_stage2_boot</STRONG> (Thumb, 12 bytes, Stack size 8 bytes, lto-llvm-4e186d.o(.text.__keep_stage2_boot), UNUSED, KEPT)
<BR><BR>[Stack]<UL><LI>Max Depth = 8 + Unknown Stack Size
<LI>Call Chain = __keep_stage2_boot
</UL>
<BR>[Calls]<UL><LI><a href="#[102]">&gt;&gt;</a>&nbsp;&nbsp;&nbsp;_stage2_boot
</UL>

<P><STRONG><a name="[1e]"></a>__pico_entry</STRONG> (Thumb, 8 bytes, Stack size 8 bytes, lto-llvm-4e186d.o(.text.__pico_entry))
<BR><BR>[Stack]<UL><LI>Max Depth = 1016<LI>Call Chain = __pico_entry &rArr; runtime_init &rArr; alarm_pool_init_default &rArr; hardware_alarm_claim &rArr; hw_claim_or_assert &rArr; panic &rArr; vprintf &rArr; stdout_serialize_begin &rArr; mutex_try_enter_block_until &rArr; mutex_enter_block_until &rArr; best_effort_wfe_or_timeout &rArr; add_alarm_at &rArr; alarm_pool_add_alarm_at &rArr; add_alarm_under_lock &rArr; ph_remove_and_free_node &rArr; ph_remove_and_free_head &rArr; ph_remove_head &rArr; ph_remove_any_head &rArr; ph_merge_two_pass &rArr;  ph_merge_two_pass (Cycle)
</UL>
<BR>[Calls]<UL><LI><a href="#[103]">&gt;&gt;</a>&nbsp;&nbsp;&nbsp;runtime_init
</UL>
<BR>[Address Reference Count : 1]<UL><LI> lto-llvm-4e186d.o(.init_array.101)
</UL>
<P><STRONG><a name="[17]"></a>fputc</STRONG> (Thumb, 18 bytes, Stack size 16 bytes, lto-llvm-4e186d.o(.text.fputc))
<BR><BR>[Stack]<UL><LI>Max Depth = 168<LI>Call Chain = fputc &rArr; stdout_putchar.257 &rArr;  __aeabi_assert (Cycle)
</UL>
<BR>[Calls]<UL><LI><a href="#[13d]">&gt;&gt;</a>&nbsp;&nbsp;&nbsp;stdout_putchar.257
</UL>
<BR>[Called By]<UL><LI><a href="#[17c]">&gt;&gt;</a>&nbsp;&nbsp;&nbsp;puts
<LI><a href="#[ff]">&gt;&gt;</a>&nbsp;&nbsp;&nbsp;fputs
</UL>
<BR>[Address Reference Count : 1]<UL><LI> printfa.o(i.__0vprintf)
</UL>
<P><STRONG><a name="[0]"></a>irq_add_tail_to_free_list</STRONG> (Thumb, 336 bytes, Stack size 80 bytes, lto-llvm-4e186d.o(.text.irq_add_tail_to_free_list))
<BR><BR>[Stack]<UL><LI>Max Depth = 296<LI>Call Chain = irq_add_tail_to_free_list &rArr; __aeabi_assert &rArr; fputs &rArr; fputc &rArr; stdout_putchar.257 &rArr;  __aeabi_assert (Cycle)
</UL>
<BR>[Calls]<UL><LI><a href="#[13f]">&gt;&gt;</a>&nbsp;&nbsp;&nbsp;get_slot_index
<LI><a href="#[16c]">&gt;&gt;</a>&nbsp;&nbsp;&nbsp;add_thumb_bit
<LI><a href="#[16a]">&gt;&gt;</a>&nbsp;&nbsp;&nbsp;is_shared_irq_raw_handler
<LI><a href="#[169]">&gt;&gt;</a>&nbsp;&nbsp;&nbsp;get_vtable
<LI><a href="#[fe]">&gt;&gt;</a>&nbsp;&nbsp;&nbsp;__aeabi_assert
</UL>
<BR>[Address Reference Count : 1]<UL><LI> irq_handler_chain.o(.data)
</UL>
<P><STRONG><a name="[5]"></a>main</STRONG> (Thumb, 292 bytes, Stack size 16 bytes, lto-llvm-4e186d.o(.text.main))
<BR><BR>[Stack]<UL><LI>Max Depth = 1112<LI>Call Chain = main &rArr; Stand_Up_Smoothly &rArr; Delay_MS &rArr; sleep_ms &rArr; sleep_us &rArr; sleep_until &rArr; panic &rArr; vprintf &rArr; stdout_serialize_begin &rArr; mutex_try_enter_block_until &rArr; mutex_enter_block_until &rArr; best_effort_wfe_or_timeout &rArr; add_alarm_at &rArr; alarm_pool_add_alarm_at &rArr; add_alarm_under_lock &rArr; ph_remove_and_free_node &rArr; ph_remove_and_free_head &rArr; ph_remove_head &rArr; ph_remove_any_head &rArr; ph_merge_two_pass &rArr;  ph_merge_two_pass (Cycle)
</UL>
<BR>[Calls]<UL><LI><a href="#[dc]">&gt;&gt;</a>&nbsp;&nbsp;&nbsp;REG_6Byte_Send
<LI><a href="#[f4]">&gt;&gt;</a>&nbsp;&nbsp;&nbsp;Read_Temp
<LI><a href="#[ef]">&gt;&gt;</a>&nbsp;&nbsp;&nbsp;Read_Battery_Volt
<LI><a href="#[d7]">&gt;&gt;</a>&nbsp;&nbsp;&nbsp;Madgwick_Process_FIFO
<LI><a href="#[f9]">&gt;&gt;</a>&nbsp;&nbsp;&nbsp;Stand_Up_Smoothly
<LI><a href="#[cb]">&gt;&gt;</a>&nbsp;&nbsp;&nbsp;LSM6DSO_Set_FIFO_Mode
<LI><a href="#[c6]">&gt;&gt;</a>&nbsp;&nbsp;&nbsp;LSM6DSO_Initialization
<LI><a href="#[f5]">&gt;&gt;</a>&nbsp;&nbsp;&nbsp;Reset_ESP32_C3_To_Run
<LI><a href="#[e5]">&gt;&gt;</a>&nbsp;&nbsp;&nbsp;RP_Timers_Init
<LI><a href="#[e7]">&gt;&gt;</a>&nbsp;&nbsp;&nbsp;RP_UARTS_Init
<LI><a href="#[de]">&gt;&gt;</a>&nbsp;&nbsp;&nbsp;RP_GPIO_Init
<LI><a href="#[177]">&gt;&gt;</a>&nbsp;&nbsp;&nbsp;unreset_block_wait
<LI><a href="#[176]">&gt;&gt;</a>&nbsp;&nbsp;&nbsp;stdio_init_all
<LI><a href="#[6d]">&gt;&gt;</a>&nbsp;&nbsp;&nbsp;sleep_ms
<LI><a href="#[81]">&gt;&gt;</a>&nbsp;&nbsp;&nbsp;EventRecorderInitialize
<LI><a href="#[175]">&gt;&gt;</a>&nbsp;&nbsp;&nbsp;set_sys_clock_khz
<LI><a href="#[52]">&gt;&gt;</a>&nbsp;&nbsp;&nbsp;printf
</UL>
<BR>[Address Reference Count : 1]<UL><LI> entry9a.o(.ARM.Collect$$$$0000000B)
</UL>
<P><STRONG><a name="[1a7]"></a>__0sprintf</STRONG> (Thumb, 36 bytes, Stack size 24 bytes, printfa.o(i.__0sprintf), UNUSED)
<BR><BR>[Calls]<UL><LI><a href="#[16]">&gt;&gt;</a>&nbsp;&nbsp;&nbsp;_sputc
<LI><a href="#[1a8]">&gt;&gt;</a>&nbsp;&nbsp;&nbsp;_printf_core
</UL>

<P><STRONG><a name="[1cf]"></a>__1sprintf</STRONG> (Thumb, 0 bytes, Stack size 24 bytes, printfa.o(i.__0sprintf), UNUSED)

<P><STRONG><a name="[1d0]"></a>__2sprintf</STRONG> (Thumb, 0 bytes, Stack size 24 bytes, printfa.o(i.__0sprintf), UNUSED)

<P><STRONG><a name="[1d1]"></a>__c89sprintf</STRONG> (Thumb, 0 bytes, Stack size 24 bytes, printfa.o(i.__0sprintf), UNUSED)

<P><STRONG><a name="[f1]"></a>sprintf</STRONG> (Thumb, 0 bytes, Stack size 24 bytes, printfa.o(i.__0sprintf))
<BR><BR>[Stack]<UL><LI>Max Depth = 24<LI>Call Chain = sprintf
</UL>
<BR>[Called By]<UL><LI><a href="#[63]">&gt;&gt;</a>&nbsp;&nbsp;&nbsp;Yaw_Correct
<LI><a href="#[f4]">&gt;&gt;</a>&nbsp;&nbsp;&nbsp;Read_Temp
<LI><a href="#[ef]">&gt;&gt;</a>&nbsp;&nbsp;&nbsp;Read_Battery_Volt
</UL>

<P><STRONG><a name="[55]"></a>$Super$$vprintf</STRONG> (Thumb, 0 bytes, Stack size 8 bytes, printfa.o(i.__0vprintf))
<BR><BR>[Stack]<UL><LI>Max Depth = 8<LI>Call Chain = $Super$$vprintf
</UL>
<BR>[Called By]<UL><LI><a href="#[53]">&gt;&gt;</a>&nbsp;&nbsp;&nbsp;vprintf
</UL>

<P><STRONG><a name="[1a9]"></a>__0vprintf</STRONG> (Thumb, 12 bytes, Stack size 8 bytes, printfa.o(i.__0vprintf), UNUSED)
<BR><BR>[Calls]<UL><LI><a href="#[1a8]">&gt;&gt;</a>&nbsp;&nbsp;&nbsp;_printf_core
</UL>

<P><STRONG><a name="[1d2]"></a>__1vprintf</STRONG> (Thumb, 0 bytes, Stack size 8 bytes, printfa.o(i.__0vprintf), UNUSED)

<P><STRONG><a name="[1d3]"></a>__2vprintf</STRONG> (Thumb, 0 bytes, Stack size 8 bytes, printfa.o(i.__0vprintf), UNUSED)

<P><STRONG><a name="[1d4]"></a>__c89vprintf</STRONG> (Thumb, 0 bytes, Stack size 8 bytes, printfa.o(i.__0vprintf), UNUSED)

<P><STRONG><a name="[4c]"></a>__ARM_clz</STRONG> (Thumb, 46 bytes, Stack size 0 bytes, depilogue.o(i.__ARM_clz), UNUSED)
<BR><BR>[Called By]<UL><LI><a href="#[41]">&gt;&gt;</a>&nbsp;&nbsp;&nbsp;_double_epilogue
</UL>

<P><STRONG><a name="[1b0]"></a>__ARM_common_ll_muluu</STRONG> (Thumb, 50 bytes, Stack size 16 bytes, rredf.o(i.__ARM_common_ll_muluu))
<BR><BR>[Stack]<UL><LI>Max Depth = 16<LI>Call Chain = __ARM_common_ll_muluu
</UL>
<BR>[Called By]<UL><LI><a href="#[1af]">&gt;&gt;</a>&nbsp;&nbsp;&nbsp;__mathlib_rredf2
</UL>

<P><STRONG><a name="[1b6]"></a>__ARM_fpclassifyf</STRONG> (Thumb, 34 bytes, Stack size 0 bytes, fpclassifyf.o(i.__ARM_fpclassifyf))
<BR><BR>[Called By]<UL><LI><a href="#[6c]">&gt;&gt;</a>&nbsp;&nbsp;&nbsp;sinf
<LI><a href="#[d5]">&gt;&gt;</a>&nbsp;&nbsp;&nbsp;atan2f
<LI><a href="#[d6]">&gt;&gt;</a>&nbsp;&nbsp;&nbsp;asinf
</UL>

<P><STRONG><a name="[1aa]"></a>__mathlib_flt_infnan</STRONG> (Thumb, 10 bytes, Stack size 8 bytes, funder.o(i.__mathlib_flt_infnan))
<BR><BR>[Stack]<UL><LI>Max Depth = 8<LI>Call Chain = __mathlib_flt_infnan
</UL>
<BR>[Calls]<UL><LI><a href="#[1ab]">&gt;&gt;</a>&nbsp;&nbsp;&nbsp;__ARM_scalbnf
</UL>
<BR>[Called By]<UL><LI><a href="#[6c]">&gt;&gt;</a>&nbsp;&nbsp;&nbsp;sinf
<LI><a href="#[6b]">&gt;&gt;</a>&nbsp;&nbsp;&nbsp;cosf
<LI><a href="#[d6]">&gt;&gt;</a>&nbsp;&nbsp;&nbsp;asinf
<LI><a href="#[92]">&gt;&gt;</a>&nbsp;&nbsp;&nbsp;acosf
</UL>

<P><STRONG><a name="[1ac]"></a>__mathlib_flt_infnan2</STRONG> (Thumb, 8 bytes, Stack size 8 bytes, funder.o(i.__mathlib_flt_infnan2))
<BR><BR>[Stack]<UL><LI>Max Depth = 44<LI>Call Chain = __mathlib_flt_infnan2 &rArr; __aeabi_fadd &rArr; _float_epilogue
</UL>
<BR>[Calls]<UL><LI><a href="#[37]">&gt;&gt;</a>&nbsp;&nbsp;&nbsp;__aeabi_fadd
</UL>
<BR>[Called By]<UL><LI><a href="#[d5]">&gt;&gt;</a>&nbsp;&nbsp;&nbsp;atan2f
</UL>

<P><STRONG><a name="[1ad]"></a>__mathlib_flt_invalid</STRONG> (Thumb, 12 bytes, Stack size 8 bytes, funder.o(i.__mathlib_flt_invalid))
<BR><BR>[Stack]<UL><LI>Max Depth = 24<LI>Call Chain = __mathlib_flt_invalid &rArr; __aeabi_fdiv
</UL>
<BR>[Calls]<UL><LI><a href="#[3c]">&gt;&gt;</a>&nbsp;&nbsp;&nbsp;__aeabi_fdiv
</UL>
<BR>[Called By]<UL><LI><a href="#[6c]">&gt;&gt;</a>&nbsp;&nbsp;&nbsp;sinf
<LI><a href="#[6b]">&gt;&gt;</a>&nbsp;&nbsp;&nbsp;cosf
<LI><a href="#[d6]">&gt;&gt;</a>&nbsp;&nbsp;&nbsp;asinf
<LI><a href="#[92]">&gt;&gt;</a>&nbsp;&nbsp;&nbsp;acosf
</UL>

<P><STRONG><a name="[1ae]"></a>__mathlib_flt_underflow</STRONG> (Thumb, 14 bytes, Stack size 8 bytes, funder.o(i.__mathlib_flt_underflow))
<BR><BR>[Stack]<UL><LI>Max Depth = 8<LI>Call Chain = __mathlib_flt_underflow
</UL>
<BR>[Calls]<UL><LI><a href="#[1ab]">&gt;&gt;</a>&nbsp;&nbsp;&nbsp;__ARM_scalbnf
</UL>
<BR>[Called By]<UL><LI><a href="#[6c]">&gt;&gt;</a>&nbsp;&nbsp;&nbsp;sinf
<LI><a href="#[d5]">&gt;&gt;</a>&nbsp;&nbsp;&nbsp;atan2f
<LI><a href="#[d6]">&gt;&gt;</a>&nbsp;&nbsp;&nbsp;asinf
</UL>

<P><STRONG><a name="[1af]"></a>__mathlib_rredf2</STRONG> (Thumb, 366 bytes, Stack size 48 bytes, rredf.o(i.__mathlib_rredf2))
<BR><BR>[Stack]<UL><LI>Max Depth = 84<LI>Call Chain = __mathlib_rredf2 &rArr; __aeabi_fsub &rArr; __aeabi_fadd &rArr; _float_epilogue
</UL>
<BR>[Calls]<UL><LI><a href="#[3a]">&gt;&gt;</a>&nbsp;&nbsp;&nbsp;__aeabi_fsub
<LI><a href="#[3b]">&gt;&gt;</a>&nbsp;&nbsp;&nbsp;__aeabi_frsub
<LI><a href="#[6a]">&gt;&gt;</a>&nbsp;&nbsp;&nbsp;__aeabi_fmul
<LI><a href="#[37]">&gt;&gt;</a>&nbsp;&nbsp;&nbsp;__aeabi_fadd
<LI><a href="#[1ab]">&gt;&gt;</a>&nbsp;&nbsp;&nbsp;__ARM_scalbnf
<LI><a href="#[4e]">&gt;&gt;</a>&nbsp;&nbsp;&nbsp;__aeabi_ui2f
<LI><a href="#[4d]">&gt;&gt;</a>&nbsp;&nbsp;&nbsp;__aeabi_i2f
<LI><a href="#[1b0]">&gt;&gt;</a>&nbsp;&nbsp;&nbsp;__ARM_common_ll_muluu
</UL>
<BR>[Called By]<UL><LI><a href="#[6c]">&gt;&gt;</a>&nbsp;&nbsp;&nbsp;sinf
<LI><a href="#[6b]">&gt;&gt;</a>&nbsp;&nbsp;&nbsp;cosf
</UL>

<P><STRONG><a name="[1d5]"></a>__scatterload_copy</STRONG> (Thumb, 14 bytes, Stack size unknown bytes, handlers.o(i.__scatterload_copy), UNUSED)

<P><STRONG><a name="[1d6]"></a>__scatterload_null</STRONG> (Thumb, 2 bytes, Stack size unknown bytes, handlers.o(i.__scatterload_null), UNUSED)

<P><STRONG><a name="[1d7]"></a>__scatterload_zeroinit</STRONG> (Thumb, 14 bytes, Stack size unknown bytes, handlers.o(i.__scatterload_zeroinit), UNUSED)

<P><STRONG><a name="[1b5]"></a>__set_errno</STRONG> (Thumb, 6 bytes, Stack size 0 bytes, errno.o(i.__set_errno))
<BR><BR>[Called By]<UL><LI><a href="#[91]">&gt;&gt;</a>&nbsp;&nbsp;&nbsp;sqrtf
<LI><a href="#[6c]">&gt;&gt;</a>&nbsp;&nbsp;&nbsp;sinf
<LI><a href="#[6b]">&gt;&gt;</a>&nbsp;&nbsp;&nbsp;cosf
<LI><a href="#[d5]">&gt;&gt;</a>&nbsp;&nbsp;&nbsp;atan2f
<LI><a href="#[d6]">&gt;&gt;</a>&nbsp;&nbsp;&nbsp;asinf
<LI><a href="#[92]">&gt;&gt;</a>&nbsp;&nbsp;&nbsp;acosf
</UL>

<P><STRONG><a name="[34]"></a>_is_digit</STRONG> (Thumb, 14 bytes, Stack size 0 bytes, scanf_fp.o(i._is_digit), UNUSED)
<BR><BR>[Called By]<UL><LI><a href="#[33]">&gt;&gt;</a>&nbsp;&nbsp;&nbsp;_scanf_really_real
</UL>

<P><STRONG><a name="[92]"></a>acosf</STRONG> (Thumb, 228 bytes, Stack size 24 bytes, acosf.o(i.acosf))
<BR><BR>[Stack]<UL><LI>Max Depth = 60<LI>Call Chain = acosf &rArr; __aeabi_fsub &rArr; __aeabi_fadd &rArr; _float_epilogue
</UL>
<BR>[Calls]<UL><LI><a href="#[91]">&gt;&gt;</a>&nbsp;&nbsp;&nbsp;sqrtf
<LI><a href="#[3a]">&gt;&gt;</a>&nbsp;&nbsp;&nbsp;__aeabi_fsub
<LI><a href="#[3b]">&gt;&gt;</a>&nbsp;&nbsp;&nbsp;__aeabi_frsub
<LI><a href="#[6a]">&gt;&gt;</a>&nbsp;&nbsp;&nbsp;__aeabi_fmul
<LI><a href="#[37]">&gt;&gt;</a>&nbsp;&nbsp;&nbsp;__aeabi_fadd
<LI><a href="#[1ab]">&gt;&gt;</a>&nbsp;&nbsp;&nbsp;__ARM_scalbnf
<LI><a href="#[1b5]">&gt;&gt;</a>&nbsp;&nbsp;&nbsp;__set_errno
<LI><a href="#[1ad]">&gt;&gt;</a>&nbsp;&nbsp;&nbsp;__mathlib_flt_invalid
<LI><a href="#[1aa]">&gt;&gt;</a>&nbsp;&nbsp;&nbsp;__mathlib_flt_infnan
</UL>
<BR>[Called By]<UL><LI><a href="#[90]">&gt;&gt;</a>&nbsp;&nbsp;&nbsp;Knee_ServoAngle
<LI><a href="#[70]">&gt;&gt;</a>&nbsp;&nbsp;&nbsp;single_ik
</UL>

<P><STRONG><a name="[d6]"></a>asinf</STRONG> (Thumb, 242 bytes, Stack size 24 bytes, asinf.o(i.asinf))
<BR><BR>[Stack]<UL><LI>Max Depth = 60<LI>Call Chain = asinf &rArr; __aeabi_frsub &rArr; __aeabi_fadd &rArr; _float_epilogue
</UL>
<BR>[Calls]<UL><LI><a href="#[91]">&gt;&gt;</a>&nbsp;&nbsp;&nbsp;sqrtf
<LI><a href="#[3b]">&gt;&gt;</a>&nbsp;&nbsp;&nbsp;__aeabi_frsub
<LI><a href="#[6a]">&gt;&gt;</a>&nbsp;&nbsp;&nbsp;__aeabi_fmul
<LI><a href="#[37]">&gt;&gt;</a>&nbsp;&nbsp;&nbsp;__aeabi_fadd
<LI><a href="#[1ab]">&gt;&gt;</a>&nbsp;&nbsp;&nbsp;__ARM_scalbnf
<LI><a href="#[1b5]">&gt;&gt;</a>&nbsp;&nbsp;&nbsp;__set_errno
<LI><a href="#[1ae]">&gt;&gt;</a>&nbsp;&nbsp;&nbsp;__mathlib_flt_underflow
<LI><a href="#[1ad]">&gt;&gt;</a>&nbsp;&nbsp;&nbsp;__mathlib_flt_invalid
<LI><a href="#[1aa]">&gt;&gt;</a>&nbsp;&nbsp;&nbsp;__mathlib_flt_infnan
<LI><a href="#[1b6]">&gt;&gt;</a>&nbsp;&nbsp;&nbsp;__ARM_fpclassifyf
</UL>
<BR>[Called By]<UL><LI><a href="#[d4]">&gt;&gt;</a>&nbsp;&nbsp;&nbsp;Madgwick_GetYawPitchRoll
</UL>

<P><STRONG><a name="[d5]"></a>atan2f</STRONG> (Thumb, 592 bytes, Stack size 48 bytes, atan2f.o(i.atan2f))
<BR><BR>[Stack]<UL><LI>Max Depth = 92<LI>Call Chain = atan2f &rArr; __mathlib_flt_infnan2 &rArr; __aeabi_fadd &rArr; _float_epilogue
</UL>
<BR>[Calls]<UL><LI><a href="#[3c]">&gt;&gt;</a>&nbsp;&nbsp;&nbsp;__aeabi_fdiv
<LI><a href="#[3a]">&gt;&gt;</a>&nbsp;&nbsp;&nbsp;__aeabi_fsub
<LI><a href="#[3b]">&gt;&gt;</a>&nbsp;&nbsp;&nbsp;__aeabi_frsub
<LI><a href="#[6a]">&gt;&gt;</a>&nbsp;&nbsp;&nbsp;__aeabi_fmul
<LI><a href="#[37]">&gt;&gt;</a>&nbsp;&nbsp;&nbsp;__aeabi_fadd
<LI><a href="#[1b5]">&gt;&gt;</a>&nbsp;&nbsp;&nbsp;__set_errno
<LI><a href="#[1ae]">&gt;&gt;</a>&nbsp;&nbsp;&nbsp;__mathlib_flt_underflow
<LI><a href="#[1ac]">&gt;&gt;</a>&nbsp;&nbsp;&nbsp;__mathlib_flt_infnan2
<LI><a href="#[1b6]">&gt;&gt;</a>&nbsp;&nbsp;&nbsp;__ARM_fpclassifyf
</UL>
<BR>[Called By]<UL><LI><a href="#[70]">&gt;&gt;</a>&nbsp;&nbsp;&nbsp;single_ik
<LI><a href="#[d4]">&gt;&gt;</a>&nbsp;&nbsp;&nbsp;Madgwick_GetYawPitchRoll
</UL>

<P><STRONG><a name="[6b]"></a>cosf</STRONG> (Thumb, 318 bytes, Stack size 32 bytes, cosf.o(i.cosf))
<BR><BR>[Stack]<UL><LI>Max Depth = 116<LI>Call Chain = cosf &rArr; __mathlib_rredf2 &rArr; __aeabi_fsub &rArr; __aeabi_fadd &rArr; _float_epilogue
</UL>
<BR>[Calls]<UL><LI><a href="#[3e]">&gt;&gt;</a>&nbsp;&nbsp;&nbsp;_frnd
<LI><a href="#[62]">&gt;&gt;</a>&nbsp;&nbsp;&nbsp;__aeabi_f2iz
<LI><a href="#[3a]">&gt;&gt;</a>&nbsp;&nbsp;&nbsp;__aeabi_fsub
<LI><a href="#[3b]">&gt;&gt;</a>&nbsp;&nbsp;&nbsp;__aeabi_frsub
<LI><a href="#[6a]">&gt;&gt;</a>&nbsp;&nbsp;&nbsp;__aeabi_fmul
<LI><a href="#[37]">&gt;&gt;</a>&nbsp;&nbsp;&nbsp;__aeabi_fadd
<LI><a href="#[1b5]">&gt;&gt;</a>&nbsp;&nbsp;&nbsp;__set_errno
<LI><a href="#[1af]">&gt;&gt;</a>&nbsp;&nbsp;&nbsp;__mathlib_rredf2
<LI><a href="#[1ad]">&gt;&gt;</a>&nbsp;&nbsp;&nbsp;__mathlib_flt_invalid
<LI><a href="#[1aa]">&gt;&gt;</a>&nbsp;&nbsp;&nbsp;__mathlib_flt_infnan
</UL>
<BR>[Called By]<UL><LI><a href="#[60]">&gt;&gt;</a>&nbsp;&nbsp;&nbsp;Cal_trot
<LI><a href="#[db]">&gt;&gt;</a>&nbsp;&nbsp;&nbsp;calc_leg_pose
<LI><a href="#[90]">&gt;&gt;</a>&nbsp;&nbsp;&nbsp;Knee_ServoAngle
</UL>

<P><STRONG><a name="[ff]"></a>fputs</STRONG> (Thumb, 24 bytes, Stack size 16 bytes, fputs.o(i.fputs))
<BR><BR>[Stack]<UL><LI>Max Depth = 184<LI>Call Chain = fputs &rArr; fputc &rArr; stdout_putchar.257 &rArr;  __aeabi_assert (Cycle)
</UL>
<BR>[Calls]<UL><LI><a href="#[17]">&gt;&gt;</a>&nbsp;&nbsp;&nbsp;fputc
</UL>
<BR>[Called By]<UL><LI><a href="#[fe]">&gt;&gt;</a>&nbsp;&nbsp;&nbsp;__aeabi_assert
</UL>

<P><STRONG><a name="[17c]"></a>puts</STRONG> (Thumb, 28 bytes, Stack size 8 bytes, puts.o(i.puts))
<BR><BR>[Stack]<UL><LI>Max Depth = 176<LI>Call Chain = puts &rArr; fputc &rArr; stdout_putchar.257 &rArr;  __aeabi_assert (Cycle)
</UL>
<BR>[Calls]<UL><LI><a href="#[17]">&gt;&gt;</a>&nbsp;&nbsp;&nbsp;fputc
</UL>
<BR>[Called By]<UL><LI><a href="#[159]">&gt;&gt;</a>&nbsp;&nbsp;&nbsp;panic
</UL>

<P><STRONG><a name="[93]"></a>roundf</STRONG> (Thumb, 116 bytes, Stack size 16 bytes, roundf.o(i.roundf))
<BR><BR>[Stack]<UL><LI>Max Depth = 52<LI>Call Chain = roundf &rArr; __aeabi_fsub &rArr; __aeabi_fadd &rArr; _float_epilogue
</UL>
<BR>[Calls]<UL><LI><a href="#[3e]">&gt;&gt;</a>&nbsp;&nbsp;&nbsp;_frnd
<LI><a href="#[3a]">&gt;&gt;</a>&nbsp;&nbsp;&nbsp;__aeabi_fsub
<LI><a href="#[37]">&gt;&gt;</a>&nbsp;&nbsp;&nbsp;__aeabi_fadd
</UL>
<BR>[Called By]<UL><LI><a href="#[90]">&gt;&gt;</a>&nbsp;&nbsp;&nbsp;Knee_ServoAngle
</UL>

<P><STRONG><a name="[6c]"></a>sinf</STRONG> (Thumb, 330 bytes, Stack size 32 bytes, sinf.o(i.sinf))
<BR><BR>[Stack]<UL><LI>Max Depth = 116<LI>Call Chain = sinf &rArr; __mathlib_rredf2 &rArr; __aeabi_fsub &rArr; __aeabi_fadd &rArr; _float_epilogue
</UL>
<BR>[Calls]<UL><LI><a href="#[3e]">&gt;&gt;</a>&nbsp;&nbsp;&nbsp;_frnd
<LI><a href="#[62]">&gt;&gt;</a>&nbsp;&nbsp;&nbsp;__aeabi_f2iz
<LI><a href="#[3a]">&gt;&gt;</a>&nbsp;&nbsp;&nbsp;__aeabi_fsub
<LI><a href="#[3b]">&gt;&gt;</a>&nbsp;&nbsp;&nbsp;__aeabi_frsub
<LI><a href="#[6a]">&gt;&gt;</a>&nbsp;&nbsp;&nbsp;__aeabi_fmul
<LI><a href="#[37]">&gt;&gt;</a>&nbsp;&nbsp;&nbsp;__aeabi_fadd
<LI><a href="#[1b5]">&gt;&gt;</a>&nbsp;&nbsp;&nbsp;__set_errno
<LI><a href="#[1af]">&gt;&gt;</a>&nbsp;&nbsp;&nbsp;__mathlib_rredf2
<LI><a href="#[1ae]">&gt;&gt;</a>&nbsp;&nbsp;&nbsp;__mathlib_flt_underflow
<LI><a href="#[1ad]">&gt;&gt;</a>&nbsp;&nbsp;&nbsp;__mathlib_flt_invalid
<LI><a href="#[1aa]">&gt;&gt;</a>&nbsp;&nbsp;&nbsp;__mathlib_flt_infnan
<LI><a href="#[1b6]">&gt;&gt;</a>&nbsp;&nbsp;&nbsp;__ARM_fpclassifyf
</UL>
<BR>[Called By]<UL><LI><a href="#[60]">&gt;&gt;</a>&nbsp;&nbsp;&nbsp;Cal_trot
<LI><a href="#[db]">&gt;&gt;</a>&nbsp;&nbsp;&nbsp;calc_leg_pose
</UL>

<P><STRONG><a name="[91]"></a>sqrtf</STRONG> (Thumb, 44 bytes, Stack size 16 bytes, sqrtf.o(i.sqrtf))
<BR><BR>[Stack]<UL><LI>Max Depth = 32<LI>Call Chain = sqrtf &rArr; _fsqrt
</UL>
<BR>[Calls]<UL><LI><a href="#[3d]">&gt;&gt;</a>&nbsp;&nbsp;&nbsp;_fsqrt
<LI><a href="#[1b5]">&gt;&gt;</a>&nbsp;&nbsp;&nbsp;__set_errno
</UL>
<BR>[Called By]<UL><LI><a href="#[d6]">&gt;&gt;</a>&nbsp;&nbsp;&nbsp;asinf
<LI><a href="#[92]">&gt;&gt;</a>&nbsp;&nbsp;&nbsp;acosf
<LI><a href="#[90]">&gt;&gt;</a>&nbsp;&nbsp;&nbsp;Knee_ServoAngle
<LI><a href="#[70]">&gt;&gt;</a>&nbsp;&nbsp;&nbsp;single_ik
</UL>
<P>
<H3>
Local Symbols
</H3>
<P><STRONG><a name="[1b1]"></a>_fp_digits</STRONG> (Thumb, 344 bytes, Stack size 64 bytes, printfa.o(i._fp_digits), UNUSED)
<BR><BR>[Calls]<UL><LI><a href="#[28]">&gt;&gt;</a>&nbsp;&nbsp;&nbsp;__aeabi_uldivmod
<LI><a href="#[31]">&gt;&gt;</a>&nbsp;&nbsp;&nbsp;__aeabi_dmul
<LI><a href="#[32]">&gt;&gt;</a>&nbsp;&nbsp;&nbsp;__aeabi_ddiv
<LI><a href="#[3f]">&gt;&gt;</a>&nbsp;&nbsp;&nbsp;__aeabi_dadd
<LI><a href="#[45]">&gt;&gt;</a>&nbsp;&nbsp;&nbsp;__aeabi_d2ulz
<LI><a href="#[1b2]">&gt;&gt;</a>&nbsp;&nbsp;&nbsp;__aeabi_cdrcmple
</UL>
<BR>[Called By]<UL><LI><a href="#[1a8]">&gt;&gt;</a>&nbsp;&nbsp;&nbsp;_printf_core
</UL>

<P><STRONG><a name="[1a8]"></a>_printf_core</STRONG> (Thumb, 1754 bytes, Stack size 128 bytes, printfa.o(i._printf_core), UNUSED)
<BR><BR>[Calls]<UL><LI><a href="#[48]">&gt;&gt;</a>&nbsp;&nbsp;&nbsp;__aeabi_uidivmod
<LI><a href="#[28]">&gt;&gt;</a>&nbsp;&nbsp;&nbsp;__aeabi_uldivmod
<LI><a href="#[1b3]">&gt;&gt;</a>&nbsp;&nbsp;&nbsp;_printf_pre_padding
<LI><a href="#[1b4]">&gt;&gt;</a>&nbsp;&nbsp;&nbsp;_printf_post_padding
<LI><a href="#[1b1]">&gt;&gt;</a>&nbsp;&nbsp;&nbsp;_fp_digits
</UL>
<BR>[Called By]<UL><LI><a href="#[1a9]">&gt;&gt;</a>&nbsp;&nbsp;&nbsp;__0vprintf
<LI><a href="#[1a7]">&gt;&gt;</a>&nbsp;&nbsp;&nbsp;__0sprintf
</UL>

<P><STRONG><a name="[1b4]"></a>_printf_post_padding</STRONG> (Thumb, 32 bytes, Stack size 24 bytes, printfa.o(i._printf_post_padding), UNUSED)
<BR><BR>[Called By]<UL><LI><a href="#[1a8]">&gt;&gt;</a>&nbsp;&nbsp;&nbsp;_printf_core
</UL>

<P><STRONG><a name="[1b3]"></a>_printf_pre_padding</STRONG> (Thumb, 44 bytes, Stack size 40 bytes, printfa.o(i._printf_pre_padding), UNUSED)
<BR><BR>[Called By]<UL><LI><a href="#[1a8]">&gt;&gt;</a>&nbsp;&nbsp;&nbsp;_printf_core
</UL>

<P><STRONG><a name="[16]"></a>_sputc</STRONG> (Thumb, 10 bytes, Stack size 0 bytes, printfa.o(i._sputc))
<BR><BR>[Called By]<UL><LI><a href="#[1a7]">&gt;&gt;</a>&nbsp;&nbsp;&nbsp;__0sprintf
</UL>
<BR>[Address Reference Count : 1]<UL><LI> printfa.o(i.__0sprintf)
</UL>
<P><STRONG><a name="[2f]"></a>_fp_value</STRONG> (Thumb, 286 bytes, Stack size 72 bytes, scanf_fp.o(.text), UNUSED)
<BR><BR>[Calls]<UL><LI><a href="#[2c]">&gt;&gt;</a>&nbsp;&nbsp;&nbsp;__aeabi_lmul
<LI><a href="#[30]">&gt;&gt;</a>&nbsp;&nbsp;&nbsp;__aeabi_ul2d
<LI><a href="#[31]">&gt;&gt;</a>&nbsp;&nbsp;&nbsp;__aeabi_dmul
<LI><a href="#[32]">&gt;&gt;</a>&nbsp;&nbsp;&nbsp;__aeabi_ddiv
</UL>
<BR>[Called By]<UL><LI><a href="#[33]">&gt;&gt;</a>&nbsp;&nbsp;&nbsp;_scanf_really_real
</UL>

<P><STRONG><a name="[8]"></a>_scanf_char_input</STRONG> (Thumb, 12 bytes, Stack size 0 bytes, scanf_char.o(.text))
<BR>[Address Reference Count : 1]<UL><LI> scanf_char.o(.text)
</UL>
<P><STRONG><a name="[175]"></a>set_sys_clock_khz</STRONG> (Thumb, 52 bytes, Stack size 32 bytes, lto-llvm-4e186d.o(.text.set_sys_clock_khz))
<BR><BR>[Stack]<UL><LI>Max Depth = 48<LI>Call Chain = set_sys_clock_khz &rArr; check_sys_clock_khz
</UL>
<BR>[Calls]<UL><LI><a href="#[192]">&gt;&gt;</a>&nbsp;&nbsp;&nbsp;set_sys_clock_pll
<LI><a href="#[191]">&gt;&gt;</a>&nbsp;&nbsp;&nbsp;check_sys_clock_khz
</UL>
<BR>[Called By]<UL><LI><a href="#[5]">&gt;&gt;</a>&nbsp;&nbsp;&nbsp;main
</UL>

<P><STRONG><a name="[81]"></a>EventRecorderInitialize</STRONG> (Thumb, 384 bytes, Stack size 40 bytes, lto-llvm-4e186d.o(.text.EventRecorderInitialize))
<BR><BR>[Stack]<UL><LI>Max Depth = 136<LI>Call Chain = EventRecorderInitialize &rArr; EventRecorderStart &rArr; EventRecordItem &rArr; IncrementRecordsDumped &rArr; atomic_inc32
</UL>
<BR>[Calls]<UL><LI><a href="#[88]">&gt;&gt;</a>&nbsp;&nbsp;&nbsp;EventRecorderStart
<LI><a href="#[7a]">&gt;&gt;</a>&nbsp;&nbsp;&nbsp;EventRecordItem
<LI><a href="#[73]">&gt;&gt;</a>&nbsp;&nbsp;&nbsp;EventGetTS
<LI><a href="#[87]">&gt;&gt;</a>&nbsp;&nbsp;&nbsp;EventRecorderEnable
<LI><a href="#[83]">&gt;&gt;</a>&nbsp;&nbsp;&nbsp;crc16_ccitt
<LI><a href="#[86]">&gt;&gt;</a>&nbsp;&nbsp;&nbsp;EventRecorderTimerGetFreq
<LI><a href="#[85]">&gt;&gt;</a>&nbsp;&nbsp;&nbsp;EventRecorderTimerSetup
<LI><a href="#[84]">&gt;&gt;</a>&nbsp;&nbsp;&nbsp;__aeabi_memclr8
<LI><a href="#[82]">&gt;&gt;</a>&nbsp;&nbsp;&nbsp;__aeabi_memclr4
</UL>
<BR>[Called By]<UL><LI><a href="#[5]">&gt;&gt;</a>&nbsp;&nbsp;&nbsp;main
</UL>

<P><STRONG><a name="[6d]"></a>sleep_ms</STRONG> (Thumb, 28 bytes, Stack size 16 bytes, lto-llvm-4e186d.o(.text.sleep_ms))
<BR><BR>[Stack]<UL><LI>Max Depth = 1056<LI>Call Chain = sleep_ms &rArr; sleep_us &rArr; sleep_until &rArr; panic &rArr; vprintf &rArr; stdout_serialize_begin &rArr; mutex_try_enter_block_until &rArr; mutex_enter_block_until &rArr; best_effort_wfe_or_timeout &rArr; add_alarm_at &rArr; alarm_pool_add_alarm_at &rArr; add_alarm_under_lock &rArr; ph_remove_and_free_node &rArr; ph_remove_and_free_head &rArr; ph_remove_head &rArr; ph_remove_any_head &rArr; ph_merge_two_pass &rArr;  ph_merge_two_pass (Cycle)
</UL>
<BR>[Calls]<UL><LI><a href="#[2c]">&gt;&gt;</a>&nbsp;&nbsp;&nbsp;__aeabi_lmul
<LI><a href="#[193]">&gt;&gt;</a>&nbsp;&nbsp;&nbsp;sleep_us
</UL>
<BR>[Called By]<UL><LI><a href="#[1d]">&gt;&gt;</a>&nbsp;&nbsp;&nbsp;Delay_MS
<LI><a href="#[f5]">&gt;&gt;</a>&nbsp;&nbsp;&nbsp;Reset_ESP32_C3_To_Run
<LI><a href="#[5]">&gt;&gt;</a>&nbsp;&nbsp;&nbsp;main
</UL>

<P><STRONG><a name="[176]"></a>stdio_init_all</STRONG> (Thumb, 12 bytes, Stack size 4 bytes, lto-llvm-4e186d.o(.text.stdio_init_all))
<BR><BR>[Stack]<UL><LI>Max Depth = 4<LI>Call Chain = stdio_init_all
</UL>
<BR>[Called By]<UL><LI><a href="#[5]">&gt;&gt;</a>&nbsp;&nbsp;&nbsp;main
</UL>

<P><STRONG><a name="[177]"></a>unreset_block_wait</STRONG> (Thumb, 48 bytes, Stack size 12 bytes, lto-llvm-4e186d.o(.text.unreset_block_wait))
<BR><BR>[Stack]<UL><LI>Max Depth = 12<LI>Call Chain = unreset_block_wait
</UL>
<BR>[Called By]<UL><LI><a href="#[5]">&gt;&gt;</a>&nbsp;&nbsp;&nbsp;main
</UL>

<P><STRONG><a name="[de]"></a>RP_GPIO_Init</STRONG> (Thumb, 132 bytes, Stack size 16 bytes, lto-llvm-4e186d.o(.text.RP_GPIO_Init))
<BR><BR>[Stack]<UL><LI>Max Depth = 416<LI>Call Chain = RP_GPIO_Init &rArr; gpio_set_irq_enabled_with_callback &rArr; gpio_set_irq_callback &rArr; irq_add_shared_handler &rArr; make_branch &rArr; __aeabi_assert &rArr; fputs &rArr; fputc &rArr; stdout_putchar.257 &rArr;  __aeabi_assert (Cycle)
</UL>
<BR>[Calls]<UL><LI><a href="#[e4]">&gt;&gt;</a>&nbsp;&nbsp;&nbsp;gpio_set_irq_enabled
<LI><a href="#[e3]">&gt;&gt;</a>&nbsp;&nbsp;&nbsp;gpio_set_irq_enabled_with_callback
<LI><a href="#[e2]">&gt;&gt;</a>&nbsp;&nbsp;&nbsp;gpio_disable_pulls
<LI><a href="#[e1]">&gt;&gt;</a>&nbsp;&nbsp;&nbsp;gpio_put
<LI><a href="#[e0]">&gt;&gt;</a>&nbsp;&nbsp;&nbsp;gpio_set_dir
<LI><a href="#[df]">&gt;&gt;</a>&nbsp;&nbsp;&nbsp;gpio_init
</UL>
<BR>[Called By]<UL><LI><a href="#[5]">&gt;&gt;</a>&nbsp;&nbsp;&nbsp;main
</UL>

<P><STRONG><a name="[e7]"></a>RP_UARTS_Init</STRONG> (Thumb, 64 bytes, Stack size 8 bytes, lto-llvm-4e186d.o(.text.RP_UARTS_Init))
<BR><BR>[Stack]<UL><LI>Max Depth = 440<LI>Call Chain = RP_UARTS_Init &rArr; uart_init &rArr; uart_set_baudrate &rArr; uart_write_lcr_bits_masked &rArr; uart_disable_before_lcr_write &rArr; busy_wait_us &rArr; update_us_since_boot.509 &rArr; __aeabi_assert &rArr; fputs &rArr; fputc &rArr; stdout_putchar.257 &rArr;  __aeabi_assert (Cycle)
</UL>
<BR>[Calls]<UL><LI><a href="#[ee]">&gt;&gt;</a>&nbsp;&nbsp;&nbsp;uart_set_irq_enables
<LI><a href="#[ed]">&gt;&gt;</a>&nbsp;&nbsp;&nbsp;irq_set_enabled
<LI><a href="#[ec]">&gt;&gt;</a>&nbsp;&nbsp;&nbsp;irq_set_exclusive_handler
<LI><a href="#[eb]">&gt;&gt;</a>&nbsp;&nbsp;&nbsp;uart_set_fifo_enabled
<LI><a href="#[ea]">&gt;&gt;</a>&nbsp;&nbsp;&nbsp;uart_set_hw_flow
<LI><a href="#[e9]">&gt;&gt;</a>&nbsp;&nbsp;&nbsp;uart_set_format
<LI><a href="#[59]">&gt;&gt;</a>&nbsp;&nbsp;&nbsp;gpio_set_function
<LI><a href="#[e8]">&gt;&gt;</a>&nbsp;&nbsp;&nbsp;uart_init
</UL>
<BR>[Called By]<UL><LI><a href="#[5]">&gt;&gt;</a>&nbsp;&nbsp;&nbsp;main
</UL>

<P><STRONG><a name="[e5]"></a>RP_Timers_Init</STRONG> (Thumb, 28 bytes, Stack size 8 bytes, lto-llvm-4e186d.o(.text.RP_Timers_Init))
<BR><BR>[Stack]<UL><LI>Max Depth = 744<LI>Call Chain = RP_Timers_Init &rArr; add_repeating_timer_ms &rArr; alarm_pool_add_repeating_timer_us &rArr; alarm_pool_add_alarm_at &rArr; add_alarm_under_lock &rArr; ph_remove_and_free_node &rArr; ph_remove_and_free_head &rArr; ph_remove_head &rArr; ph_remove_any_head &rArr; ph_merge_two_pass &rArr;  ph_merge_two_pass (Cycle)
</UL>
<BR>[Calls]<UL><LI><a href="#[e6]">&gt;&gt;</a>&nbsp;&nbsp;&nbsp;add_repeating_timer_ms
</UL>
<BR>[Called By]<UL><LI><a href="#[5]">&gt;&gt;</a>&nbsp;&nbsp;&nbsp;main
</UL>

<P><STRONG><a name="[f5]"></a>Reset_ESP32_C3_To_Run</STRONG> (Thumb, 38 bytes, Stack size 16 bytes, lto-llvm-4e186d.o(.text.Reset_ESP32_C3_To_Run))
<BR><BR>[Stack]<UL><LI>Max Depth = 1072<LI>Call Chain = Reset_ESP32_C3_To_Run &rArr; sleep_ms &rArr; sleep_us &rArr; sleep_until &rArr; panic &rArr; vprintf &rArr; stdout_serialize_begin &rArr; mutex_try_enter_block_until &rArr; mutex_enter_block_until &rArr; best_effort_wfe_or_timeout &rArr; add_alarm_at &rArr; alarm_pool_add_alarm_at &rArr; add_alarm_under_lock &rArr; ph_remove_and_free_node &rArr; ph_remove_and_free_head &rArr; ph_remove_head &rArr; ph_remove_any_head &rArr; ph_merge_two_pass &rArr;  ph_merge_two_pass (Cycle)
</UL>
<BR>[Calls]<UL><LI><a href="#[6d]">&gt;&gt;</a>&nbsp;&nbsp;&nbsp;sleep_ms
<LI><a href="#[f6]">&gt;&gt;</a>&nbsp;&nbsp;&nbsp;gpio_put.46
</UL>
<BR>[Called By]<UL><LI><a href="#[5]">&gt;&gt;</a>&nbsp;&nbsp;&nbsp;main
</UL>

<P><STRONG><a name="[c6]"></a>LSM6DSO_Initialization</STRONG> (Thumb, 112 bytes, Stack size 56 bytes, lto-llvm-4e186d.o(.text.LSM6DSO_Initialization))
<BR><BR>[Stack]<UL><LI>Max Depth = 216<LI>Call Chain = LSM6DSO_Initialization &rArr; LSM6DSO_Init &rArr; lsm6dso_gy_data_rate_set &rArr; lsm6dso_fsm_data_rate_get &rArr; lsm6dso_mem_bank_set &rArr; lsm6dso_write_reg
</UL>
<BR>[Calls]<UL><LI><a href="#[c8]">&gt;&gt;</a>&nbsp;&nbsp;&nbsp;LSM6DSO_ReadID
<LI><a href="#[c1]">&gt;&gt;</a>&nbsp;&nbsp;&nbsp;LSM6DSO_Init
<LI><a href="#[c7]">&gt;&gt;</a>&nbsp;&nbsp;&nbsp;LSM6DSO_RegisterBusIO
<LI><a href="#[82]">&gt;&gt;</a>&nbsp;&nbsp;&nbsp;__aeabi_memclr4
</UL>
<BR>[Called By]<UL><LI><a href="#[5]">&gt;&gt;</a>&nbsp;&nbsp;&nbsp;main
</UL>

<P><STRONG><a name="[cb]"></a>LSM6DSO_Set_FIFO_Mode</STRONG> (Thumb, 322 bytes, Stack size 32 bytes, lto-llvm-4e186d.o(.text.LSM6DSO_Set_FIFO_Mode))
<BR><BR>[Stack]<UL><LI>Max Depth = 376<LI>Call Chain = LSM6DSO_Set_FIFO_Mode &rArr; lsm6dso_pin_int1_route_set &rArr; lsm6dso_pin_int2_route_get &rArr; lsm6dso_mem_bank_set &rArr; lsm6dso_write_reg
</UL>
<BR>[Calls]<UL><LI><a href="#[b6]">&gt;&gt;</a>&nbsp;&nbsp;&nbsp;LSM6DSO_GYRO_Enable
<LI><a href="#[94]">&gt;&gt;</a>&nbsp;&nbsp;&nbsp;LSM6DSO_ACC_Enable
<LI><a href="#[bf]">&gt;&gt;</a>&nbsp;&nbsp;&nbsp;LSM6DSO_GYRO_Set_Power_Mode
<LI><a href="#[a1]">&gt;&gt;</a>&nbsp;&nbsp;&nbsp;LSM6DSO_ACC_Set_Power_Mode
<LI><a href="#[cf]">&gt;&gt;</a>&nbsp;&nbsp;&nbsp;lsm6dso_timestamp_set
<LI><a href="#[ce]">&gt;&gt;</a>&nbsp;&nbsp;&nbsp;lsm6dso_fifo_timestamp_decimation_set
<LI><a href="#[cd]">&gt;&gt;</a>&nbsp;&nbsp;&nbsp;lsm6dso_pin_int1_route_set
<LI><a href="#[cc]">&gt;&gt;</a>&nbsp;&nbsp;&nbsp;lsm6dso_pin_int1_route_get
<LI><a href="#[a3]">&gt;&gt;</a>&nbsp;&nbsp;&nbsp;LSM6DSO_DRDY_Set_Mode
<LI><a href="#[b0]">&gt;&gt;</a>&nbsp;&nbsp;&nbsp;LSM6DSO_FIFO_Set_Mode
<LI><a href="#[bb]">&gt;&gt;</a>&nbsp;&nbsp;&nbsp;LSM6DSO_GYRO_SetOutputDataRate
<LI><a href="#[9a]">&gt;&gt;</a>&nbsp;&nbsp;&nbsp;LSM6DSO_ACC_SetOutputDataRate
<LI><a href="#[ac]">&gt;&gt;</a>&nbsp;&nbsp;&nbsp;LSM6DSO_FIFO_GYRO_Set_BDR
<LI><a href="#[a5]">&gt;&gt;</a>&nbsp;&nbsp;&nbsp;LSM6DSO_FIFO_ACC_Set_BDR
<LI><a href="#[b2]">&gt;&gt;</a>&nbsp;&nbsp;&nbsp;LSM6DSO_FIFO_Set_Watermark_Level
<LI><a href="#[b9]">&gt;&gt;</a>&nbsp;&nbsp;&nbsp;LSM6DSO_GYRO_SetFullScale
<LI><a href="#[98]">&gt;&gt;</a>&nbsp;&nbsp;&nbsp;LSM6DSO_ACC_SetFullScale
</UL>
<BR>[Called By]<UL><LI><a href="#[5]">&gt;&gt;</a>&nbsp;&nbsp;&nbsp;main
</UL>

<P><STRONG><a name="[f9]"></a>Stand_Up_Smoothly</STRONG> (Thumb, 112 bytes, Stack size 24 bytes, lto-llvm-4e186d.o(.text.Stand_Up_Smoothly))
<BR><BR>[Stack]<UL><LI>Max Depth = 1096<LI>Call Chain = Stand_Up_Smoothly &rArr; Delay_MS &rArr; sleep_ms &rArr; sleep_us &rArr; sleep_until &rArr; panic &rArr; vprintf &rArr; stdout_serialize_begin &rArr; mutex_try_enter_block_until &rArr; mutex_enter_block_until &rArr; best_effort_wfe_or_timeout &rArr; add_alarm_at &rArr; alarm_pool_add_alarm_at &rArr; add_alarm_under_lock &rArr; ph_remove_and_free_node &rArr; ph_remove_and_free_head &rArr; ph_remove_head &rArr; ph_remove_any_head &rArr; ph_merge_two_pass &rArr;  ph_merge_two_pass (Cycle)
</UL>
<BR>[Calls]<UL><LI><a href="#[37]">&gt;&gt;</a>&nbsp;&nbsp;&nbsp;__aeabi_fadd
<LI><a href="#[fb]">&gt;&gt;</a>&nbsp;&nbsp;&nbsp;Send_BLE.specialized.2
<LI><a href="#[fa]">&gt;&gt;</a>&nbsp;&nbsp;&nbsp;send_str.specialized.1
<LI><a href="#[61]">&gt;&gt;</a>&nbsp;&nbsp;&nbsp;update_leg_origins
<LI><a href="#[1d]">&gt;&gt;</a>&nbsp;&nbsp;&nbsp;Delay_MS
<LI><a href="#[69]">&gt;&gt;</a>&nbsp;&nbsp;&nbsp;__aeabi_fcmpgt
</UL>
<BR>[Called By]<UL><LI><a href="#[5]">&gt;&gt;</a>&nbsp;&nbsp;&nbsp;main
</UL>

<P><STRONG><a name="[d7]"></a>Madgwick_Process_FIFO</STRONG> (Thumb, 476 bytes, Stack size 96 bytes, lto-llvm-4e186d.o(.text.Madgwick_Process_FIFO))
<BR><BR>[Stack]<UL><LI>Max Depth = 284<LI>Call Chain = Madgwick_Process_FIFO &rArr; MadgwickAHRSupdateIMU &rArr; invSqrt &rArr; __aeabi_fsub &rArr; __aeabi_fadd &rArr; _float_epilogue
</UL>
<BR>[Calls]<UL><LI><a href="#[3c]">&gt;&gt;</a>&nbsp;&nbsp;&nbsp;__aeabi_fdiv
<LI><a href="#[6a]">&gt;&gt;</a>&nbsp;&nbsp;&nbsp;__aeabi_fmul
<LI><a href="#[d4]">&gt;&gt;</a>&nbsp;&nbsp;&nbsp;Madgwick_GetYawPitchRoll
<LI><a href="#[d2]">&gt;&gt;</a>&nbsp;&nbsp;&nbsp;MadgwickAHRSupdateIMU
<LI><a href="#[b7]">&gt;&gt;</a>&nbsp;&nbsp;&nbsp;LSM6DSO_GYRO_GetSensitivity
<LI><a href="#[96]">&gt;&gt;</a>&nbsp;&nbsp;&nbsp;LSM6DSO_ACC_GetSensitivity
<LI><a href="#[4e]">&gt;&gt;</a>&nbsp;&nbsp;&nbsp;__aeabi_ui2f
<LI><a href="#[4d]">&gt;&gt;</a>&nbsp;&nbsp;&nbsp;__aeabi_i2f
</UL>
<BR>[Called By]<UL><LI><a href="#[5]">&gt;&gt;</a>&nbsp;&nbsp;&nbsp;main
</UL>

<P><STRONG><a name="[ef]"></a>Read_Battery_Volt</STRONG> (Thumb, 48 bytes, Stack size 16 bytes, lto-llvm-4e186d.o(.text.Read_Battery_Volt))
<BR><BR>[Stack]<UL><LI>Max Depth = 40<LI>Call Chain = Read_Battery_Volt &rArr; sprintf
</UL>
<BR>[Calls]<UL><LI><a href="#[f3]">&gt;&gt;</a>&nbsp;&nbsp;&nbsp;Send_BLE
<LI><a href="#[f2]">&gt;&gt;</a>&nbsp;&nbsp;&nbsp;send_str
<LI><a href="#[f1]">&gt;&gt;</a>&nbsp;&nbsp;&nbsp;sprintf
<LI><a href="#[f0]">&gt;&gt;</a>&nbsp;&nbsp;&nbsp;__aeabi_f2d
</UL>
<BR>[Called By]<UL><LI><a href="#[5]">&gt;&gt;</a>&nbsp;&nbsp;&nbsp;main
</UL>

<P><STRONG><a name="[f4]"></a>Read_Temp</STRONG> (Thumb, 136 bytes, Stack size 40 bytes, lto-llvm-4e186d.o(.text.Read_Temp))
<BR><BR>[Stack]<UL><LI>Max Depth = 76<LI>Call Chain = Read_Temp &rArr; __aeabi_fsub &rArr; __aeabi_fadd &rArr; _float_epilogue
</UL>
<BR>[Calls]<UL><LI><a href="#[3c]">&gt;&gt;</a>&nbsp;&nbsp;&nbsp;__aeabi_fdiv
<LI><a href="#[3a]">&gt;&gt;</a>&nbsp;&nbsp;&nbsp;__aeabi_fsub
<LI><a href="#[6a]">&gt;&gt;</a>&nbsp;&nbsp;&nbsp;__aeabi_fmul
<LI><a href="#[f3]">&gt;&gt;</a>&nbsp;&nbsp;&nbsp;Send_BLE
<LI><a href="#[f2]">&gt;&gt;</a>&nbsp;&nbsp;&nbsp;send_str
<LI><a href="#[f1]">&gt;&gt;</a>&nbsp;&nbsp;&nbsp;sprintf
<LI><a href="#[8e]">&gt;&gt;</a>&nbsp;&nbsp;&nbsp;__aeabi_fcmpge
</UL>
<BR>[Called By]<UL><LI><a href="#[5]">&gt;&gt;</a>&nbsp;&nbsp;&nbsp;main
</UL>

<P><STRONG><a name="[dc]"></a>REG_6Byte_Send</STRONG> (Thumb, 128 bytes, Stack size 32 bytes, lto-llvm-4e186d.o(.text.REG_6Byte_Send))
<BR><BR>[Stack]<UL><LI>Max Depth = 92<LI>Call Chain = REG_6Byte_Send &rArr; uart_write_blocking &rArr; uart_is_writable &rArr; uart_get_hw.18 &rArr; uart_get_index.19
</UL>
<BR>[Calls]<UL><LI><a href="#[dd]">&gt;&gt;</a>&nbsp;&nbsp;&nbsp;uart_write_blocking
</UL>
<BR>[Called By]<UL><LI><a href="#[5]">&gt;&gt;</a>&nbsp;&nbsp;&nbsp;main
</UL>

<P><STRONG><a name="[191]"></a>check_sys_clock_khz</STRONG> (Thumb, 32 bytes, Stack size 16 bytes, lto-llvm-4e186d.o(.text.check_sys_clock_khz))
<BR><BR>[Stack]<UL><LI>Max Depth = 16<LI>Call Chain = check_sys_clock_khz
</UL>
<BR>[Called By]<UL><LI><a href="#[175]">&gt;&gt;</a>&nbsp;&nbsp;&nbsp;set_sys_clock_khz
<LI><a href="#[5a]">&gt;&gt;</a>&nbsp;&nbsp;&nbsp;set_sys_clock_khz.237
</UL>

<P><STRONG><a name="[192]"></a>set_sys_clock_pll</STRONG> (Thumb, 12 bytes, Stack size 12 bytes, lto-llvm-4e186d.o(.text.set_sys_clock_pll))
<BR><BR>[Stack]<UL><LI>Max Depth = 12<LI>Call Chain = set_sys_clock_pll
</UL>
<BR>[Called By]<UL><LI><a href="#[175]">&gt;&gt;</a>&nbsp;&nbsp;&nbsp;set_sys_clock_khz
<LI><a href="#[5a]">&gt;&gt;</a>&nbsp;&nbsp;&nbsp;set_sys_clock_khz.237
</UL>

<P><STRONG><a name="[96]"></a>LSM6DSO_ACC_GetSensitivity</STRONG> (Thumb, 112 bytes, Stack size 32 bytes, lto-llvm-4e186d.o(.text.LSM6DSO_ACC_GetSensitivity))
<BR><BR>[Stack]<UL><LI>Max Depth = 88<LI>Call Chain = LSM6DSO_ACC_GetSensitivity &rArr; lsm6dso_xl_full_scale_get &rArr; lsm6dso_read_reg
</UL>
<BR>[Calls]<UL><LI><a href="#[97]">&gt;&gt;</a>&nbsp;&nbsp;&nbsp;lsm6dso_xl_full_scale_get
</UL>
<BR>[Called By]<UL><LI><a href="#[d7]">&gt;&gt;</a>&nbsp;&nbsp;&nbsp;Madgwick_Process_FIFO
</UL>

<P><STRONG><a name="[b7]"></a>LSM6DSO_GYRO_GetSensitivity</STRONG> (Thumb, 124 bytes, Stack size 32 bytes, lto-llvm-4e186d.o(.text.LSM6DSO_GYRO_GetSensitivity))
<BR><BR>[Stack]<UL><LI>Max Depth = 88<LI>Call Chain = LSM6DSO_GYRO_GetSensitivity &rArr; lsm6dso_gy_full_scale_get &rArr; lsm6dso_read_reg
</UL>
<BR>[Calls]<UL><LI><a href="#[b8]">&gt;&gt;</a>&nbsp;&nbsp;&nbsp;lsm6dso_gy_full_scale_get
</UL>
<BR>[Called By]<UL><LI><a href="#[d7]">&gt;&gt;</a>&nbsp;&nbsp;&nbsp;Madgwick_Process_FIFO
</UL>

<P><STRONG><a name="[d2]"></a>MadgwickAHRSupdateIMU</STRONG> (Thumb, 1352 bytes, Stack size 128 bytes, lto-llvm-4e186d.o(.text.MadgwickAHRSupdateIMU))
<BR><BR>[Stack]<UL><LI>Max Depth = 188<LI>Call Chain = MadgwickAHRSupdateIMU &rArr; invSqrt &rArr; __aeabi_fsub &rArr; __aeabi_fadd &rArr; _float_epilogue
</UL>
<BR>[Calls]<UL><LI><a href="#[3a]">&gt;&gt;</a>&nbsp;&nbsp;&nbsp;__aeabi_fsub
<LI><a href="#[6a]">&gt;&gt;</a>&nbsp;&nbsp;&nbsp;__aeabi_fmul
<LI><a href="#[37]">&gt;&gt;</a>&nbsp;&nbsp;&nbsp;__aeabi_fadd
<LI><a href="#[d3]">&gt;&gt;</a>&nbsp;&nbsp;&nbsp;invSqrt
<LI><a href="#[64]">&gt;&gt;</a>&nbsp;&nbsp;&nbsp;__aeabi_fcmpeq
</UL>
<BR>[Called By]<UL><LI><a href="#[d7]">&gt;&gt;</a>&nbsp;&nbsp;&nbsp;Madgwick_Process_FIFO
</UL>

<P><STRONG><a name="[d4]"></a>Madgwick_GetYawPitchRoll</STRONG> (Thumb, 308 bytes, Stack size 40 bytes, lto-llvm-4e186d.o(.text.Madgwick_GetYawPitchRoll))
<BR><BR>[Stack]<UL><LI>Max Depth = 132<LI>Call Chain = Madgwick_GetYawPitchRoll &rArr; atan2f &rArr; __mathlib_flt_infnan2 &rArr; __aeabi_fadd &rArr; _float_epilogue
</UL>
<BR>[Calls]<UL><LI><a href="#[3c]">&gt;&gt;</a>&nbsp;&nbsp;&nbsp;__aeabi_fdiv
<LI><a href="#[d5]">&gt;&gt;</a>&nbsp;&nbsp;&nbsp;atan2f
<LI><a href="#[d6]">&gt;&gt;</a>&nbsp;&nbsp;&nbsp;asinf
<LI><a href="#[3a]">&gt;&gt;</a>&nbsp;&nbsp;&nbsp;__aeabi_fsub
<LI><a href="#[6a]">&gt;&gt;</a>&nbsp;&nbsp;&nbsp;__aeabi_fmul
<LI><a href="#[37]">&gt;&gt;</a>&nbsp;&nbsp;&nbsp;__aeabi_fadd
</UL>
<BR>[Called By]<UL><LI><a href="#[d7]">&gt;&gt;</a>&nbsp;&nbsp;&nbsp;Madgwick_Process_FIFO
</UL>

<P><STRONG><a name="[c]"></a>repeating_timer_20ms_callback</STRONG> (Thumb, 20 bytes, Stack size 16 bytes, lto-llvm-4e186d.o(.text.repeating_timer_20ms_callback))
<BR><BR>[Stack]<UL><LI>Max Depth = 268<LI>Call Chain = repeating_timer_20ms_callback &rArr; Dog_Control &rArr; Servo_Angle_Conversion &rArr; Knee_ServoAngle &rArr; cosf &rArr; __mathlib_rredf2 &rArr; __aeabi_fsub &rArr; __aeabi_fadd &rArr; _float_epilogue
</UL>
<BR>[Calls]<UL><LI><a href="#[6f]">&gt;&gt;</a>&nbsp;&nbsp;&nbsp;Dog_Control
</UL>
<BR>[Address Reference Count : 1]<UL><LI> lto-llvm-4e186d.o(.text.RP_Timers_Init)
</UL>
<P><STRONG><a name="[6f]"></a>Dog_Control</STRONG> (Thumb, 96 bytes, Stack size 48 bytes, lto-llvm-4e186d.o(.text.Dog_Control))
<BR><BR>[Stack]<UL><LI>Max Depth = 252<LI>Call Chain = Dog_Control &rArr; Servo_Angle_Conversion &rArr; Knee_ServoAngle &rArr; cosf &rArr; __mathlib_rredf2 &rArr; __aeabi_fsub &rArr; __aeabi_fadd &rArr; _float_epilogue
</UL>
<BR>[Calls]<UL><LI><a href="#[72]">&gt;&gt;</a>&nbsp;&nbsp;&nbsp;Send_32Servo_HEX
<LI><a href="#[71]">&gt;&gt;</a>&nbsp;&nbsp;&nbsp;Servo_Angle_Conversion
<LI><a href="#[70]">&gt;&gt;</a>&nbsp;&nbsp;&nbsp;single_ik
</UL>
<BR>[Called By]<UL><LI><a href="#[c]">&gt;&gt;</a>&nbsp;&nbsp;&nbsp;repeating_timer_20ms_callback
</UL>

<P><STRONG><a name="[d]"></a>repeating_timer_1ms_callback</STRONG> (Thumb, 56 bytes, Stack size 16 bytes, lto-llvm-4e186d.o(.text.repeating_timer_1ms_callback))
<BR><BR>[Stack]<UL><LI>Max Depth = 524<LI>Call Chain = repeating_timer_1ms_callback &rArr; Mode_Control &rArr; Cal_trot &rArr; update_leg_origins &rArr; calc_leg_pose &rArr; sinf &rArr; __mathlib_rredf2 &rArr; __aeabi_fsub &rArr; __aeabi_fadd &rArr; _float_epilogue
</UL>
<BR>[Calls]<UL><LI><a href="#[d8]">&gt;&gt;</a>&nbsp;&nbsp;&nbsp;Mode_Control
</UL>
[...]
<BR><BR>[Stack]<UL><LI>Max Depth = 4<LI>Call Chain = i2c_hw_index
</UL>
<BR>[Called By]<UL><LI><a href="#[15c]">&gt;&gt;</a>&nbsp;&nbsp;&nbsp;i2c_get_hw
</UL>

<P><STRONG><a name="[168]"></a>check_irq_param</STRONG> (Thumb, 8 bytes, Stack size 4 bytes, lto-llvm-4e186d.o(.text.check_irq_param))
<BR><BR>[Stack]<UL><LI>Max Depth = 4<LI>Call Chain = check_irq_param
</UL>
<BR>[Called By]<UL><LI><a href="#[ed]">&gt;&gt;</a>&nbsp;&nbsp;&nbsp;irq_set_enabled
<LI><a href="#[ec]">&gt;&gt;</a>&nbsp;&nbsp;&nbsp;irq_set_exclusive_handler
<LI><a href="#[155]">&gt;&gt;</a>&nbsp;&nbsp;&nbsp;irq_get_vtable_handler
<LI><a href="#[170]">&gt;&gt;</a>&nbsp;&nbsp;&nbsp;irq_is_enabled
<LI><a href="#[151]">&gt;&gt;</a>&nbsp;&nbsp;&nbsp;irq_add_shared_handler
</UL>

<P><STRONG><a name="[171]"></a>irq_set_mask_enabled</STRONG> (Thumb, 44 bytes, Stack size 8 bytes, lto-llvm-4e186d.o(.text.irq_set_mask_enabled))
<BR><BR>[Stack]<UL><LI>Max Depth = 8<LI>Call Chain = irq_set_mask_enabled
</UL>
<BR>[Called By]<UL><LI><a href="#[ed]">&gt;&gt;</a>&nbsp;&nbsp;&nbsp;irq_set_enabled
</UL>

<P><STRONG><a name="[170]"></a>irq_is_enabled</STRONG> (Thumb, 28 bytes, Stack size 16 bytes, lto-llvm-4e186d.o(.text.irq_is_enabled))
<BR><BR>[Stack]<UL><LI>Max Depth = 20<LI>Call Chain = irq_is_enabled &rArr; check_irq_param
</UL>
<BR>[Calls]<UL><LI><a href="#[168]">&gt;&gt;</a>&nbsp;&nbsp;&nbsp;check_irq_param
</UL>
<BR>[Called By]<UL><LI><a href="#[150]">&gt;&gt;</a>&nbsp;&nbsp;&nbsp;irq_remove_handler
</UL>

<P><STRONG><a name="[155]"></a>irq_get_vtable_handler</STRONG> (Thumb, 28 bytes, Stack size 16 bytes, lto-llvm-4e186d.o(.text.irq_get_vtable_handler))
<BR><BR>[Stack]<UL><LI>Max Depth = 20<LI>Call Chain = irq_get_vtable_handler &rArr; check_irq_param
</UL>
<BR>[Calls]<UL><LI><a href="#[169]">&gt;&gt;</a>&nbsp;&nbsp;&nbsp;get_vtable
<LI><a href="#[168]">&gt;&gt;</a>&nbsp;&nbsp;&nbsp;check_irq_param
</UL>
<BR>[Called By]<UL><LI><a href="#[ec]">&gt;&gt;</a>&nbsp;&nbsp;&nbsp;irq_set_exclusive_handler
<LI><a href="#[124]">&gt;&gt;</a>&nbsp;&nbsp;&nbsp;hardware_alarm_set_callback
</UL>

<P><STRONG><a name="[169]"></a>get_vtable</STRONG> (Thumb, 8 bytes, Stack size 0 bytes, lto-llvm-4e186d.o(.text.get_vtable))
<BR><BR>[Called By]<UL><LI><a href="#[16f]">&gt;&gt;</a>&nbsp;&nbsp;&nbsp;set_raw_irq_handler_and_unlock
<LI><a href="#[155]">&gt;&gt;</a>&nbsp;&nbsp;&nbsp;irq_get_vtable_handler
<LI><a href="#[151]">&gt;&gt;</a>&nbsp;&nbsp;&nbsp;irq_add_shared_handler
<LI><a href="#[150]">&gt;&gt;</a>&nbsp;&nbsp;&nbsp;irq_remove_handler
<LI><a href="#[0]">&gt;&gt;</a>&nbsp;&nbsp;&nbsp;irq_add_tail_to_free_list
</UL>

<P><STRONG><a name="[16a]"></a>is_shared_irq_raw_handler</STRONG> (Thumb, 24 bytes, Stack size 4 bytes, lto-llvm-4e186d.o(.text.is_shared_irq_raw_handler))
<BR><BR>[Stack]<UL><LI>Max Depth = 4<LI>Call Chain = is_shared_irq_raw_handler
</UL>
<BR>[Called By]<UL><LI><a href="#[151]">&gt;&gt;</a>&nbsp;&nbsp;&nbsp;irq_add_shared_handler
<LI><a href="#[150]">&gt;&gt;</a>&nbsp;&nbsp;&nbsp;irq_remove_handler
<LI><a href="#[0]">&gt;&gt;</a>&nbsp;&nbsp;&nbsp;irq_add_tail_to_free_list
</UL>

<P><STRONG><a name="[16f]"></a>set_raw_irq_handler_and_unlock</STRONG> (Thumb, 76 bytes, Stack size 40 bytes, lto-llvm-4e186d.o(.text.set_raw_irq_handler_and_unlock))
<BR><BR>[Stack]<UL><LI>Max Depth = 40<LI>Call Chain = set_raw_irq_handler_and_unlock
</UL>
<BR>[Calls]<UL><LI><a href="#[169]">&gt;&gt;</a>&nbsp;&nbsp;&nbsp;get_vtable
</UL>
<BR>[Called By]<UL><LI><a href="#[ec]">&gt;&gt;</a>&nbsp;&nbsp;&nbsp;irq_set_exclusive_handler
<LI><a href="#[151]">&gt;&gt;</a>&nbsp;&nbsp;&nbsp;irq_add_shared_handler
<LI><a href="#[150]">&gt;&gt;</a>&nbsp;&nbsp;&nbsp;irq_remove_handler
</UL>

<P><STRONG><a name="[2]"></a>Default_Handler</STRONG> (Thumb, 4 bytes, Stack size 0 bytes, lto-llvm-4e186d.o(.text.Default_Handler))
<BR>[Address Reference Count : 4]<UL><LI> lto-llvm-4e186d.o(.text.irq_set_exclusive_handler)
<LI> lto-llvm-4e186d.o(.text.irq_remove_handler)
<LI> lto-llvm-4e186d.o(.text.irq_add_tail_to_free_list)
<LI> lto-llvm-4e186d.o(RESET)
</UL>
<P><STRONG><a name="[16b]"></a>make_branch</STRONG> (Thumb, 120 bytes, Stack size 24 bytes, lto-llvm-4e186d.o(.text.make_branch))
<BR><BR>[Stack]<UL><LI>Max Depth = 240<LI>Call Chain = make_branch &rArr; __aeabi_assert &rArr; fputs &rArr; fputc &rArr; stdout_putchar.257 &rArr;  __aeabi_assert (Cycle)
</UL>
<BR>[Calls]<UL><LI><a href="#[fe]">&gt;&gt;</a>&nbsp;&nbsp;&nbsp;__aeabi_assert
</UL>
<BR>[Called By]<UL><LI><a href="#[151]">&gt;&gt;</a>&nbsp;&nbsp;&nbsp;irq_add_shared_handler
<LI><a href="#[150]">&gt;&gt;</a>&nbsp;&nbsp;&nbsp;irq_remove_handler
</UL>

<P><STRONG><a name="[16c]"></a>add_thumb_bit</STRONG> (Thumb, 14 bytes, Stack size 4 bytes, lto-llvm-4e186d.o(.text.add_thumb_bit))
<BR><BR>[Stack]<UL><LI>Max Depth = 4<LI>Call Chain = add_thumb_bit
</UL>
<BR>[Called By]<UL><LI><a href="#[151]">&gt;&gt;</a>&nbsp;&nbsp;&nbsp;irq_add_shared_handler
<LI><a href="#[0]">&gt;&gt;</a>&nbsp;&nbsp;&nbsp;irq_add_tail_to_free_list
</UL>

<P><STRONG><a name="[16d]"></a>remove_thumb_bit</STRONG> (Thumb, 14 bytes, Stack size 4 bytes, lto-llvm-4e186d.o(.text.remove_thumb_bit))
<BR><BR>[Stack]<UL><LI>Max Depth = 4<LI>Call Chain = remove_thumb_bit
</UL>
<BR>[Called By]<UL><LI><a href="#[151]">&gt;&gt;</a>&nbsp;&nbsp;&nbsp;irq_add_shared_handler
<LI><a href="#[150]">&gt;&gt;</a>&nbsp;&nbsp;&nbsp;irq_remove_handler
</UL>

<P><STRONG><a name="[16e]"></a>resolve_branch</STRONG> (Thumb, 64 bytes, Stack size 8 bytes, lto-llvm-4e186d.o(.text.resolve_branch))
<BR><BR>[Stack]<UL><LI>Max Depth = 224<LI>Call Chain = resolve_branch &rArr; __aeabi_assert &rArr; fputs &rArr; fputc &rArr; stdout_putchar.257 &rArr;  __aeabi_assert (Cycle)
</UL>
<BR>[Calls]<UL><LI><a href="#[fe]">&gt;&gt;</a>&nbsp;&nbsp;&nbsp;__aeabi_assert
</UL>
<BR>[Called By]<UL><LI><a href="#[151]">&gt;&gt;</a>&nbsp;&nbsp;&nbsp;irq_add_shared_handler
<LI><a href="#[150]">&gt;&gt;</a>&nbsp;&nbsp;&nbsp;irq_remove_handler
</UL>

<P><STRONG><a name="[13f]"></a>get_slot_index</STRONG> (Thumb, 16 bytes, Stack size 16 bytes, lto-llvm-4e186d.o(.text.get_slot_index))
<BR><BR>[Stack]<UL><LI>Max Depth = 28<LI>Call Chain = get_slot_index &rArr; slot_diff
</UL>
<BR>[Calls]<UL><LI><a href="#[140]">&gt;&gt;</a>&nbsp;&nbsp;&nbsp;slot_diff
</UL>
<BR>[Called By]<UL><LI><a href="#[151]">&gt;&gt;</a>&nbsp;&nbsp;&nbsp;irq_add_shared_handler
<LI><a href="#[150]">&gt;&gt;</a>&nbsp;&nbsp;&nbsp;irq_remove_handler
<LI><a href="#[0]">&gt;&gt;</a>&nbsp;&nbsp;&nbsp;irq_add_tail_to_free_list
</UL>

<P><STRONG><a name="[140]"></a>slot_diff</STRONG> (Thumb, 40 bytes, Stack size 12 bytes, lto-llvm-4e186d.o(.text.slot_diff))
<BR><BR>[Stack]<UL><LI>Max Depth = 12<LI>Call Chain = slot_diff
</UL>
<BR>[Called By]<UL><LI><a href="#[13f]">&gt;&gt;</a>&nbsp;&nbsp;&nbsp;get_slot_index
</UL>

<P><STRONG><a name="[167]"></a>insert_branch_and_link</STRONG> (Thumb, 84 bytes, Stack size 24 bytes, lto-llvm-4e186d.o(.text.insert_branch_and_link))
<BR><BR>[Stack]<UL><LI>Max Depth = 240<LI>Call Chain = insert_branch_and_link &rArr; __aeabi_assert &rArr; fputs &rArr; fputc &rArr; stdout_putchar.257 &rArr;  __aeabi_assert (Cycle)
</UL>
<BR>[Calls]<UL><LI><a href="#[fe]">&gt;&gt;</a>&nbsp;&nbsp;&nbsp;__aeabi_assert
</UL>
<BR>[Called By]<UL><LI><a href="#[150]">&gt;&gt;</a>&nbsp;&nbsp;&nbsp;irq_remove_handler
</UL>

<P><STRONG><a name="[190]"></a>irq_init_priorities</STRONG> (Thumb, 48 bytes, Stack size 12 bytes, lto-llvm-4e186d.o(.text.irq_init_priorities))
<BR><BR>[Stack]<UL><LI>Max Depth = 12<LI>Call Chain = irq_init_priorities
</UL>
<BR>[Called By]<UL><LI><a href="#[103]">&gt;&gt;</a>&nbsp;&nbsp;&nbsp;runtime_init
</UL>

<P><STRONG><a name="[189]"></a>reset_block.481</STRONG> (Thumb, 28 bytes, Stack size 12 bytes, lto-llvm-4e186d.o(.text.reset_block.481))
<BR><BR>[Stack]<UL><LI>Max Depth = 12<LI>Call Chain = reset_block.481
</UL>
<BR>[Called By]<UL><LI><a href="#[137]">&gt;&gt;</a>&nbsp;&nbsp;&nbsp;pll_init
</UL>

<P><STRONG><a name="[18a]"></a>unreset_block_wait.482</STRONG> (Thumb, 48 bytes, Stack size 12 bytes, lto-llvm-4e186d.o(.text.unreset_block_wait.482))
<BR><BR>[Stack]<UL><LI>Max Depth = 12<LI>Call Chain = unreset_block_wait.482
</UL>
<BR>[Called By]<UL><LI><a href="#[137]">&gt;&gt;</a>&nbsp;&nbsp;&nbsp;pll_init
</UL>

<P><STRONG><a name="[18f]"></a>spin_locks_reset</STRONG> (Thumb, 56 bytes, Stack size 12 bytes, lto-llvm-4e186d.o(.text.spin_locks_reset))
<BR><BR>[Stack]<UL><LI>Max Depth = 12<LI>Call Chain = spin_locks_reset
</UL>
<BR>[Called By]<UL><LI><a href="#[103]">&gt;&gt;</a>&nbsp;&nbsp;&nbsp;runtime_init
</UL>

<P><STRONG><a name="[152]"></a>check_hardware_alarm_num_param</STRONG> (Thumb, 8 bytes, Stack size 4 bytes, lto-llvm-4e186d.o(.text.check_hardware_alarm_num_param))
<BR><BR>[Stack]<UL><LI>Max Depth = 4<LI>Call Chain = check_hardware_alarm_num_param
</UL>
<BR>[Called By]<UL><LI><a href="#[14]">&gt;&gt;</a>&nbsp;&nbsp;&nbsp;hardware_alarm_irq_handler
<LI><a href="#[124]">&gt;&gt;</a>&nbsp;&nbsp;&nbsp;hardware_alarm_set_callback
<LI><a href="#[123]">&gt;&gt;</a>&nbsp;&nbsp;&nbsp;hardware_alarm_cancel
<LI><a href="#[120]">&gt;&gt;</a>&nbsp;&nbsp;&nbsp;hardware_alarm_claim
</UL>

<P><STRONG><a name="[12b]"></a>busy_wait_us</STRONG> (Thumb, 80 bytes, Stack size 40 bytes, lto-llvm-4e186d.o(.text.busy_wait_us))
<BR><BR>[Stack]<UL><LI>Max Depth = 272<LI>Call Chain = busy_wait_us &rArr; update_us_since_boot.509 &rArr; __aeabi_assert &rArr; fputs &rArr; fputc &rArr; stdout_putchar.257 &rArr;  __aeabi_assert (Cycle)
</UL>
<BR>[Calls]<UL><LI><a href="#[12d]">&gt;&gt;</a>&nbsp;&nbsp;&nbsp;update_us_since_boot.509
<LI><a href="#[129]">&gt;&gt;</a>&nbsp;&nbsp;&nbsp;busy_wait_until
<LI><a href="#[12c]">&gt;&gt;</a>&nbsp;&nbsp;&nbsp;time_us_64
</UL>
<BR>[Called By]<UL><LI><a href="#[197]">&gt;&gt;</a>&nbsp;&nbsp;&nbsp;uart_disable_before_lcr_write
</UL>

<P><STRONG><a name="[12d]"></a>update_us_since_boot.509</STRONG> (Thumb, 44 bytes, Stack size 16 bytes, lto-llvm-4e186d.o(.text.update_us_since_boot.509))
<BR><BR>[Stack]<UL><LI>Max Depth = 232<LI>Call Chain = update_us_since_boot.509 &rArr; __aeabi_assert &rArr; fputs &rArr; fputc &rArr; stdout_putchar.257 &rArr;  __aeabi_assert (Cycle)
</UL>
<BR>[Calls]<UL><LI><a href="#[fe]">&gt;&gt;</a>&nbsp;&nbsp;&nbsp;__aeabi_assert
</UL>
<BR>[Called By]<UL><LI><a href="#[12b]">&gt;&gt;</a>&nbsp;&nbsp;&nbsp;busy_wait_us
</UL>

<P><STRONG><a name="[12a]"></a>to_us_since_boot.512</STRONG> (Thumb, 14 bytes, Stack size 8 bytes, lto-llvm-4e186d.o(.text.to_us_since_boot.512))
<BR><BR>[Stack]<UL><LI>Max Depth = 8<LI>Call Chain = to_us_since_boot.512
</UL>
<BR>[Called By]<UL><LI><a href="#[129]">&gt;&gt;</a>&nbsp;&nbsp;&nbsp;busy_wait_until
<LI><a href="#[111]">&gt;&gt;</a>&nbsp;&nbsp;&nbsp;hardware_alarm_set_target
</UL>

<P><STRONG><a name="[154]"></a>harware_alarm_irq_number</STRONG> (Thumb, 10 bytes, Stack size 4 bytes, lto-llvm-4e186d.o(.text.harware_alarm_irq_number))
<BR><BR>[Stack]<UL><LI>Max Depth = 4<LI>Call Chain = harware_alarm_irq_number
</UL>
<BR>[Called By]<UL><LI><a href="#[111]">&gt;&gt;</a>&nbsp;&nbsp;&nbsp;hardware_alarm_set_target
<LI><a href="#[124]">&gt;&gt;</a>&nbsp;&nbsp;&nbsp;hardware_alarm_set_callback
</UL>

<P><STRONG><a name="[14]"></a>hardware_alarm_irq_handler</STRONG> (Thumb, 248 bytes, Stack size 72 bytes, lto-llvm-4e186d.o(.text.hardware_alarm_irq_handler))
<BR><BR>[Stack]<UL><LI>Max Depth = 76<LI>Call Chain = hardware_alarm_irq_handler &rArr; check_hardware_alarm_num_param
</UL>
<BR>[Calls]<UL><LI><a href="#[152]">&gt;&gt;</a>&nbsp;&nbsp;&nbsp;check_hardware_alarm_num_param
</UL>
<BR>[Address Reference Count : 1]<UL><LI> lto-llvm-4e186d.o(.text.hardware_alarm_set_callback)
</UL>
<P><STRONG><a name="[156]"></a>irq_clear</STRONG> (Thumb, 24 bytes, Stack size 4 bytes, lto-llvm-4e186d.o(.text.irq_clear))
<BR><BR>[Stack]<UL><LI>Max Depth = 4<LI>Call Chain = irq_clear
</UL>
<BR>[Called By]<UL><LI><a href="#[111]">&gt;&gt;</a>&nbsp;&nbsp;&nbsp;hardware_alarm_set_target
</UL>

<P><STRONG><a name="[19f]"></a>uart_reset</STRONG> (Thumb, 34 bytes, Stack size 16 bytes, lto-llvm-4e186d.o(.text.uart_reset))
<BR><BR>[Stack]<UL><LI>Max Depth = 28<LI>Call Chain = uart_reset &rArr; reset_block.532
</UL>
<BR>[Calls]<UL><LI><a href="#[1a4]">&gt;&gt;</a>&nbsp;&nbsp;&nbsp;reset_block.532
<LI><a href="#[19d]">&gt;&gt;</a>&nbsp;&nbsp;&nbsp;uart_get_index.530
</UL>
<BR>[Called By]<UL><LI><a href="#[e8]">&gt;&gt;</a>&nbsp;&nbsp;&nbsp;uart_init
</UL>

<P><STRONG><a name="[1a0]"></a>uart_unreset</STRONG> (Thumb, 34 bytes, Stack size 16 bytes, lto-llvm-4e186d.o(.text.uart_unreset))
<BR><BR>[Stack]<UL><LI>Max Depth = 28<LI>Call Chain = uart_unreset &rArr; unreset_block_wait.531
</UL>
<BR>[Calls]<UL><LI><a href="#[1a6]">&gt;&gt;</a>&nbsp;&nbsp;&nbsp;unreset_block_wait.531
<LI><a href="#[19d]">&gt;&gt;</a>&nbsp;&nbsp;&nbsp;uart_get_index.530
</UL>
<BR>[Called By]<UL><LI><a href="#[e8]">&gt;&gt;</a>&nbsp;&nbsp;&nbsp;uart_init
</UL>

<P><STRONG><a name="[1a1]"></a>uart_set_translate_crlf</STRONG> (Thumb, 22 bytes, Stack size 16 bytes, lto-llvm-4e186d.o(.text.uart_set_translate_crlf))
<BR><BR>[Stack]<UL><LI>Max Depth = 20<LI>Call Chain = uart_set_translate_crlf &rArr; uart_get_index.530
</UL>
<BR>[Calls]<UL><LI><a href="#[19d]">&gt;&gt;</a>&nbsp;&nbsp;&nbsp;uart_get_index.530
</UL>
<BR>[Called By]<UL><LI><a href="#[e8]">&gt;&gt;</a>&nbsp;&nbsp;&nbsp;uart_init
</UL>

<P><STRONG><a name="[1a2]"></a>uart_set_baudrate</STRONG> (Thumb, 140 bytes, Stack size 32 bytes, lto-llvm-4e186d.o(.text.uart_set_baudrate))
<BR><BR>[Stack]<UL><LI>Max Depth = 400<LI>Call Chain = uart_set_baudrate &rArr; uart_write_lcr_bits_masked &rArr; uart_disable_before_lcr_write &rArr; busy_wait_us &rArr; update_us_since_boot.509 &rArr; __aeabi_assert &rArr; fputs &rArr; fputc &rArr; stdout_putchar.257 &rArr;  __aeabi_assert (Cycle)
</UL>
<BR>[Calls]<UL><LI><a href="#[131]">&gt;&gt;</a>&nbsp;&nbsp;&nbsp;__aeabi_uidiv
<LI><a href="#[1a5]">&gt;&gt;</a>&nbsp;&nbsp;&nbsp;uart_write_lcr_bits_masked
<LI><a href="#[198]">&gt;&gt;</a>&nbsp;&nbsp;&nbsp;uart_get_hw.529
<LI><a href="#[164]">&gt;&gt;</a>&nbsp;&nbsp;&nbsp;clock_get_hz
</UL>
<BR>[Called By]<UL><LI><a href="#[e8]">&gt;&gt;</a>&nbsp;&nbsp;&nbsp;uart_init
</UL>

<P><STRONG><a name="[198]"></a>uart_get_hw.529</STRONG> (Thumb, 18 bytes, Stack size 16 bytes, lto-llvm-4e186d.o(.text.uart_get_hw.529))
<BR><BR>[Stack]<UL><LI>Max Depth = 20<LI>Call Chain = uart_get_hw.529 &rArr; uart_get_index.530
</UL>
<BR>[Calls]<UL><LI><a href="#[19d]">&gt;&gt;</a>&nbsp;&nbsp;&nbsp;uart_get_index.530
</UL>
<BR>[Called By]<UL><LI><a href="#[e8]">&gt;&gt;</a>&nbsp;&nbsp;&nbsp;uart_init
<LI><a href="#[197]">&gt;&gt;</a>&nbsp;&nbsp;&nbsp;uart_disable_before_lcr_write
<LI><a href="#[1a5]">&gt;&gt;</a>&nbsp;&nbsp;&nbsp;uart_write_lcr_bits_masked
<LI><a href="#[1a2]">&gt;&gt;</a>&nbsp;&nbsp;&nbsp;uart_set_baudrate
</UL>

<P><STRONG><a name="[19d]"></a>uart_get_index.530</STRONG> (Thumb, 20 bytes, Stack size 4 bytes, lto-llvm-4e186d.o(.text.uart_get_index.530))
<BR><BR>[Stack]<UL><LI>Max Depth = 4<LI>Call Chain = uart_get_index.530
</UL>
<BR>[Called By]<UL><LI><a href="#[198]">&gt;&gt;</a>&nbsp;&nbsp;&nbsp;uart_get_hw.529
<LI><a href="#[1a1]">&gt;&gt;</a>&nbsp;&nbsp;&nbsp;uart_set_translate_crlf
<LI><a href="#[1a0]">&gt;&gt;</a>&nbsp;&nbsp;&nbsp;uart_unreset
<LI><a href="#[19f]">&gt;&gt;</a>&nbsp;&nbsp;&nbsp;uart_reset
</UL>

<P><STRONG><a name="[1a4]"></a>reset_block.532</STRONG> (Thumb, 28 bytes, Stack size 12 bytes, lto-llvm-4e186d.o(.text.reset_block.532))
<BR><BR>[Stack]<UL><LI>Max Depth = 12<LI>Call Chain = reset_block.532
</UL>
<BR>[Called By]<UL><LI><a href="#[19f]">&gt;&gt;</a>&nbsp;&nbsp;&nbsp;uart_reset
</UL>

<P><STRONG><a name="[1a6]"></a>unreset_block_wait.531</STRONG> (Thumb, 48 bytes, Stack size 12 bytes, lto-llvm-4e186d.o(.text.unreset_block_wait.531))
<BR><BR>[Stack]<UL><LI>Max Depth = 12<LI>Call Chain = unreset_block_wait.531
</UL>
<BR>[Called By]<UL><LI><a href="#[1a0]">&gt;&gt;</a>&nbsp;&nbsp;&nbsp;uart_unreset
</UL>

<P><STRONG><a name="[1a5]"></a>uart_write_lcr_bits_masked</STRONG> (Thumb, 78 bytes, Stack size 48 bytes, lto-llvm-4e186d.o(.text.uart_write_lcr_bits_masked))
<BR><BR>[Stack]<UL><LI>Max Depth = 368<LI>Call Chain = uart_write_lcr_bits_masked &rArr; uart_disable_before_lcr_write &rArr; busy_wait_us &rArr; update_us_since_boot.509 &rArr; __aeabi_assert &rArr; fputs &rArr; fputc &rArr; stdout_putchar.257 &rArr;  __aeabi_assert (Cycle)
</UL>
<BR>[Calls]<UL><LI><a href="#[197]">&gt;&gt;</a>&nbsp;&nbsp;&nbsp;uart_disable_before_lcr_write
<LI><a href="#[198]">&gt;&gt;</a>&nbsp;&nbsp;&nbsp;uart_get_hw.529
</UL>
<BR>[Called By]<UL><LI><a href="#[eb]">&gt;&gt;</a>&nbsp;&nbsp;&nbsp;uart_set_fifo_enabled
<LI><a href="#[e9]">&gt;&gt;</a>&nbsp;&nbsp;&nbsp;uart_set_format
<LI><a href="#[1a2]">&gt;&gt;</a>&nbsp;&nbsp;&nbsp;uart_set_baudrate
</UL>

<P><STRONG><a name="[197]"></a>uart_disable_before_lcr_write</STRONG> (Thumb, 132 bytes, Stack size 48 bytes, lto-llvm-4e186d.o(.text.uart_disable_before_lcr_write))
<BR><BR>[Stack]<UL><LI>Max Depth = 320<LI>Call Chain = uart_disable_before_lcr_write &rArr; busy_wait_us &rArr; update_us_since_boot.509 &rArr; __aeabi_assert &rArr; fputs &rArr; fputc &rArr; stdout_putchar.257 &rArr;  __aeabi_assert (Cycle)
</UL>
<BR>[Calls]<UL><LI><a href="#[131]">&gt;&gt;</a>&nbsp;&nbsp;&nbsp;__aeabi_uidiv
<LI><a href="#[198]">&gt;&gt;</a>&nbsp;&nbsp;&nbsp;uart_get_hw.529
<LI><a href="#[12b]">&gt;&gt;</a>&nbsp;&nbsp;&nbsp;busy_wait_us
<LI><a href="#[164]">&gt;&gt;</a>&nbsp;&nbsp;&nbsp;clock_get_hz
</UL>
<BR>[Called By]<UL><LI><a href="#[1a5]">&gt;&gt;</a>&nbsp;&nbsp;&nbsp;uart_write_lcr_bits_masked
</UL>

<P><STRONG><a name="[18c]"></a>reset_block.579</STRONG> (Thumb, 32 bytes, Stack size 12 bytes, lto-llvm-4e186d.o(.text.reset_block.579))
<BR><BR>[Stack]<UL><LI>Max Depth = 12<LI>Call Chain = reset_block.579
</UL>
<BR>[Called By]<UL><LI><a href="#[103]">&gt;&gt;</a>&nbsp;&nbsp;&nbsp;runtime_init
</UL>

<P><STRONG><a name="[18d]"></a>unreset_block_wait.580</STRONG> (Thumb, 48 bytes, Stack size 12 bytes, lto-llvm-4e186d.o(.text.unreset_block_wait.580))
<BR><BR>[Stack]<UL><LI>Max Depth = 12<LI>Call Chain = unreset_block_wait.580
</UL>
<BR>[Called By]<UL><LI><a href="#[103]">&gt;&gt;</a>&nbsp;&nbsp;&nbsp;runtime_init
</UL>

<P><STRONG><a name="[17d]"></a>_exit</STRONG> (Thumb, 14 bytes, Stack size 8 bytes, lto-llvm-4e186d.o(.text._exit))
<BR><BR>[Stack]<UL><LI>Max Depth = 8<LI>Call Chain = _exit
</UL>
<BR>[Called By]<UL><LI><a href="#[159]">&gt;&gt;</a>&nbsp;&nbsp;&nbsp;panic
</UL>

<P><STRONG><a name="[1f]"></a>_retrieve_unique_id_on_boot</STRONG> (Thumb, 8 bytes, Stack size 8 bytes, lto-llvm-4e186d.o(.text._retrieve_unique_id_on_boot))
<BR><BR>[Stack]<UL><LI>Max Depth = 376<LI>Call Chain = _retrieve_unique_id_on_boot &rArr; flash_get_unique_id &rArr; flash_do_cmd &rArr; __aeabi_assert &rArr; fputs &rArr; fputc &rArr; stdout_putchar.257 &rArr;  __aeabi_assert (Cycle)
</UL>
<BR>[Calls]<UL><LI><a href="#[106]">&gt;&gt;</a>&nbsp;&nbsp;&nbsp;flash_get_unique_id
</UL>
<BR>[Address Reference Count : 1]<UL><LI> lto-llvm-4e186d.o(.init_array)
</UL>
<P><STRONG><a name="[1]"></a>Reset_Handler</STRONG> (Thumb, 20 bytes, Stack size 8 bytes, lto-llvm-4e186d.o(.text.Reset_Handler))
<BR><BR>[Stack]<UL><LI>Max Depth = 8 + Unknown Stack Size
<LI>Call Chain = Reset_Handler
</UL>
<BR>[Calls]<UL><LI><a href="#[20]">&gt;&gt;</a>&nbsp;&nbsp;&nbsp;__main
<LI><a href="#[f7]">&gt;&gt;</a>&nbsp;&nbsp;&nbsp;SystemInit
</UL>
<BR>[Address Reference Count : 1]<UL><LI> lto-llvm-4e186d.o(RESET)
</UL>
<P><STRONG><a name="[f7]"></a>SystemInit</STRONG> (Thumb, 8 bytes, Stack size 0 bytes, lto-llvm-4e186d.o(.text.SystemInit))
<BR><BR>[Called By]<UL><LI><a href="#[1]">&gt;&gt;</a>&nbsp;&nbsp;&nbsp;Reset_Handler
</UL>

<P><STRONG><a name="[3]"></a>HardFault_Handler</STRONG> (Thumb, 4 bytes, Stack size 0 bytes, lto-llvm-4e186d.o(.text.HardFault_Handler))
<BR>[Address Reference Count : 1]<UL><LI> lto-llvm-4e186d.o(RESET)
</UL><P>
<H3>
Undefined Global Symbols
</H3><HR></body></html>
