<html>
<body>
<pre>
<h1>µVision Build Log</h1>
<h2>Tool Versions:</h2>
IDE-Version: ¦ÌVision V5.43.1.0
Copyright (C) 2025 ARM Ltd and ARM Germany GmbH. All rights reserved.
License Information: 1 yy, 1, LIC=SDA0P-MBAH3-HLFCL-0JBC7-7JGC7-9G6R6
 
Tool Versions:
Toolchain:       MDK-ARM Plus  Version: 5.43.0.0
Toolchain Path:  D:\KEIL_V543\ARM\ARMCLANG\Bin
C Compiler:      ArmClang.exe V6.24
Assembler:       Armasm.exe V6.24
Linker/Locator:  ArmLink.exe V6.24
Library Manager: ArmAr.exe V6.24
Hex Converter:   FromElf.exe V6.24
CPU DLL:         SARMCM3.DLL V5.43.0.0
Dialog DLL:      DARMCM1.DLL V1.19.6.0
Target DLL:      CMSIS_AGDI.dll V1.33.24.0
Dialog DLL:      TARMCM1.DLL V1.14.6.0
 
<h2>Project:</h2>
D:\Work_4t\breathLed\example\mdk\pico\rp2040_example.uvprojx
Project File Date:  11/06/2025

<h2>Output:</h2>
*** Using Compiler 'V6.24', folder: 'D:\KEIL_V543\ARM\ARMCLANG\Bin'
Build target 'Pico'
Note: source file 'D:/KEIL_V543/RaspberryPi/RP2xxx_DFP/0.9.5/pico-sdk/src/rp2_common/hardware_gpio/gpio.c' - object file renamed from '.\Objects\gpio.o' to '.\Objects\gpio_1.o'.
compiling rp2040_bus.c...
linking...
.\Objects\rp2040_example.axf: Warning: L6306W: '~PRES8 (The user did not require code to preserve 8-byte data objects)' section irq_handler_chain.o(.data) should not use the address of 'REQ8 (Code was permitted to depend on the 8-byte aligment of 8-byte data items)' function irq_add_tail_to_free_list.
Program Size: Code=53984 RO-data=3596 RW-data=444 ZI-data=11584  
Finished: 0 information, 1 warning and 0 error messages.
After Build - User command #2: D:/KEIL_V543/RaspberryPi/RP2xxx_DFP/0.9.5/tools\elf2uf2.exe "D:\Work_4t\breathLed\example\mdk\pico\Objects\rp2040_example.axf" ".\rp2040_example.uf2"
".\Objects\rp2040_example.axf" - 0 Error(s), 1 Warning(s).

<h2>Software Packages used:</h2>

Package Vendor: ARM
                https://www.keil.com/pack/ARM.CMSIS.6.2.0.pack
                ARM::CMSIS@6.2.0
                CMSIS (Common Microcontroller Software Interface Standard)
   * Component: CORE Version: 6.1.1

Package Vendor: RaspberryPi
                https://github.com/raspberrypi/cmsis-rp2xxx-dfp/releases/download/v0.9.5/RaspberryPi.RP2xxx_DFP.0.9.5.pack
                RaspberryPi::RP2xxx_DFP@0.9.5
                Raspberry Pi RP2xxx Device Family Pack
   * Component: Pico Board Variant: Pico Version: 1.5.1
   * Component: Pico SDK Version: 1.5.1
   * Component: Startup Variant: C Startup Version: 1.1.0

Package Vendor: Keil
                https://www.keil.com/pack/Keil.ARM_Compiler.1.7.2.pack
                Keil::ARM_Compiler@1.7.2
                Keil ARM Compiler extensions for ARM Compiler 5 and ARM Compiler 6
   * Component: Event Recorder Variant: DAP Version: 1.5.1
   * Component: STDOUT Variant: EVR Version: 1.2.0

<h2>Collection of Component include folders:</h2>
  ./RTE/Compiler
  ./RTE/_Pico
  D:/KEIL_V543/ARM/CMSIS/6.2.0/CMSIS/Core/Include
  D:/KEIL_V543/Keil/ARM_Compiler/1.7.2/Include
  D:/KEIL_V543/RaspberryPi/RP2xxx_DFP/0.9.5/CMSIS/Device/RP2040/Include
  D:/KEIL_V543/RaspberryPi/RP2xxx_DFP/0.9.5/__boards_wrapper/pico_base
  D:/KEIL_V543/RaspberryPi/RP2xxx_DFP/0.9.5/__wrapper
  D:/KEIL_V543/RaspberryPi/RP2xxx_DFP/0.9.5/pico-sdk/src
  D:/KEIL_V543/RaspberryPi/RP2xxx_DFP/0.9.5/pico-sdk/src/boards/include
  D:/KEIL_V543/RaspberryPi/RP2xxx_DFP/0.9.5/pico-sdk/src/common/pico_base/include
  D:/KEIL_V543/RaspberryPi/RP2xxx_DFP/0.9.5/pico-sdk/src/common/pico_binary_info/include
  D:/KEIL_V543/RaspberryPi/RP2xxx_DFP/0.9.5/pico-sdk/src/common/pico_stdlib/include
  D:/KEIL_V543/RaspberryPi/RP2xxx_DFP/0.9.5/pico-sdk/src/common/pico_sync/include
  D:/KEIL_V543/RaspberryPi/RP2xxx_DFP/0.9.5/pico-sdk/src/common/pico_time/include
  D:/KEIL_V543/RaspberryPi/RP2xxx_DFP/0.9.5/pico-sdk/src/common/pico_util/include
  D:/KEIL_V543/RaspberryPi/RP2xxx_DFP/0.9.5/pico-sdk/src/rp2040/hardware_regs/include
  D:/KEIL_V543/RaspberryPi/RP2xxx_DFP/0.9.5/pico-sdk/src/rp2040/hardware_structs/include
  D:/KEIL_V543/RaspberryPi/RP2xxx_DFP/0.9.5/pico-sdk/src/rp2_common/boot_stage2/asminclude
  D:/KEIL_V543/RaspberryPi/RP2xxx_DFP/0.9.5/pico-sdk/src/rp2_common/boot_stage2/include
  D:/KEIL_V543/RaspberryPi/RP2xxx_DFP/0.9.5/pico-sdk/src/rp2_common/cmsis/include
  D:/KEIL_V543/RaspberryPi/RP2xxx_DFP/0.9.5/pico-sdk/src/rp2_common/hardware_adc/include
  D:/KEIL_V543/RaspberryPi/RP2xxx_DFP/0.9.5/pico-sdk/src/rp2_common/hardware_base/include
  D:/KEIL_V543/RaspberryPi/RP2xxx_DFP/0.9.5/pico-sdk/src/rp2_common/hardware_claim/include
  D:/KEIL_V543/RaspberryPi/RP2xxx_DFP/0.9.5/pico-sdk/src/rp2_common/hardware_clocks/include
  D:/KEIL_V543/RaspberryPi/RP2xxx_DFP/0.9.5/pico-sdk/src/rp2_common/hardware_divider/include
  D:/KEIL_V543/RaspberryPi/RP2xxx_DFP/0.9.5/pico-sdk/src/rp2_common/hardware_dma/include
  D:/KEIL_V543/RaspberryPi/RP2xxx_DFP/0.9.5/pico-sdk/src/rp2_common/hardware_flash/include
  D:/KEIL_V543/RaspberryPi/RP2xxx_DFP/0.9.5/pico-sdk/src/rp2_common/hardware_gpio/include
  D:/KEIL_V543/RaspberryPi/RP2xxx_DFP/0.9.5/pico-sdk/src/rp2_common/hardware_i2c/include
  D:/KEIL_V543/RaspberryPi/RP2xxx_DFP/0.9.5/pico-sdk/src/rp2_common/hardware_interp/include
  D:/KEIL_V543/RaspberryPi/RP2xxx_DFP/0.9.5/pico-sdk/src/rp2_common/hardware_irq/include
  D:/KEIL_V543/RaspberryPi/RP2xxx_DFP/0.9.5/pico-sdk/src/rp2_common/hardware_pio/include
  D:/KEIL_V543/RaspberryPi/RP2xxx_DFP/0.9.5/pico-sdk/src/rp2_common/hardware_pll/include
  D:/KEIL_V543/RaspberryPi/RP2xxx_DFP/0.9.5/pico-sdk/src/rp2_common/hardware_pwm/include
  D:/KEIL_V543/RaspberryPi/RP2xxx_DFP/0.9.5/pico-sdk/src/rp2_common/hardware_resets/include
  D:/KEIL_V543/RaspberryPi/RP2xxx_DFP/0.9.5/pico-sdk/src/rp2_common/hardware_spi/include
  D:/KEIL_V543/RaspberryPi/RP2xxx_DFP/0.9.5/pico-sdk/src/rp2_common/hardware_sync/include
  D:/KEIL_V543/RaspberryPi/RP2xxx_DFP/0.9.5/pico-sdk/src/rp2_common/hardware_timer/include
  D:/KEIL_V543/RaspberryPi/RP2xxx_DFP/0.9.5/pico-sdk/src/rp2_common/hardware_uart/include
  D:/KEIL_V543/RaspberryPi/RP2xxx_DFP/0.9.5/pico-sdk/src/rp2_common/hardware_watchdog/include
  D:/KEIL_V543/RaspberryPi/RP2xxx_DFP/0.9.5/pico-sdk/src/rp2_common/hardware_xosc/include
  D:/KEIL_V543/RaspberryPi/RP2xxx_DFP/0.9.5/pico-sdk/src/rp2_common/pico_bootrom/include
  D:/KEIL_V543/RaspberryPi/RP2xxx_DFP/0.9.5/pico-sdk/src/rp2_common/pico_double/include
  D:/KEIL_V543/RaspberryPi/RP2xxx_DFP/0.9.5/pico-sdk/src/rp2_common/pico_i2c_slave/include
  D:/KEIL_V543/RaspberryPi/RP2xxx_DFP/0.9.5/pico-sdk/src/rp2_common/pico_multicore/include
  D:/KEIL_V543/RaspberryPi/RP2xxx_DFP/0.9.5/pico-sdk/src/rp2_common/pico_platform/include
  D:/KEIL_V543/RaspberryPi/RP2xxx_DFP/0.9.5/pico-sdk/src/rp2_common/pico_printf/include
  D:/KEIL_V543/RaspberryPi/RP2xxx_DFP/0.9.5/pico-sdk/src/rp2_common/pico_rand/include
  D:/KEIL_V543/RaspberryPi/RP2xxx_DFP/0.9.5/pico-sdk/src/rp2_common/pico_runtime/include
  D:/KEIL_V543/RaspberryPi/RP2xxx_DFP/0.9.5/pico-sdk/src/rp2_common/pico_stdio/include
  D:/KEIL_V543/RaspberryPi/RP2xxx_DFP/0.9.5/pico-sdk/src/rp2_common/pico_stdio_semihosting/include
  D:/KEIL_V543/RaspberryPi/RP2xxx_DFP/0.9.5/pico-sdk/src/rp2_common/pico_stdio_uart/include
  D:/KEIL_V543/RaspberryPi/RP2xxx_DFP/0.9.5/pico-sdk/src/rp2_common/pico_stdio_usb/include
  D:/KEIL_V543/RaspberryPi/RP2xxx_DFP/0.9.5/pico-sdk/src/rp2_common/pico_unique_id/include

<h2>Collection of Component Files used:</h2>

   * Component: ARM::CMSIS:CORE@6.1.1

   * Component: Keil::Compiler&ARM Compiler:Event Recorder&DAP@1.5.1
      Include file:  Config/EventRecorderConf.h
      Include file:  Include/EventRecorder.h
      Source file:   Source/EventRecorder.c

   * Component: Keil::Compiler&ARM Compiler:I/O:STDOUT&EVR@1.2.0
      Source file:   Source/retarget_io.c

   * Component: RaspberryPi::Device:Pico Board&Pico@1.5.1

   * Component: RaspberryPi::Device:Pico SDK@1.5.1
      Source file:   pico-sdk/src/rp2_common/hardware_divider/divider.S
      Source file:   pico-sdk/src/rp2_common/pico_rand/rand.c
      Source file:   pico-sdk/src/rp2_common/pico_bootrom/bootrom.c
      Source file:   pico-sdk/src/rp2_common/pico_unique_id/unique_id.c
      Source file:   pico-sdk/src/rp2_common/pico_multicore/multicore.c
      Source file:   pico-sdk/src/rp2_common/pico_runtime/runtime.c
      Source file:   __wrapper/stdio.c
      Source file:   pico-sdk/src/common/pico_util/pheap.c
      Source file:   pico-sdk/src/common/pico_time/timeout_helper.c
      Source file:   pico-sdk/src/common/pico_util/datetime.c
      Source file:   pico-sdk/src/rp2_common/hardware_watchdog/watchdog.c
      Source file:   __wrapper/env_wrapper.c
      Source file:   pico-sdk/src/common/pico_sync/sem.c
      Source file:   pico-sdk/src/host/pico_stdlib/stdlib.c
      Source file:   pico-sdk/src/rp2_common/hardware_pll/pll.c
      Source file:   pico-sdk/src/common/pico_sync/critical_section.c
      Source file:   pico-sdk/src/common/pico_util/queue.c
      Source file:   pico-sdk/src/rp2_common/hardware_xosc/xosc.c
      Source file:   pico-sdk/src/common/pico_sync/lock_core.c
      Source file:   pico-sdk/src/common/pico_sync/mutex.c
      Source file:   pico-sdk/src/common/pico_time/time.c
      Source file:   pico-sdk/src/rp2_common/pico_platform/platform.c
      Source file:   pico-sdk/src/rp2_common/hardware_flash/flash.c
      Source file:   pico-sdk/src/rp2_common/hardware_gpio/gpio.c
      Source file:   pico-sdk/src/rp2_common/hardware_sync/sync.c
      Source file:   pico-sdk/src/rp2_common/hardware_clocks/clocks.c
      Source file:   pico-sdk/src/rp2_common/hardware_dma/dma.c
      Source file:   pico-sdk/src/rp2_common/hardware_timer/timer.c
      Source file:   pico-sdk/src/rp2_common/hardware_claim/claim.c
      Source file:   pico-sdk/src/rp2_common/hardware_spi/spi.c
      Source file:   pico-sdk/src/rp2_common/pico_i2c_slave/i2c_slave.c
      Source file:   pico-sdk/src/rp2_common/hardware_uart/uart.c
      Source file:   pico-sdk/src/rp2_common/hardware_adc/adc.c
      Source file:   pico-sdk/src/rp2_common/hardware_interp/interp.c
      Source file:   pico-sdk/src/rp2_common/hardware_irq/irq.c
      Source file:   pico-sdk/src/rp2_common/hardware_i2c/i2c.c
      Source file:   pico-sdk/src/rp2_common/hardware_irq/irq_handler_chain.S
      Source file:   pico-sdk/src/rp2_common/hardware_pio/pio.c

   * Component: RaspberryPi::Device:Startup&C Startup@1.1.0
      Source file:   CMSIS/Device/RP2040/Source/system_rp2040.c
      Include file:  CMSIS/Device/RP2040/Include/rp2040.h
      Source file:   pico-sdk/src/rp2_common/boot_stage2/compile_time_choice.S
      Source file:   CMSIS/Device/RP2040/Source/startup_rp2040.c
Build Time Elapsed:  00:00:02
</pre>
</body>
</html>
